Archive member included to satisfy reference by file (symbol)

C:/ST/STM32CubeIDE_1.13.1/STM32CubeIDE/plugins/com.st.stm32cube.ide.mcu.externaltools.gnu-tools-for-stm32.11.3.rel1.win32_1.1.0.202305231506/tools/bin/../lib/gcc/arm-none-eabi/11.3.1/../../../../arm-none-eabi/lib/thumb/v7-m/nofp\libc_nano.a(libc_a-exit.o)
                              C:/ST/STM32CubeIDE_1.13.1/STM32CubeIDE/plugins/com.st.stm32cube.ide.mcu.externaltools.gnu-tools-for-stm32.11.3.rel1.win32_1.1.0.202305231506/tools/bin/../lib/gcc/arm-none-eabi/11.3.1/../../../../arm-none-eabi/lib/thumb/v7-m/nofp/crt0.o (exit)
C:/ST/STM32CubeIDE_1.13.1/STM32CubeIDE/plugins/com.st.stm32cube.ide.mcu.externaltools.gnu-tools-for-stm32.11.3.rel1.win32_1.1.0.202305231506/tools/bin/../lib/gcc/arm-none-eabi/11.3.1/../../../../arm-none-eabi/lib/thumb/v7-m/nofp\libc_nano.a(libc_a-findfp.o)
                              C:/ST/STM32CubeIDE_1.13.1/STM32CubeIDE/plugins/com.st.stm32cube.ide.mcu.externaltools.gnu-tools-for-stm32.11.3.rel1.win32_1.1.0.202305231506/tools/bin/../lib/gcc/arm-none-eabi/11.3.1/../../../../arm-none-eabi/lib/thumb/v7-m/nofp\libc_nano.a(libc_a-exit.o) (__stdio_exit_handler)
C:/ST/STM32CubeIDE_1.13.1/STM32CubeIDE/plugins/com.st.stm32cube.ide.mcu.externaltools.gnu-tools-for-stm32.11.3.rel1.win32_1.1.0.202305231506/tools/bin/../lib/gcc/arm-none-eabi/11.3.1/../../../../arm-none-eabi/lib/thumb/v7-m/nofp\libc_nano.a(libc_a-fwalk.o)
                              C:/ST/STM32CubeIDE_1.13.1/STM32CubeIDE/plugins/com.st.stm32cube.ide.mcu.externaltools.gnu-tools-for-stm32.11.3.rel1.win32_1.1.0.202305231506/tools/bin/../lib/gcc/arm-none-eabi/11.3.1/../../../../arm-none-eabi/lib/thumb/v7-m/nofp\libc_nano.a(libc_a-findfp.o) (_fwalk_sglue)
C:/ST/STM32CubeIDE_1.13.1/STM32CubeIDE/plugins/com.st.stm32cube.ide.mcu.externaltools.gnu-tools-for-stm32.11.3.rel1.win32_1.1.0.202305231506/tools/bin/../lib/gcc/arm-none-eabi/11.3.1/../../../../arm-none-eabi/lib/thumb/v7-m/nofp\libc_nano.a(libc_a-stdio.o)
                              C:/ST/STM32CubeIDE_1.13.1/STM32CubeIDE/plugins/com.st.stm32cube.ide.mcu.externaltools.gnu-tools-for-stm32.11.3.rel1.win32_1.1.0.202305231506/tools/bin/../lib/gcc/arm-none-eabi/11.3.1/../../../../arm-none-eabi/lib/thumb/v7-m/nofp\libc_nano.a(libc_a-findfp.o) (__sread)
C:/ST/STM32CubeIDE_1.13.1/STM32CubeIDE/plugins/com.st.stm32cube.ide.mcu.externaltools.gnu-tools-for-stm32.11.3.rel1.win32_1.1.0.202305231506/tools/bin/../lib/gcc/arm-none-eabi/11.3.1/../../../../arm-none-eabi/lib/thumb/v7-m/nofp\libc_nano.a(libc_a-memset.o)
                              C:/ST/STM32CubeIDE_1.13.1/STM32CubeIDE/plugins/com.st.stm32cube.ide.mcu.externaltools.gnu-tools-for-stm32.11.3.rel1.win32_1.1.0.202305231506/tools/bin/../lib/gcc/arm-none-eabi/11.3.1/../../../../arm-none-eabi/lib/thumb/v7-m/nofp/crt0.o (memset)
C:/ST/STM32CubeIDE_1.13.1/STM32CubeIDE/plugins/com.st.stm32cube.ide.mcu.externaltools.gnu-tools-for-stm32.11.3.rel1.win32_1.1.0.202305231506/tools/bin/../lib/gcc/arm-none-eabi/11.3.1/../../../../arm-none-eabi/lib/thumb/v7-m/nofp\libc_nano.a(libc_a-closer.o)
                              C:/ST/STM32CubeIDE_1.13.1/STM32CubeIDE/plugins/com.st.stm32cube.ide.mcu.externaltools.gnu-tools-for-stm32.11.3.rel1.win32_1.1.0.202305231506/tools/bin/../lib/gcc/arm-none-eabi/11.3.1/../../../../arm-none-eabi/lib/thumb/v7-m/nofp\libc_nano.a(libc_a-stdio.o) (_close_r)
C:/ST/STM32CubeIDE_1.13.1/STM32CubeIDE/plugins/com.st.stm32cube.ide.mcu.externaltools.gnu-tools-for-stm32.11.3.rel1.win32_1.1.0.202305231506/tools/bin/../lib/gcc/arm-none-eabi/11.3.1/../../../../arm-none-eabi/lib/thumb/v7-m/nofp\libc_nano.a(libc_a-reent.o)
                              C:/ST/STM32CubeIDE_1.13.1/STM32CubeIDE/plugins/com.st.stm32cube.ide.mcu.externaltools.gnu-tools-for-stm32.11.3.rel1.win32_1.1.0.202305231506/tools/bin/../lib/gcc/arm-none-eabi/11.3.1/../../../../arm-none-eabi/lib/thumb/v7-m/nofp\libc_nano.a(libc_a-closer.o) (errno)
C:/ST/STM32CubeIDE_1.13.1/STM32CubeIDE/plugins/com.st.stm32cube.ide.mcu.externaltools.gnu-tools-for-stm32.11.3.rel1.win32_1.1.0.202305231506/tools/bin/../lib/gcc/arm-none-eabi/11.3.1/../../../../arm-none-eabi/lib/thumb/v7-m/nofp\libc_nano.a(libc_a-impure.o)
                              C:/ST/STM32CubeIDE_1.13.1/STM32CubeIDE/plugins/com.st.stm32cube.ide.mcu.externaltools.gnu-tools-for-stm32.11.3.rel1.win32_1.1.0.202305231506/tools/bin/../lib/gcc/arm-none-eabi/11.3.1/../../../../arm-none-eabi/lib/thumb/v7-m/nofp\libc_nano.a(libc_a-reent.o) (_impure_ptr)
C:/ST/STM32CubeIDE_1.13.1/STM32CubeIDE/plugins/com.st.stm32cube.ide.mcu.externaltools.gnu-tools-for-stm32.11.3.rel1.win32_1.1.0.202305231506/tools/bin/../lib/gcc/arm-none-eabi/11.3.1/../../../../arm-none-eabi/lib/thumb/v7-m/nofp\libc_nano.a(libc_a-lseekr.o)
[...]
Memory Configuration

Name             Origin             Length             Attributes
RAM              0x0000000020000000 0x0000000000005000 xrw
FLASH            0x0000000008000000 0x0000000000010000 xr
*default*        0x0000000000000000 0xffffffffffffffff

Linker script and memory map

LOAD C:/ST/STM32CubeIDE_1.13.1/STM32CubeIDE/plugins/com.st.stm32cube.ide.mcu.externaltools.gnu-tools-for-stm32.11.3.rel1.win32_1.1.0.202305231506/tools/bin/../lib/gcc/arm-none-eabi/11.3.1/thumb/v7-m/nofp/crti.o
LOAD C:/ST/STM32CubeIDE_1.13.1/STM32CubeIDE/plugins/com.st.stm32cube.ide.mcu.externaltools.gnu-tools-for-stm32.11.3.rel1.win32_1.1.0.202305231506/tools/bin/../lib/gcc/arm-none-eabi/11.3.1/thumb/v7-m/nofp/crtbegin.o
LOAD C:/ST/STM32CubeIDE_1.13.1/STM32CubeIDE/plugins/com.st.stm32cube.ide.mcu.externaltools.gnu-tools-for-stm32.11.3.rel1.win32_1.1.0.202305231506/tools/bin/../lib/gcc/arm-none-eabi/11.3.1/../../../../arm-none-eabi/lib/thumb/v7-m/nofp/crt0.o
LOAD ./Core/Src/main.o
LOAD ./Core/Src/stm32f1xx_hal_msp.o
LOAD ./Core/Src/stm32f1xx_hal_timebase_tim.o
LOAD ./Core/Src/stm32f1xx_it.o
LOAD ./Core/Src/syscalls.o
LOAD ./Core/Src/sysmem.o
LOAD ./Core/Src/system_stm32f1xx.o
LOAD ./Core/Startup/startup_stm32f103c8tx.o
LOAD ./Drivers/STM32F1xx_HAL_Driver/Src/stm32f1xx_hal.o
LOAD ./Drivers/STM32F1xx_HAL_Driver/Src/stm32f1xx_hal_cortex.o
LOAD ./Drivers/STM32F1xx_HAL_Driver/Src/stm32f1xx_hal_dma.o
LOAD ./Drivers/STM32F1xx_HAL_Driver/Src/stm32f1xx_hal_exti.o
LOAD ./Drivers/STM32F1xx_HAL_Driver/Src/stm32f1xx_hal_flash.o
LOAD ./Drivers/STM32F1xx_HAL_Driver/Src/stm32f1xx_hal_flash_ex.o
LOAD ./Drivers/STM32F1xx_HAL_Driver/Src/stm32f1xx_hal_gpio.o
LOAD ./Drivers/STM32F1xx_HAL_Driver/Src/stm32f1xx_hal_gpio_ex.o
LOAD ./Drivers/STM32F1xx_HAL_Driver/Src/stm32f1xx_hal_pwr.o
LOAD ./Drivers/STM32F1xx_HAL_Driver/Src/stm32f1xx_hal_rcc.o
LOAD ./Drivers/STM32F1xx_HAL_Driver/Src/stm32f1xx_hal_rcc_ex.o
LOAD ./Drivers/STM32F1xx_HAL_Driver/Src/stm32f1xx_hal_tim.o
LOAD ./Drivers/STM32F1xx_HAL_Driver/Src/stm32f1xx_hal_tim_ex.o
LOAD ./Third_Party/FreeRTOS/croutine.o
LOAD ./Third_Party/FreeRTOS/event_groups.o
LOAD ./Third_Party/FreeRTOS/list.o
LOAD ./Third_Party/FreeRTOS/queue.o
LOAD ./Third_Party/FreeRTOS/stream_buffer.o
LOAD ./Third_Party/FreeRTOS/tasks.o
LOAD ./Third_Party/FreeRTOS/timers.o
LOAD ./Third_Party/FreeRTOS/portable/GCC/ARM_CM3/port.o
LOAD ./Third_Party/FreeRTOS/portable/MemMang/heap_4.o
START GROUP
LOAD C:/ST/STM32CubeIDE_1.13.1/STM32CubeIDE/plugins/com.st.stm32cube.ide.mcu.externaltools.gnu-tools-for-stm32.11.3.rel1.win32_1.1.0.202305231506/tools/bin/../lib/gcc/arm-none-eabi/11.3.1/../../../../arm-none-eabi/lib/thumb/v7-m/nofp\libc_nano.a
LOAD C:/ST/STM32CubeIDE_1.13.1/STM32CubeIDE/plugins/com.st.stm32cube.ide.mcu.externaltools.gnu-tools-for-stm32.11.3.rel1.win32_1.1.0.202305231506/tools/bin/../lib/gcc/arm-none-eabi/11.3.1/../../../../arm-none-eabi/lib/thumb/v7-m/nofp\libm.a
END GROUP
START GROUP
LOAD C:/ST/STM32CubeIDE_1.13.1/STM32CubeIDE/plugins/com.st.stm32cube.ide.mcu.externaltools.gnu-tools-for-stm32.11.3.rel1.win32_1.1.0.202305231506/tools/bin/../lib/gcc/arm-none-eabi/11.3.1/thumb/v7-m/nofp\libgcc.a
LOAD C:/ST/STM32CubeIDE_1.13.1/STM32CubeIDE/plugins/com.st.stm32cube.ide.mcu.externaltools.gnu-tools-for-stm32.11.3.rel1.win32_1.1.0.202305231506/tools/bin/../lib/gcc/arm-none-eabi/11.3.1/../../../../arm-none-eabi/lib/thumb/v7-m/nofp\libg_nano.a
LOAD C:/ST/STM32CubeIDE_1.13.1/STM32CubeIDE/plugins/com.st.stm32cube.ide.mcu.externaltools.gnu-tools-for-stm32.11.3.rel1.win32_1.1.0.202305231506/tools/bin/../lib/gcc/arm-none-eabi/11.3.1/../../../../arm-none-eabi/lib/thumb/v7-m/nofp\libc_nano.a
END GROUP
START GROUP
LOAD C:/ST/STM32CubeIDE_1.13.1/STM32CubeIDE/plugins/com.st.stm32cube.ide.mcu.externaltools.gnu-tools-for-stm32.11.3.rel1.win32_1.1.0.202305231506/tools/bin/../lib/gcc/arm-none-eabi/11.3.1/thumb/v7-m/nofp\libgcc.a
LOAD C:/ST/STM32CubeIDE_1.13.1/STM32CubeIDE/plugins/com.st.stm32cube.ide.mcu.externaltools.gnu-tools-for-stm32.11.3.rel1.win32_1.1.0.202305231506/tools/bin/../lib/gcc/arm-none-eabi/11.3.1/../../../../arm-none-eabi/lib/thumb/v7-m/nofp\libc_nano.a
LOAD C:/ST/STM32CubeIDE_1.13.1/STM32CubeIDE/plugins/com.st.stm32cube.ide.mcu.externaltools.gnu-tools-for-stm32.11.3.rel1.win32_1.1.0.202305231506/tools/bin/../lib/gcc/arm-none-eabi/11.3.1/../../../../arm-none-eabi/lib/thumb/v7-m/nofp\libnosys.a
END GROUP
START GROUP
LOAD C:/ST/STM32CubeIDE_1.13.1/STM32CubeIDE/plugins/com.st.stm32cube.ide.mcu.externaltools.gnu-tools-for-stm32.11.3.rel1.win32_1.1.0.202305231506/tools/bin/../lib/gcc/arm-none-eabi/11.3.1/thumb/v7-m/nofp\libgcc.a
LOAD C:/ST/STM32CubeIDE_1.13.1/STM32CubeIDE/plugins/com.st.stm32cube.ide.mcu.externaltools.gnu-tools-for-stm32.11.3.rel1.win32_1.1.0.202305231506/tools/bin/../lib/gcc/arm-none-eabi/11.3.1/../../../../arm-none-eabi/lib/thumb/v7-m/nofp\libc_nano.a
LOAD C:/ST/STM32CubeIDE_1.13.1/STM32CubeIDE/plugins/com.st.stm32cube.ide.mcu.externaltools.gnu-tools-for-stm32.11.3.rel1.win32_1.1.0.202305231506/tools/bin/../lib/gcc/arm-none-eabi/11.3.1/../../../../arm-none-eabi/lib/thumb/v7-m/nofp\libnosys.a
END GROUP
LOAD C:/ST/STM32CubeIDE_1.13.1/STM32CubeIDE/plugins/com.st.stm32cube.ide.mcu.externaltools.gnu-tools-for-stm32.11.3.rel1.win32_1.1.0.202305231506/tools/bin/../lib/gcc/arm-none-eabi/11.3.1/thumb/v7-m/nofp/crtend.o
LOAD C:/ST/STM32CubeIDE_1.13.1/STM32CubeIDE/plugins/com.st.stm32cube.ide.mcu.externaltools.gnu-tools-for-stm32.11.3.rel1.win32_1.1.0.202305231506/tools/bin/../lib/gcc/arm-none-eabi/11.3.1/thumb/v7-m/nofp/crtn.o
                0x0000000020005000                _estack = (ORIGIN (RAM) + LENGTH (RAM))
                0x0000000000000200                _Min_Heap_Size = 0x200
                0x0000000000000400                _Min_Stack_Size = 0x400

.isr_vector     0x0000000008000000      0x10c
                0x0000000008000000                . = ALIGN (0x4)
 *(.isr_vector)
 .isr_vector    0x0000000008000000      0x10c ./Core/Startup/startup_stm32f103c8tx.o
                0x0000000008000000                g_pfnVectors
                0x000000000800010c                . = ALIGN (0x4)

.text           0x0000000008000110     0x3d80
                0x0000000008000110                . = ALIGN (0x4)
 *(.text)
 .text          0x0000000008000110       0x40 C:/ST/STM32CubeIDE_1.13.1/STM32CubeIDE/plugins/com.st.stm32cube.ide.mcu.externaltools.gnu-tools-for-stm32.11.3.rel1.win32_1.1.0.202305231506/tools/bin/../lib/gcc/arm-none-eabi/11.3.1/thumb/v7-m/nofp/crtbegin.o
 .text          0x0000000008000150       0x10 C:/ST/STM32CubeIDE_1.13.1/STM32CubeIDE/plugins/com.st.stm32cube.ide.mcu.externaltools.gnu-tools-for-stm32.11.3.rel1.win32_1.1.0.202305231506/tools/bin/../lib/gcc/arm-none-eabi/11.3.1/../../../../arm-none-eabi/lib/thumb/v7-m/nofp\libc_nano.a(libc_a-strlen.o)
                0x0000000008000150                strlen
 *(.text*)
 .text.switchPriority
                0x0000000008000160       0x74 ./Core/Src/main.o
                0x0000000008000160                switchPriority
 .text.Task_1_Handler
                0x00000000080001d4       0x34 ./Core/Src/main.o
                0x00000000080001d4                Task_1_Handler
 .text.Task_2_Handler
                0x0000000008000208       0x34 ./Core/Src/main.o
                0x0000000008000208                Task_2_Handler
 .text.main     0x000000000800023c       0x58 ./Core/Src/main.o
                0x000000000800023c                main
 .text.SystemClock_Config
                0x0000000008000294       0x76 ./Core/Src/main.o
                0x0000000008000294                SystemClock_Config
 *fill*         0x000000000800030a        0x2 
 .text.MX_GPIO_Init
                0x000000000800030c       0x90 ./Core/Src/main.o
 .text.HAL_TIM_PeriodElapsedCallback
                0x000000000800039c       0x1e ./Core/Src/main.o
                0x000000000800039c                HAL_TIM_PeriodElapsedCallback
 .text.Error_Handler
                0x00000000080003ba        0xa ./Core/Src/main.o
                0x00000000080003ba                Error_Handler
 .text.HAL_MspInit
                0x00000000080003c4       0x64 ./Core/Src/stm32f1xx_hal_msp.o
                0x00000000080003c4                HAL_MspInit
 .text.HAL_InitTick
                0x0000000008000428       0xf8 ./Core/Src/stm32f1xx_hal_timebase_tim.o
                0x0000000008000428                HAL_InitTick
 .text.NMI_Handler
                0x0000000008000520        0x6 ./Core/Src/stm32f1xx_it.o
                0x0000000008000520                NMI_Handler
 .text.HardFault_Handler
                0x0000000008000526        0x6 ./Core/Src/stm32f1xx_it.o
                0x0000000008000526                HardFault_Handler
 .text.MemManage_Handler
                0x000000000800052c        0x6 ./Core/Src/stm32f1xx_it.o
                0x000000000800052c                MemManage_Handler
 .text.BusFault_Handler
                0x0000000008000532        0x6 ./Core/Src/stm32f1xx_it.o
                0x0000000008000532                BusFault_Handler
 .text.UsageFault_Handler
                0x0000000008000538        0x6 ./Core/Src/stm32f1xx_it.o
                0x0000000008000538                UsageFault_Handler
 .text.DebugMon_Handler
                0x000000000800053e        0xc ./Core/Src/stm32f1xx_it.o
                0x000000000800053e                DebugMon_Handler
 *fill*         0x000000000800054a        0x2 
 .text.EXTI3_IRQHandler
                0x000000000800054c       0x18 ./Core/Src/stm32f1xx_it.o
                0x000000000800054c                EXTI3_IRQHandler
 .text.TIM2_IRQHandler
                0x0000000008000564       0x14 ./Core/Src/stm32f1xx_it.o
                0x0000000008000564                TIM2_IRQHandler
 .text.SystemInit
                0x0000000008000578        0xc ./Core/Src/system_stm32f1xx.o
                0x0000000008000578                SystemInit
 .text.Reset_Handler
                0x0000000008000584       0x48 ./Core/Startup/startup_stm32f103c8tx.o
                0x0000000008000584                Reset_Handler
 .text.Default_Handler
                0x00000000080005cc        0x2 ./Core/Startup/startup_stm32f103c8tx.o
                0x00000000080005cc                RTC_Alarm_IRQHandler
                0x00000000080005cc                EXTI2_IRQHandler
                0x00000000080005cc                TIM1_CC_IRQHandler
                0x00000000080005cc                PVD_IRQHandler
                0x00000000080005cc                EXTI0_IRQHandler
                0x00000000080005cc                I2C2_EV_IRQHandler
                0x00000000080005cc                ADC1_2_IRQHandler
                0x00000000080005cc                SPI1_IRQHandler
                0x00000000080005cc                TAMPER_IRQHandler
                0x00000000080005cc                DMA1_Channel4_IRQHandler
                0x00000000080005cc                USART3_IRQHandler
                0x00000000080005cc                RTC_IRQHandler
                0x00000000080005cc                DMA1_Channel7_IRQHandler
                0x00000000080005cc                CAN1_RX1_IRQHandler
                0x00000000080005cc                TIM4_IRQHandler
                0x00000000080005cc                I2C1_EV_IRQHandler
                0x00000000080005cc                DMA1_Channel6_IRQHandler
                0x00000000080005cc                TIM3_IRQHandler
                0x00000000080005cc                RCC_IRQHandler
                0x00000000080005cc                TIM1_TRG_COM_IRQHandler
                0x00000000080005cc                DMA1_Channel1_IRQHandler
                0x00000000080005cc                Default_Handler
                0x00000000080005cc                EXTI15_10_IRQHandler
                0x00000000080005cc                EXTI9_5_IRQHandler
                0x00000000080005cc                SPI2_IRQHandler
                0x00000000080005cc                DMA1_Channel5_IRQHandler
                0x00000000080005cc                EXTI4_IRQHandler
                0x00000000080005cc                USB_LP_CAN1_RX0_IRQHandler
                0x00000000080005cc                USB_HP_CAN1_TX_IRQHandler
                0x00000000080005cc                DMA1_Channel3_IRQHandler
                0x00000000080005cc                TIM1_UP_IRQHandler
                0x00000000080005cc                WWDG_IRQHandler
                0x00000000080005cc                TIM1_BRK_IRQHandler
                0x00000000080005cc                EXTI1_IRQHandler
                0x00000000080005cc                USART2_IRQHandler
                0x00000000080005cc                I2C2_ER_IRQHandler
                0x00000000080005cc                DMA1_Channel2_IRQHandler
                0x00000000080005cc                CAN1_SCE_IRQHandler
                0x00000000080005cc                FLASH_IRQHandler
                0x00000000080005cc                USART1_IRQHandler
                0x00000000080005cc                I2C1_ER_IRQHandler
                0x00000000080005cc                USBWakeUp_IRQHandler
 *fill*         0x00000000080005ce        0x2 
 .text.HAL_Init
                0x00000000080005d0       0x2c ./Drivers/STM32F1xx_HAL_Driver/Src/stm32f1xx_hal.o
                0x00000000080005d0                HAL_Init
 .text.HAL_IncTick
                0x00000000080005fc       0x24 ./Drivers/STM32F1xx_HAL_Driver/Src/stm32f1xx_hal.o
                0x00000000080005fc                HAL_IncTick
 .text.HAL_GetTick
                0x0000000008000620       0x14 ./Drivers/STM32F1xx_HAL_Driver/Src/stm32f1xx_hal.o
                0x0000000008000620                HAL_GetTick
 .text.HAL_Delay
                0x0000000008000634       0x48 ./Drivers/STM32F1xx_HAL_Driver/Src/stm32f1xx_hal.o
                0x0000000008000634                HAL_Delay
 .text.__NVIC_SetPriorityGrouping
                0x000000000800067c       0x48 ./Drivers/STM32F1xx_HAL_Driver/Src/stm32f1xx_hal_cortex.o
 .text.__NVIC_GetPriorityGrouping
                0x00000000080006c4       0x1c ./Drivers/STM32F1xx_HAL_Driver/Src/stm32f1xx_hal_cortex.o
 .text.__NVIC_EnableIRQ
                0x00000000080006e0       0x38 ./Drivers/STM32F1xx_HAL_Driver/Src/stm32f1xx_hal_cortex.o
 .text.__NVIC_SetPriority
                0x0000000008000718       0x54 ./Drivers/STM32F1xx_HAL_Driver/Src/stm32f1xx_hal_cortex.o
 .text.NVIC_EncodePriority
                0x000000000800076c       0x64 ./Drivers/STM32F1xx_HAL_Driver/Src/stm32f1xx_hal_cortex.o
 .text.HAL_NVIC_SetPriorityGrouping
                0x00000000080007d0       0x16 ./Drivers/STM32F1xx_HAL_Driver/Src/stm32f1xx_hal_cortex.o
                0x00000000080007d0                HAL_NVIC_SetPriorityGrouping
 .text.HAL_NVIC_SetPriority
                0x00000000080007e6       0x38 ./Drivers/STM32F1xx_HAL_Driver/Src/stm32f1xx_hal_cortex.o
                0x00000000080007e6                HAL_NVIC_SetPriority
 .text.HAL_NVIC_EnableIRQ
                0x000000000800081e       0x1c ./Drivers/STM32F1xx_HAL_Driver/Src/stm32f1xx_hal_cortex.o
                0x000000000800081e                HAL_NVIC_EnableIRQ
 *fill*         0x000000000800083a        0x2 
 .text.HAL_GPIO_Init
                0x000000000800083c      0x308 ./Drivers/STM32F1xx_HAL_Driver/Src/stm32f1xx_hal_gpio.o
                0x000000000800083c                HAL_GPIO_Init
 .text.HAL_GPIO_WritePin
                0x0000000008000b44       0x30 ./Drivers/STM32F1xx_HAL_Driver/Src/stm32f1xx_hal_gpio.o
                0x0000000008000b44                HAL_GPIO_WritePin
 .text.HAL_GPIO_TogglePin
                0x0000000008000b74       0x32 ./Drivers/STM32F1xx_HAL_Driver/Src/stm32f1xx_hal_gpio.o
                0x0000000008000b74                HAL_GPIO_TogglePin
 *fill*         0x0000000008000ba6        0x2 
 .text.HAL_GPIO_EXTI_IRQHandler
                0x0000000008000ba8       0x30 ./Drivers/STM32F1xx_HAL_Driver/Src/stm32f1xx_hal_gpio.o
                0x0000000008000ba8                HAL_GPIO_EXTI_IRQHandler
 .text.HAL_GPIO_EXTI_Callback
                0x0000000008000bd8       0x14 ./Drivers/STM32F1xx_HAL_Driver/Src/stm32f1xx_hal_gpio.o
                0x0000000008000bd8                HAL_GPIO_EXTI_Callback
 .text.HAL_RCC_OscConfig
                0x0000000008000bec      0x504 ./Drivers/STM32F1xx_HAL_Driver/Src/stm32f1xx_hal_rcc.o
                0x0000000008000bec                HAL_RCC_OscConfig
 .text.HAL_RCC_ClockConfig
                0x00000000080010f0      0x1d4 ./Drivers/STM32F1xx_HAL_Driver/Src/stm32f1xx_hal_rcc.o
                0x00000000080010f0                HAL_RCC_ClockConfig
 .text.HAL_RCC_GetSysClockFreq
                0x00000000080012c4       0xa8 ./Drivers/STM32F1xx_HAL_Driver/Src/stm32f1xx_hal_rcc.o
                0x00000000080012c4                HAL_RCC_GetSysClockFreq
 .text.HAL_RCC_GetHCLKFreq
                0x000000000800136c       0x14 ./Drivers/STM32F1xx_HAL_Driver/Src/stm32f1xx_hal_rcc.o
                0x000000000800136c                HAL_RCC_GetHCLKFreq
 .text.HAL_RCC_GetPCLK1Freq
                0x0000000008001380       0x28 ./Drivers/STM32F1xx_HAL_Driver/Src/stm32f1xx_hal_rcc.o
                0x0000000008001380                HAL_RCC_GetPCLK1Freq
 .text.HAL_RCC_GetClockConfig
                0x00000000080013a8       0x60 ./Drivers/STM32F1xx_HAL_Driver/Src/stm32f1xx_hal_rcc.o
                0x00000000080013a8                HAL_RCC_GetClockConfig
 .text.RCC_Delay
                0x0000000008001408       0x3c ./Drivers/STM32F1xx_HAL_Driver/Src/stm32f1xx_hal_rcc.o
 .text.HAL_TIM_Base_Init
                0x0000000008001444       0x9e ./Drivers/STM32F1xx_HAL_Driver/Src/stm32f1xx_hal_tim.o
                0x0000000008001444                HAL_TIM_Base_Init
 .text.HAL_TIM_Base_MspInit
                0x00000000080014e2       0x12 ./Drivers/STM32F1xx_HAL_Driver/Src/stm32f1xx_hal_tim.o
                0x00000000080014e2                HAL_TIM_Base_MspInit
 .text.HAL_TIM_Base_Start_IT
                0x00000000080014f4       0xa4 ./Drivers/STM32F1xx_HAL_Driver/Src/stm32f1xx_hal_tim.o
                0x00000000080014f4                HAL_TIM_Base_Start_IT
 .text.HAL_TIM_IRQHandler
                0x0000000008001598      0x210 ./Drivers/STM32F1xx_HAL_Driver/Src/stm32f1xx_hal_tim.o
                0x0000000008001598                HAL_TIM_IRQHandler
 .text.HAL_TIM_OC_DelayElapsedCallback
                0x00000000080017a8       0x12 ./Drivers/STM32F1xx_HAL_Driver/Src/stm32f1xx_hal_tim.o
                0x00000000080017a8                HAL_TIM_OC_DelayElapsedCallback
 .text.HAL_TIM_IC_CaptureCallback
                0x00000000080017ba       0x12 ./Drivers/STM32F1xx_HAL_Driver/Src/stm32f1xx_hal_tim.o
                0x00000000080017ba                HAL_TIM_IC_CaptureCallback
 .text.HAL_TIM_PWM_PulseFinishedCallback
                0x00000000080017cc       0x12 ./Drivers/STM32F1xx_HAL_Driver/Src/stm32f1xx_hal_tim.o
                0x00000000080017cc                HAL_TIM_PWM_PulseFinishedCallback
 .text.HAL_TIM_TriggerCallback
                0x00000000080017de       0x12 ./Drivers/STM32F1xx_HAL_Driver/Src/stm32f1xx_hal_tim.o
                0x00000000080017de                HAL_TIM_TriggerCallback
 .text.TIM_Base_SetConfig
                0x00000000080017f0       0xc4 ./Drivers/STM32F1xx_HAL_Driver/Src/stm32f1xx_hal_tim.o
                0x00000000080017f0                TIM_Base_SetConfig
 .text.HAL_TIMEx_CommutCallback
                0x00000000080018b4       0x12 ./Drivers/STM32F1xx_HAL_Driver/Src/stm32f1xx_hal_tim_ex.o
                0x00000000080018b4                HAL_TIMEx_CommutCallback
 .text.HAL_TIMEx_BreakCallback
                0x00000000080018c6       0x12 ./Drivers/STM32F1xx_HAL_Driver/Src/stm32f1xx_hal_tim_ex.o
                0x00000000080018c6                HAL_TIMEx_BreakCallback
 .text.vListInitialise
                0x00000000080018d8       0x3e ./Third_Party/FreeRTOS/list.o
                0x00000000080018d8                vListInitialise
 .text.vListInitialiseItem
                0x0000000008001916       0x18 ./Third_Party/FreeRTOS/list.o
                0x0000000008001916                vListInitialiseItem
 .text.vListInsert
                0x000000000800192e       0x70 ./Third_Party/FreeRTOS/list.o
                0x000000000800192e                vListInsert
 .text.uxListRemove
                0x000000000800199e       0x52 ./Third_Party/FreeRTOS/list.o
                0x000000000800199e                uxListRemove
 .text.xQueueGenericReset
                0x00000000080019f0      0x120 ./Third_Party/FreeRTOS/queue.o
                0x00000000080019f0                xQueueGenericReset
 .text.xQueueGenericCreate
                0x0000000008001b10       0x9c ./Third_Party/FreeRTOS/queue.o
                0x0000000008001b10                xQueueGenericCreate
 .text.prvInitialiseNewQueue
                0x0000000008001bac       0x46 ./Third_Party/FreeRTOS/queue.o
 *fill*         0x0000000008001bf2        0x2 
 .text.xQueueReceive
                0x0000000008001bf4      0x1c0 ./Third_Party/FreeRTOS/queue.o
                0x0000000008001bf4                xQueueReceive
 .text.prvCopyDataFromQueue
                0x0000000008001db4       0x4c ./Third_Party/FreeRTOS/queue.o
 .text.prvUnlockQueue
                0x0000000008001e00       0xa4 ./Third_Party/FreeRTOS/queue.o
 .text.prvIsQueueEmpty
                0x0000000008001ea4       0x2c ./Third_Party/FreeRTOS/queue.o
 .text.vQueueAddToRegistry
                0x0000000008001ed0       0x9c ./Third_Party/FreeRTOS/queue.o
                0x0000000008001ed0                vQueueAddToRegistry
 .text.vQueueWaitForMessageRestricted
                0x0000000008001f6c       0x68 ./Third_Party/FreeRTOS/queue.o
                0x0000000008001f6c                vQueueWaitForMessageRestricted
 .text.xTaskCreate
                0x0000000008001fd4       0x8c ./Third_Party/FreeRTOS/tasks.o
                0x0000000008001fd4                xTaskCreate
 .text.prvInitialiseNewTask
                0x0000000008002060      0x11c ./Third_Party/FreeRTOS/tasks.o
 .text.prvAddNewTaskToReadyList
                0x000000000800217c      0x12c ./Third_Party/FreeRTOS/tasks.o
 .text.uxTaskPriorityGet
                0x00000000080022a8       0x34 ./Third_Party/FreeRTOS/tasks.o
                0x00000000080022a8                uxTaskPriorityGet
 .text.vTaskPrioritySet
                0x00000000080022dc      0x1a4 ./Third_Party/FreeRTOS/tasks.o
                0x00000000080022dc                vTaskPrioritySet
 .text.vTaskStartScheduler
                0x0000000008002480       0xa4 ./Third_Party/FreeRTOS/tasks.o
                0x0000000008002480                vTaskStartScheduler
 .text.vTaskSuspendAll
                0x0000000008002524       0x1c ./Third_Party/FreeRTOS/tasks.o
                0x0000000008002524                vTaskSuspendAll
 .text.xTaskResumeAll
                0x0000000008002540      0x1f8 ./Third_Party/FreeRTOS/tasks.o
                0x0000000008002540                xTaskResumeAll
 .text.xTaskGetTickCount
                0x0000000008002738       0x1c ./Third_Party/FreeRTOS/tasks.o
                0x0000000008002738                xTaskGetTickCount
 .text.prvSearchForNameWithinSingleList
                0x0000000008002754       0xda ./Third_Party/FreeRTOS/tasks.o
 *fill*         0x000000000800282e        0x2 
 .text.xTaskGetHandle
                0x0000000008002830       0xcc ./Third_Party/FreeRTOS/tasks.o
                0x0000000008002830                xTaskGetHandle
 .text.xTaskIncrementTick
                0x00000000080028fc      0x22c ./Third_Party/FreeRTOS/tasks.o
                0x00000000080028fc                xTaskIncrementTick
 .text.vTaskSwitchContext
                0x0000000008002b28       0xb4 ./Third_Party/FreeRTOS/tasks.o
                0x0000000008002b28                vTaskSwitchContext
 .text.vTaskPlaceOnEventList
                0x0000000008002bdc       0x48 ./Third_Party/FreeRTOS/tasks.o
                0x0000000008002bdc                vTaskPlaceOnEventList
 .text.vTaskPlaceOnEventListRestricted
                0x0000000008002c24       0x8c ./Third_Party/FreeRTOS/tasks.o
                0x0000000008002c24                vTaskPlaceOnEventListRestricted
 .text.xTaskRemoveFromEventList
                0x0000000008002cb0      0x1ac ./Third_Party/FreeRTOS/tasks.o
                0x0000000008002cb0                xTaskRemoveFromEventList
 .text.vTaskInternalSetTimeOutState
                0x0000000008002e5c       0x2c ./Third_Party/FreeRTOS/tasks.o
                0x0000000008002e5c                vTaskInternalSetTimeOutState
 .text.xTaskCheckForTimeOut
                0x0000000008002e88       0xcc ./Third_Party/FreeRTOS/tasks.o
                0x0000000008002e88                xTaskCheckForTimeOut
 .text.vTaskMissedYield
                0x0000000008002f54       0x18 ./Third_Party/FreeRTOS/tasks.o
                0x0000000008002f54                vTaskMissedYield
 .text.prvIdleTask
                0x0000000008002f6c       0x30 ./Third_Party/FreeRTOS/tasks.o
 .text.prvInitialiseTaskLists
                0x0000000008002f9c       0x80 ./Third_Party/FreeRTOS/tasks.o
 .text.prvCheckTasksWaitingTermination
                0x000000000800301c       0x5c ./Third_Party/FreeRTOS/tasks.o
 .text.prvDeleteTCB
                0x0000000008003078       0x20 ./Third_Party/FreeRTOS/tasks.o
 .text.prvResetNextTaskUnblockTime
                0x0000000008003098       0x34 ./Third_Party/FreeRTOS/tasks.o
 .text.xTaskGetSchedulerState
                0x00000000080030cc       0x3c ./Third_Party/FreeRTOS/tasks.o
                0x00000000080030cc                xTaskGetSchedulerState
 .text.prvAddCurrentTaskToDelayedList
                0x0000000008003108      0x100 ./Third_Party/FreeRTOS/tasks.o
 .text.xTimerCreateTimerTask
                0x0000000008003208       0x64 ./Third_Party/FreeRTOS/timers.o
                0x0000000008003208                xTimerCreateTimerTask
 .text.prvReloadTimer
                0x000000000800326c       0x42 ./Third_Party/FreeRTOS/timers.o
 *fill*         0x00000000080032ae        0x2 
 .text.prvProcessExpiredTimer
                0x00000000080032b0       0x60 ./Third_Party/FreeRTOS/timers.o
 .text.prvTimerTask
                0x0000000008003310       0x24 ./Third_Party/FreeRTOS/timers.o
 .text.prvProcessTimerOrBlockTask
                0x0000000008003334       0x9c ./Third_Party/FreeRTOS/timers.o
 .text.prvGetNextExpireTime
                0x00000000080033d0       0x44 ./Third_Party/FreeRTOS/timers.o
 .text.prvSampleTimeNow
                0x0000000008003414       0x40 ./Third_Party/FreeRTOS/timers.o
 .text.prvInsertTimerInActiveList
                0x0000000008003454       0x84 ./Third_Party/FreeRTOS/timers.o
 .text.prvProcessReceivedCommands
                0x00000000080034d8      0x17c ./Third_Party/FreeRTOS/timers.o
 .text.prvSwitchTimerLists
                0x0000000008003654       0x4c ./Third_Party/FreeRTOS/timers.o
 .text.prvCheckForValidListAndQueue
                0x00000000080036a0       0x6c ./Third_Party/FreeRTOS/timers.o
 .text.pxPortInitialiseStack
                0x000000000800370c       0x58 ./Third_Party/FreeRTOS/portable/GCC/ARM_CM3/port.o
                0x000000000800370c                pxPortInitialiseStack
 .text.prvTaskExitError
                0x0000000008003764       0x58 ./Third_Party/FreeRTOS/portable/GCC/ARM_CM3/port.o
 *fill*         0x00000000080037bc        0x4 
 .text.SVC_Handler
                0x00000000080037c0       0x28 ./Third_Party/FreeRTOS/portable/GCC/ARM_CM3/port.o
                0x00000000080037c0                SVC_Handler
 .text.prvPortStartFirstTask
                0x00000000080037e8       0x24 ./Third_Party/FreeRTOS/portable/GCC/ARM_CM3/port.o
 .text.xPortStartScheduler
                0x000000000800380c       0xe4 ./Third_Party/FreeRTOS/portable/GCC/ARM_CM3/port.o
                0x000000000800380c                xPortStartScheduler
 .text.vPortEnterCritical
                0x00000000080038f0       0x60 ./Third_Party/FreeRTOS/portable/GCC/ARM_CM3/port.o
                0x00000000080038f0                vPortEnterCritical
 .text.vPortExitCritical
                0x0000000008003950       0x50 ./Third_Party/FreeRTOS/portable/GCC/ARM_CM3/port.o
                0x0000000008003950                vPortExitCritical
 .text.PendSV_Handler
                0x00000000080039a0       0x48 ./Third_Party/FreeRTOS/portable/GCC/ARM_CM3/port.o
                0x00000000080039a0                PendSV_Handler
 .text.SysTick_Handler
                0x00000000080039e8       0x44 ./Third_Party/FreeRTOS/portable/GCC/ARM_CM3/port.o
                0x00000000080039e8                SysTick_Handler
 .text.vPortSetupTimerInterrupt
                0x0000000008003a2c       0x44 ./Third_Party/FreeRTOS/portable/GCC/ARM_CM3/port.o
                0x0000000008003a2c                vPortSetupTimerInterrupt
 .text.pvPortMalloc
                0x0000000008003a70      0x174 ./Third_Party/FreeRTOS/portable/MemMang/heap_4.o
                0x0000000008003a70                pvPortMalloc
 .text.vPortFree
                0x0000000008003be4       0xb8 ./Third_Party/FreeRTOS/portable/MemMang/heap_4.o
                0x0000000008003be4                vPortFree
 .text.prvHeapInit
                0x0000000008003c9c       0xb8 ./Third_Party/FreeRTOS/portable/MemMang/heap_4.o
 .text.prvInsertBlockIntoFreeList
                0x0000000008003d54       0xb0 ./Third_Party/FreeRTOS/portable/MemMang/heap_4.o
 .text.memset   0x0000000008003e04       0x10 C:/ST/STM32CubeIDE_1.13.1/STM32CubeIDE/plugins/com.st.stm32cube.ide.mcu.externaltools.gnu-tools-for-stm32.11.3.rel1.win32_1.1.0.202305231506/tools/bin/../lib/gcc/arm-none-eabi/11.3.1/../../../../arm-none-eabi/lib/thumb/v7-m/nofp\libc_nano.a(libc_a-memset.o)
                0x0000000008003e04                memset
 .text.__libc_init_array
                0x0000000008003e14       0x48 C:/ST/STM32CubeIDE_1.13.1/STM32CubeIDE/plugins/com.st.stm32cube.ide.mcu.externaltools.gnu-tools-for-stm32.11.3.rel1.win32_1.1.0.202305231506/tools/bin/../lib/gcc/arm-none-eabi/11.3.1/../../../../arm-none-eabi/lib/thumb/v7-m/nofp\libc_nano.a(libc_a-init.o)
                0x0000000008003e14                __libc_init_array
 .text.memcpy   0x0000000008003e5c       0x1c C:/ST/STM32CubeIDE_1.13.1/STM32CubeIDE/plugins/com.st.stm32cube.ide.mcu.externaltools.gnu-tools-for-stm32.11.3.rel1.win32_1.1.0.202305231506/tools/bin/../lib/gcc/arm-none-eabi/11.3.1/../../../../arm-none-eabi/lib/thumb/v7-m/nofp\libc_nano.a(libc_a-memcpy-stub.o)
                0x0000000008003e5c                memcpy
 *(.glue_7)
 .glue_7        0x0000000008003e78        0x0 linker stubs
 *(.glue_7t)
 .glue_7t       0x0000000008003e78        0x0 linker stubs
 *(.eh_frame)
 .eh_frame      0x0000000008003e78        0x0 C:/ST/STM32CubeIDE_1.13.1/STM32CubeIDE/plugins/com.st.stm32cube.ide.mcu.externaltools.gnu-tools-for-stm32.11.3.rel1.win32_1.1.0.202305231506/tools/bin/../lib/gcc/arm-none-eabi/11.3.1/thumb/v7-m/nofp/crtbegin.o
 *(.init)
 .init          0x0000000008003e78        0x4 C:/ST/STM32CubeIDE_1.13.1/STM32CubeIDE/plugins/com.st.stm32cube.ide.mcu.externaltools.gnu-tools-for-stm32.11.3.rel1.win32_1.1.0.202305231506/tools/bin/../lib/gcc/arm-none-eabi/11.3.1/thumb/v7-m/nofp/crti.o
                0x0000000008003e78                _init
 .init          0x0000000008003e7c        0x8 C:/ST/STM32CubeIDE_1.13.1/STM32CubeIDE/plugins/com.st.stm32cube.ide.mcu.externaltools.gnu-tools-for-stm32.11.3.rel1.win32_1.1.0.202305231506/tools/bin/../lib/gcc/arm-none-eabi/11.3.1/thumb/v7-m/nofp/crtn.o
 *(.fini)
 .fini          0x0000000008003e84        0x4 C:/ST/STM32CubeIDE_1.13.1/STM32CubeIDE/plugins/com.st.stm32cube.ide.mcu.externaltools.gnu-tools-for-stm32.11.3.rel1.win32_1.1.0.202305231506/tools/bin/../lib/gcc/arm-none-eabi/11.3.1/thumb/v7-m/nofp/crti.o
                0x0000000008003e84                _fini
 .fini          0x0000000008003e88        0x8 C:/ST/STM32CubeIDE_1.13.1/STM32CubeIDE/plugins/com.st.stm32cube.ide.mcu.externaltools.gnu-tools-for-stm32.11.3.rel1.win32_1.1.0.202305231506/tools/bin/../lib/gcc/arm-none-eabi/11.3.1/thumb/v7-m/nofp/crtn.o
                0x0000000008003e90                . = ALIGN (0x4)
                0x0000000008003e90                _etext = .

.vfp11_veneer   0x0000000008003e90        0x0
 .vfp11_veneer  0x0000000008003e90        0x0 linker stubs

.v4_bx          0x0000000008003e90        0x0
 .v4_bx         0x0000000008003e90        0x0 linker stubs

.iplt           0x0000000008003e90        0x0
 .iplt          0x0000000008003e90        0x0 C:/ST/STM32CubeIDE_1.13.1/STM32CubeIDE/plugins/com.st.stm32cube.ide.mcu.externaltools.gnu-tools-for-stm32.11.3.rel1.win32_1.1.0.202305231506/tools/bin/../lib/gcc/arm-none-eabi/11.3.1/thumb/v7-m/nofp/crtbegin.o

.rodata         0x0000000008003e90       0x5c
                0x0000000008003e90                . = ALIGN (0x4)
 *(.rodata)
 .rodata        0x0000000008003e90       0x15 ./Core/Src/main.o
 *fill*         0x0000000008003ea5        0x3 
 .rodata        0x0000000008003ea8        0x5 ./Third_Party/FreeRTOS/tasks.o
 *fill*         0x0000000008003ead        0x3 
 .rodata        0x0000000008003eb0        0xd ./Third_Party/FreeRTOS/timers.o
 *(.rodata*)
 *fill*         0x0000000008003ebd        0x3 
 .rodata.AHBPrescTable
                0x0000000008003ec0       0x10 ./Core/Src/system_stm32f1xx.o
                0x0000000008003ec0                AHBPrescTable
 .rodata.APBPrescTable
                0x0000000008003ed0        0x8 ./Core/Src/system_stm32f1xx.o
                0x0000000008003ed0                APBPrescTable
 .rodata.aPLLMULFactorTable.1
                0x0000000008003ed8       0x10 ./Drivers/STM32F1xx_HAL_Driver/Src/stm32f1xx_hal_rcc.o
 .rodata.aPredivFactorTable.0
                0x0000000008003ee8        0x2 ./Drivers/STM32F1xx_HAL_Driver/Src/stm32f1xx_hal_rcc.o
                0x0000000008003eec                . = ALIGN (0x4)
 *fill*         0x0000000008003eea        0x2 

.rel.dyn        0x0000000008003eec        0x0
 .rel.iplt      0x0000000008003eec        0x0 C:/ST/STM32CubeIDE_1.13.1/STM32CubeIDE/plugins/com.st.stm32cube.ide.mcu.externaltools.gnu-tools-for-stm32.11.3.rel1.win32_1.1.0.202305231506/tools/bin/../lib/gcc/arm-none-eabi/11.3.1/thumb/v7-m/nofp/crtbegin.o

.ARM.extab      0x0000000008003eec        0x0
                0x0000000008003eec                . = ALIGN (0x4)
 *(.ARM.extab* .gnu.linkonce.armextab.*)
                0x0000000008003eec                . = ALIGN (0x4)

.ARM            0x0000000008003eec        0x0
                0x0000000008003eec                . = ALIGN (0x4)
                0x0000000008003eec                __exidx_start = .
 *(.ARM.exidx*)
                0x0000000008003eec                __exidx_end = .
                0x0000000008003eec                . = ALIGN (0x4)

.preinit_array  0x0000000008003eec        0x0
                0x0000000008003eec                . = ALIGN (0x4)
                0x0000000008003eec                PROVIDE (__preinit_array_start = .)
 *(.preinit_array*)
                0x0000000008003eec                PROVIDE (__preinit_array_end = .)
                0x0000000008003eec                . = ALIGN (0x4)

.init_array     0x0000000008003eec        0x4
                0x0000000008003eec                . = ALIGN (0x4)
                0x0000000008003eec                PROVIDE (__init_array_start = .)
 *(SORT_BY_NAME(.init_array.*))
 *(.init_array*)
 .init_array    0x0000000008003eec        0x4 C:/ST/STM32CubeIDE_1.13.1/STM32CubeIDE/plugins/com.st.stm32cube.ide.mcu.externaltools.gnu-tools-for-stm32.11.3.rel1.win32_1.1.0.202305231506/tools/bin/../lib/gcc/arm-none-eabi/11.3.1/thumb/v7-m/nofp/crtbegin.o
                0x0000000008003ef0                PROVIDE (__init_array_end = .)
                0x0000000008003ef0                . = ALIGN (0x4)

.fini_array     0x0000000008003ef0        0x4
                0x0000000008003ef0                . = ALIGN (0x4)
                [!provide]                        PROVIDE (__fini_array_start = .)
 *(SORT_BY_NAME(.fini_array.*))
 *(.fini_array*)
 .fini_array    0x0000000008003ef0        0x4 C:/ST/STM32CubeIDE_1.13.1/STM32CubeIDE/plugins/com.st.stm32cube.ide.mcu.externaltools.gnu-tools-for-stm32.11.3.rel1.win32_1.1.0.202305231506/tools/bin/../lib/gcc/arm-none-eabi/11.3.1/thumb/v7-m/nofp/crtbegin.o
                [!provide]                        PROVIDE (__fini_array_end = .)
                0x0000000008003ef4                . = ALIGN (0x4)
                0x0000000008003ef4                _sidata = LOADADDR (.data)

.data           0x0000000020000000       0x14 load address 0x0000000008003ef4
                0x0000000020000000                . = ALIGN (0x4)
                0x0000000020000000                _sdata = .
 *(.data)
 *(.data*)
 .data.SystemCoreClock
                0x0000000020000000        0x4 ./Core/Src/system_stm32f1xx.o
                0x0000000020000000                SystemCoreClock
 .data.uwTickPrio
                0x0000000020000004        0x4 ./Drivers/STM32F1xx_HAL_Driver/Src/stm32f1xx_hal.o
                0x0000000020000004                uwTickPrio
 .data.uwTickFreq
                0x0000000020000008        0x1 ./Drivers/STM32F1xx_HAL_Driver/Src/stm32f1xx_hal.o
                0x0000000020000008                uwTickFreq
 *fill*         0x0000000020000009        0x3 
 .data.uxTopUsedPriority
                0x000000002000000c        0x4 ./Third_Party/FreeRTOS/tasks.o
                0x000000002000000c                uxTopUsedPriority
 .data.uxCriticalNesting
                0x0000000020000010        0x4 ./Third_Party/FreeRTOS/portable/GCC/ARM_CM3/port.o
 *(.RamFunc)
 *(.RamFunc*)
                0x0000000020000014                . = ALIGN (0x4)
                0x0000000020000014                _edata = .

.igot.plt       0x0000000020000014        0x0 load address 0x0000000008003f08
 .igot.plt      0x0000000020000014        0x0 C:/ST/STM32CubeIDE_1.13.1/STM32CubeIDE/plugins/com.st.stm32cube.ide.mcu.externaltools.gnu-tools-for-stm32.11.3.rel1.win32_1.1.0.202305231506/tools/bin/../lib/gcc/arm-none-eabi/11.3.1/thumb/v7-m/nofp/crtbegin.o
                0x0000000020000014                . = ALIGN (0x4)

.bss            0x0000000020000014     0x2a20 load address 0x0000000008003f08
                0x0000000020000014                _sbss = .
                0x0000000020000014                __bss_start__ = _sbss
 *(.bss)
 .bss           0x0000000020000014       0x1c C:/ST/STM32CubeIDE_1.13.1/STM32CubeIDE/plugins/com.st.stm32cube.ide.mcu.externaltools.gnu-tools-for-stm32.11.3.rel1.win32_1.1.0.202305231506/tools/bin/../lib/gcc/arm-none-eabi/11.3.1/thumb/v7-m/nofp/crtbegin.o
 *(.bss*)
 .bss.Task_1_handle
                0x0000000020000030        0x4 ./Core/Src/main.o
                0x0000000020000030                Task_1_handle
 .bss.Task_2_handle
                0x0000000020000034        0x4 ./Core/Src/main.o
                0x0000000020000034                Task_2_handle
 .bss.ButtonState
                0x0000000020000038        0x4 ./Core/Src/main.o
                0x0000000020000038                ButtonState
 .bss.Task1     0x000000002000003c        0x4 ./Core/Src/main.o
                0x000000002000003c                Task1
 .bss.Task2     0x0000000020000040        0x4 ./Core/Src/main.o
                0x0000000020000040                Task2
 .bss.htim2     0x0000000020000044       0x48 ./Core/Src/stm32f1xx_hal_timebase_tim.o
                0x0000000020000044                htim2
 .bss.uwTick    0x000000002000008c        0x4 ./Drivers/STM32F1xx_HAL_Driver/Src/stm32f1xx_hal.o
                0x000000002000008c                uwTick
 .bss.xQueueRegistry
                0x0000000020000090       0x40 ./Third_Party/FreeRTOS/queue.o
                0x0000000020000090                xQueueRegistry
 .bss.pxCurrentTCB
                0x00000000200000d0        0x4 ./Third_Party/FreeRTOS/tasks.o
                0x00000000200000d0                pxCurrentTCB
 .bss.pxReadyTasksLists
                0x00000000200000d4       0x64 ./Third_Party/FreeRTOS/tasks.o
 .bss.xDelayedTaskList1
                0x0000000020000138       0x14 ./Third_Party/FreeRTOS/tasks.o
 .bss.xDelayedTaskList2
                0x000000002000014c       0x14 ./Third_Party/FreeRTOS/tasks.o
 .bss.pxDelayedTaskList
                0x0000000020000160        0x4 ./Third_Party/FreeRTOS/tasks.o
 .bss.pxOverflowDelayedTaskList
                0x0000000020000164        0x4 ./Third_Party/FreeRTOS/tasks.o
 .bss.xPendingReadyList
                0x0000000020000168       0x14 ./Third_Party/FreeRTOS/tasks.o
 .bss.xTasksWaitingTermination
                0x000000002000017c       0x14 ./Third_Party/FreeRTOS/tasks.o
 .bss.uxDeletedTasksWaitingCleanUp
                0x0000000020000190        0x4 ./Third_Party/FreeRTOS/tasks.o
 .bss.xSuspendedTaskList
                0x0000000020000194       0x14 ./Third_Party/FreeRTOS/tasks.o
 .bss.uxCurrentNumberOfTasks
                0x00000000200001a8        0x4 ./Third_Party/FreeRTOS/tasks.o
 .bss.xTickCount
                0x00000000200001ac        0x4 ./Third_Party/FreeRTOS/tasks.o
 .bss.uxTopReadyPriority
                0x00000000200001b0        0x4 ./Third_Party/FreeRTOS/tasks.o
 .bss.xSchedulerRunning
                0x00000000200001b4        0x4 ./Third_Party/FreeRTOS/tasks.o
 .bss.xPendedTicks
                0x00000000200001b8        0x4 ./Third_Party/FreeRTOS/tasks.o
 .bss.xYieldPending
                0x00000000200001bc        0x4 ./Third_Party/FreeRTOS/tasks.o
 .bss.xNumOfOverflows
                0x00000000200001c0        0x4 ./Third_Party/FreeRTOS/tasks.o
 .bss.uxTaskNumber
                0x00000000200001c4        0x4 ./Third_Party/FreeRTOS/tasks.o
 .bss.xNextTaskUnblockTime
                0x00000000200001c8        0x4 ./Third_Party/FreeRTOS/tasks.o
 .bss.xIdleTaskHandle
                0x00000000200001cc        0x4 ./Third_Party/FreeRTOS/tasks.o
 .bss.uxSchedulerSuspended
                0x00000000200001d0        0x4 ./Third_Party/FreeRTOS/tasks.o
 .bss.xActiveTimerList1
                0x00000000200001d4       0x14 ./Third_Party/FreeRTOS/timers.o
 .bss.xActiveTimerList2
                0x00000000200001e8       0x14 ./Third_Party/FreeRTOS/timers.o
 .bss.pxCurrentTimerList
                0x00000000200001fc        0x4 ./Third_Party/FreeRTOS/timers.o
 .bss.pxOverflowTimerList
                0x0000000020000200        0x4 ./Third_Party/FreeRTOS/timers.o
 .bss.xTimerQueue
                0x0000000020000204        0x4 ./Third_Party/FreeRTOS/timers.o
 .bss.xTimerTaskHandle
                0x0000000020000208        0x4 ./Third_Party/FreeRTOS/timers.o
 .bss.xLastTime.0
                0x000000002000020c        0x4 ./Third_Party/FreeRTOS/timers.o
 .bss.ucMaxSysCallPriority
                0x0000000020000210        0x1 ./Third_Party/FreeRTOS/portable/GCC/ARM_CM3/port.o
 *fill*         0x0000000020000211        0x3 
 .bss.ulMaxPRIGROUPValue
                0x0000000020000214        0x4 ./Third_Party/FreeRTOS/portable/GCC/ARM_CM3/port.o
 .bss.ucHeap    0x0000000020000218     0x2800 ./Third_Party/FreeRTOS/portable/MemMang/heap_4.o
 .bss.xStart    0x0000000020002a18        0x8 ./Third_Party/FreeRTOS/portable/MemMang/heap_4.o
 .bss.pxEnd     0x0000000020002a20        0x4 ./Third_Party/FreeRTOS/portable/MemMang/heap_4.o
 .bss.xFreeBytesRemaining
                0x0000000020002a24        0x4 ./Third_Party/FreeRTOS/portable/MemMang/heap_4.o
 .bss.xMinimumEverFreeBytesRemaining
                0x0000000020002a28        0x4 ./Third_Party/FreeRTOS/portable/MemMang/heap_4.o
 .bss.xNumberOfSuccessfulAllocations
                0x0000000020002a2c        0x4 ./Third_Party/FreeRTOS/portable/MemMang/heap_4.o
 .bss.xNumberOfSuccessfulFrees
                0x0000000020002a30        0x4 ./Third_Party/FreeRTOS/portable/MemMang/heap_4.o
 *(COMMON)
                0x0000000020002a34                . = ALIGN (0x4)
                0x0000000020002a34                _ebss = .
                0x0000000020002a34                __bss_end__ = _ebss

._user_heap_stack
                0x0000000020002a34      0x604 load address 0x0000000008003f08
                0x0000000020002a38                . = ALIGN (0x8)
 *fill*         0x0000000020002a34        0x4 
                [!provide]                        PROVIDE (end = .)
                0x0000000020002a38                PROVIDE (_end = .)
                0x0000000020002c38                . = (. + _Min_Heap_Size)
 *fill*         0x0000000020002a38      0x200 
                0x0000000020003038                . = (. + _Min_Stack_Size)
 *fill*         0x0000000020002c38      0x400 
                0x0000000020003038                . = ALIGN (0x8)

/DISCARD/
 libc.a(*)
 libm.a(*)
 libgcc.a(*)

.ARM.attributes
                0x0000000000000000       0x29
 *(.ARM.attributes)
 .ARM.attributes
                0x0000000000000000       0x1d C:/ST/STM32CubeIDE_1.13.1/STM32CubeIDE/plugins/com.st.stm32cube.ide.mcu.externaltools.gnu-tools-for-stm32.11.3.rel1.win32_1.1.0.202305231506/tools/bin/../lib/gcc/arm-none-eabi/11.3.1/thumb/v7-m/nofp/crti.o
 .ARM.attributes
                0x000000000000001d       0x2d C:/ST/STM32CubeIDE_1.13.1/STM32CubeIDE/plugins/com.st.stm32cube.ide.mcu.externaltools.gnu-tools-for-stm32.11.3.rel1.win32_1.1.0.202305231506/tools/bin/../lib/gcc/arm-none-eabi/11.3.1/thumb/v7-m/nofp/crtbegin.o
 .ARM.attributes
                0x000000000000004a       0x2d ./Core/Src/main.o
 .ARM.attributes
                0x0000000000000077       0x2d ./Core/Src/stm32f1xx_hal_msp.o
 .ARM.attributes
                0x00000000000000a4       0x2d ./Core/Src/stm32f1xx_hal_timebase_tim.o
 .ARM.attributes
                0x00000000000000d1       0x2d ./Core/Src/stm32f1xx_it.o
 .ARM.attributes
                0x00000000000000fe       0x2d ./Core/Src/system_stm32f1xx.o
 .ARM.attributes
                0x000000000000012b       0x21 ./Core/Startup/startup_stm32f103c8tx.o
 .ARM.attributes
                0x000000000000014c       0x2d ./Drivers/STM32F1xx_HAL_Driver/Src/stm32f1xx_hal.o
 .ARM.attributes
                0x0000000000000179       0x2d ./Drivers/STM32F1xx_HAL_Driver/Src/stm32f1xx_hal_cortex.o
 .ARM.attributes
                0x00000000000001a6       0x2d ./Drivers/STM32F1xx_HAL_Driver/Src/stm32f1xx_hal_gpio.o
 .ARM.attributes
                0x00000000000001d3       0x2d ./Drivers/STM32F1xx_HAL_Driver/Src/stm32f1xx_hal_rcc.o
 .ARM.attributes
                0x0000000000000200       0x2d ./Drivers/STM32F1xx_HAL_Driver/Src/stm32f1xx_hal_tim.o
 .ARM.attributes
                0x000000000000022d       0x2d ./Drivers/STM32F1xx_HAL_Driver/Src/stm32f1xx_hal_tim_ex.o
 .ARM.attributes
                0x000000000000025a       0x2d ./Third_Party/FreeRTOS/list.o
 .ARM.attributes
                0x0000000000000287       0x2d ./Third_Party/FreeRTOS/queue.o
 .ARM.attributes
                0x00000000000002b4       0x2d ./Third_Party/FreeRTOS/tasks.o
 .ARM.attributes
                0x00000000000002e1       0x2d ./Third_Party/FreeRTOS/timers.o
 .ARM.attributes
                0x000000000000030e       0x2d ./Third_Party/FreeRTOS/portable/GCC/ARM_CM3/port.o
 .ARM.attributes
                0x000000000000033b       0x2d ./Third_Party/FreeRTOS/portable/MemMang/heap_4.o
 .ARM.attributes
                0x0000000000000368       0x2d C:/ST/STM32CubeIDE_1.13.1/STM32CubeIDE/plugins/com.st.stm32cube.ide.mcu.externaltools.gnu-tools-for-stm32.11.3.rel1.win32_1.1.0.202305231506/tools/bin/../lib/gcc/arm-none-eabi/11.3.1/../../../../arm-none-eabi/lib/thumb/v7-m/nofp\libc_nano.a(libc_a-memset.o)
 .ARM.attributes
                0x0000000000000395       0x2d C:/ST/STM32CubeIDE_1.13.1/STM32CubeIDE/plugins/com.st.stm32cube.ide.mcu.externaltools.gnu-tools-for-stm32.11.3.rel1.win32_1.1.0.202305231506/tools/bin/../lib/gcc/arm-none-eabi/11.3.1/../../../../arm-none-eabi/lib/thumb/v7-m/nofp\libc_nano.a(libc_a-init.o)
 .ARM.attributes
                0x00000000000003c2       0x2d C:/ST/STM32CubeIDE_1.13.1/STM32CubeIDE/plugins/com.st.stm32cube.ide.mcu.externaltools.gnu-tools-for-stm32.11.3.rel1.win32_1.1.0.202305231506/tools/bin/../lib/gcc/arm-none-eabi/11.3.1/../../../../arm-none-eabi/lib/thumb/v7-m/nofp\libc_nano.a(libc_a-memcpy-stub.o)
 .ARM.attributes
                0x00000000000003ef       0x17 C:/ST/STM32CubeIDE_1.13.1/STM32CubeIDE/plugins/com.st.stm32cube.ide.mcu.externaltools.gnu-tools-for-stm32.11.3.rel1.win32_1.1.0.202305231506/tools/bin/../lib/gcc/arm-none-eabi/11.3.1/../../../../arm-none-eabi/lib/thumb/v7-m/nofp\libc_nano.a(libc_a-strlen.o)
 .ARM.attributes
                0x0000000000000406       0x1d C:/ST/STM32CubeIDE_1.13.1/STM32CubeIDE/plugins/com.st.stm32cube.ide.mcu.externaltools.gnu-tools-for-stm32.11.3.rel1.win32_1.1.0.202305231506/tools/bin/../lib/gcc/arm-none-eabi/11.3.1/thumb/v7-m/nofp/crtn.o
OUTPUT(exercise_6.elf elf32-littlearm)
LOAD linker stubs
LOAD C:/ST/STM32CubeIDE_1.13.1/STM32CubeIDE/plugins/com.st.stm32cube.ide.mcu.externaltools.gnu-tools-for-stm32.11.3.rel1.win32_1.1.0.202305231506/tools/bin/../lib/gcc/arm-none-eabi/11.3.1/../../../../arm-none-eabi/lib/thumb/v7-m/nofp\libc.a
LOAD C:/ST/STM32CubeIDE_1.13.1/STM32CubeIDE/plugins/com.st.stm32cube.ide.mcu.externaltools.gnu-tools-for-stm32.11.3.rel1.win32_1.1.0.202305231506/tools/bin/../lib/gcc/arm-none-eabi/11.3.1/../../../../arm-none-eabi/lib/thumb/v7-m/nofp\libm.a
LOAD C:/ST/STM32CubeIDE_1.13.1/STM32CubeIDE/plugins/com.st.stm32cube.ide.mcu.externaltools.gnu-tools-for-stm32.11.3.rel1.win32_1.1.0.202305231506/tools/bin/../lib/gcc/arm-none-eabi/11.3.1/thumb/v7-m/nofp\libgcc.a

.comment        0x0000000000000000       0x43
 .comment       0x0000000000000000       0x43 C:/ST/STM32CubeIDE_1.13.1/STM32CubeIDE/plugins/com.st.stm32cube.ide.mcu.externaltools.gnu-tools-for-stm32.11.3.rel1.win32_1.1.0.202305231506/tools/bin/../lib/gcc/arm-none-eabi/11.3.1/thumb/v7-m/nofp/crtbegin.o
                                         0x44 (size before relaxing)
 .comment       0x0000000000000043       0x44 ./Core/Src/main.o
 .comment       0x0000000000000043       0x44 ./Core/Src/stm32f1xx_hal_msp.o
 .comment       0x0000000000000043       0x44 ./Core/Src/stm32f1xx_hal_timebase_tim.o
 .comment       0x0000000000000043       0x44 ./Core/Src/stm32f1xx_it.o
 .comment       0x0000000000000043       0x44 ./Core/Src/system_stm32f1xx.o
 .comment       0x0000000000000043       0x44 ./Drivers/STM32F1xx_HAL_Driver/Src/stm32f1xx_hal.o
 .comment       0x0000000000000043       0x44 ./Drivers/STM32F1xx_HAL_Driver/Src/stm32f1xx_hal_cortex.o
 .comment       0x0000000000000043       0x44 ./Drivers/STM32F1xx_HAL_Driver/Src/stm32f1xx_hal_gpio.o
 .comment       0x0000000000000043       0x44 ./Drivers/STM32F1xx_HAL_Driver/Src/stm32f1xx_hal_rcc.o
 .comment       0x0000000000000043       0x44 ./Drivers/STM32F1xx_HAL_Driver/Src/stm32f1xx_hal_tim.o
 .comment       0x0000000000000043       0x44 ./Drivers/STM32F1xx_HAL_Driver/Src/stm32f1xx_hal_tim_ex.o
 .comment       0x0000000000000043       0x44 ./Third_Party/FreeRTOS/list.o
 .comment       0x0000000000000043       0x44 ./Third_Party/FreeRTOS/queue.o
 .comment       0x0000000000000043       0x44 ./Third_Party/FreeRTOS/tasks.o
 .comment       0x0000000000000043       0x44 ./Third_Party/FreeRTOS/timers.o
 .comment       0x0000000000000043       0x44 ./Third_Party/FreeRTOS/portable/GCC/ARM_CM3/port.o
 .comment       0x0000000000000043       0x44 ./Third_Party/FreeRTOS/portable/MemMang/heap_4.o

.debug_info     0x0000000000000000     0xf0cf
 .debug_info    0x0000000000000000      0xf41 ./Core/Src/main.o
 .debug_info    0x0000000000000f41      0x237 ./Core/Src/stm32f1xx_hal_msp.o
 .debug_info    0x0000000000001178      0xabe ./Core/Src/stm32f1xx_hal_timebase_tim.o
 .debug_info    0x0000000000001c36      0x7c4 ./Core/Src/stm32f1xx_it.o
 .debug_info    0x00000000000023fa      0x265 ./Core/Src/system_stm32f1xx.o
 .debug_info    0x000000000000265f       0x22 ./Core/Startup/startup_stm32f103c8tx.o
 .debug_info    0x0000000000002681      0x7f8 ./Drivers/STM32F1xx_HAL_Driver/Src/stm32f1xx_hal.o
 .debug_info    0x0000000000002e79      0xbf9 ./Drivers/STM32F1xx_HAL_Driver/Src/stm32f1xx_hal_cortex.o
 .debug_info    0x0000000000003a72      0x681 ./Drivers/STM32F1xx_HAL_Driver/Src/stm32f1xx_hal_gpio.o
 .debug_info    0x00000000000040f3      0x924 ./Drivers/STM32F1xx_HAL_Driver/Src/stm32f1xx_hal_rcc.o
 .debug_info    0x0000000000004a17     0x2ed6 ./Drivers/STM32F1xx_HAL_Driver/Src/stm32f1xx_hal_tim.o
 .debug_info    0x00000000000078ed     0x1763 ./Drivers/STM32F1xx_HAL_Driver/Src/stm32f1xx_hal_tim_ex.o
 .debug_info    0x0000000000009050      0x304 ./Third_Party/FreeRTOS/list.o
 .debug_info    0x0000000000009354     0x1a9b ./Third_Party/FreeRTOS/queue.o
 .debug_info    0x000000000000adef     0x28a8 ./Third_Party/FreeRTOS/tasks.o
 .debug_info    0x000000000000d697      0xf94 ./Third_Party/FreeRTOS/timers.o
 .debug_info    0x000000000000e62b      0x4fd ./Third_Party/FreeRTOS/portable/GCC/ARM_CM3/port.o
 .debug_info    0x000000000000eb28      0x5a7 ./Third_Party/FreeRTOS/portable/MemMang/heap_4.o

.debug_abbrev   0x0000000000000000     0x2550
 .debug_abbrev  0x0000000000000000      0x2b6 ./Core/Src/main.o
 .debug_abbrev  0x00000000000002b6       0xd6 ./Core/Src/stm32f1xx_hal_msp.o
 .debug_abbrev  0x000000000000038c      0x1e8 ./Core/Src/stm32f1xx_hal_timebase_tim.o
 .debug_abbrev  0x0000000000000574      0x188 ./Core/Src/stm32f1xx_it.o
 .debug_abbrev  0x00000000000006fc      0x13d ./Core/Src/system_stm32f1xx.o
 .debug_abbrev  0x0000000000000839       0x12 ./Core/Startup/startup_stm32f103c8tx.o
 .debug_abbrev  0x000000000000084b      0x1fd ./Drivers/STM32F1xx_HAL_Driver/Src/stm32f1xx_hal.o
 .debug_abbrev  0x0000000000000a48      0x2cd ./Drivers/STM32F1xx_HAL_Driver/Src/stm32f1xx_hal_cortex.o
 .debug_abbrev  0x0000000000000d15      0x1bd ./Drivers/STM32F1xx_HAL_Driver/Src/stm32f1xx_hal_gpio.o
 .debug_abbrev  0x0000000000000ed2      0x2aa ./Drivers/STM32F1xx_HAL_Driver/Src/stm32f1xx_hal_rcc.o
 .debug_abbrev  0x000000000000117c      0x266 ./Drivers/STM32F1xx_HAL_Driver/Src/stm32f1xx_hal_tim.o
 .debug_abbrev  0x00000000000013e2      0x26e ./Drivers/STM32F1xx_HAL_Driver/Src/stm32f1xx_hal_tim_ex.o
 .debug_abbrev  0x0000000000001650       0xf4 ./Third_Party/FreeRTOS/list.o
 .debug_abbrev  0x0000000000001744      0x314 ./Third_Party/FreeRTOS/queue.o
 .debug_abbrev  0x0000000000001a58      0x36e ./Third_Party/FreeRTOS/tasks.o
 .debug_abbrev  0x0000000000001dc6      0x2c7 ./Third_Party/FreeRTOS/timers.o
 .debug_abbrev  0x000000000000208d      0x273 ./Third_Party/FreeRTOS/portable/GCC/ARM_CM3/port.o
 .debug_abbrev  0x0000000000002300      0x250 ./Third_Party/FreeRTOS/portable/MemMang/heap_4.o

.debug_loc      0x0000000000000000     0x8074
 .debug_loc     0x0000000000000000      0x216 ./Core/Src/main.o
 .debug_loc     0x0000000000000216       0x5c ./Core/Src/stm32f1xx_hal_msp.o
 .debug_loc     0x0000000000000272       0xda ./Core/Src/stm32f1xx_hal_timebase_tim.o
 .debug_loc     0x000000000000034c      0x178 ./Core/Src/stm32f1xx_it.o
 .debug_loc     0x00000000000004c4       0xa0 ./Core/Src/system_stm32f1xx.o
 .debug_loc     0x0000000000000564      0x698 ./Drivers/STM32F1xx_HAL_Driver/Src/stm32f1xx_hal.o
 .debug_loc     0x0000000000000bfc      0x8f8 ./Drivers/STM32F1xx_HAL_Driver/Src/stm32f1xx_hal_cortex.o
 .debug_loc     0x00000000000014f4      0x2d4 ./Drivers/STM32F1xx_HAL_Driver/Src/stm32f1xx_hal_gpio.o
 .debug_loc     0x00000000000017c8      0x444 ./Drivers/STM32F1xx_HAL_Driver/Src/stm32f1xx_hal_rcc.o
 .debug_loc     0x0000000000001c0c     0x27a0 ./Drivers/STM32F1xx_HAL_Driver/Src/stm32f1xx_hal_tim.o
 .debug_loc     0x00000000000043ac      0xdc8 ./Drivers/STM32F1xx_HAL_Driver/Src/stm32f1xx_hal_tim_ex.o
 .debug_loc     0x0000000000005174      0x1cc ./Third_Party/FreeRTOS/list.o
 .debug_loc     0x0000000000005340      0xb72 ./Third_Party/FreeRTOS/queue.o
 .debug_loc     0x0000000000005eb2     0x13ba ./Third_Party/FreeRTOS/tasks.o
 .debug_loc     0x000000000000726c      0x838 ./Third_Party/FreeRTOS/timers.o
 .debug_loc     0x0000000000007aa4      0x30c ./Third_Party/FreeRTOS/portable/GCC/ARM_CM3/port.o
 .debug_loc     0x0000000000007db0      0x2c4 ./Third_Party/FreeRTOS/portable/MemMang/heap_4.o

.debug_aranges  0x0000000000000000      0xe88
 .debug_aranges
                0x0000000000000000       0x58 ./Core/Src/main.o
 .debug_aranges
                0x0000000000000058       0x20 ./Core/Src/stm32f1xx_hal_msp.o
 .debug_aranges
                0x0000000000000078       0x30 ./Core/Src/stm32f1xx_hal_timebase_tim.o
 .debug_aranges
                0x00000000000000a8       0x58 ./Core/Src/stm32f1xx_it.o
 .debug_aranges
                0x0000000000000100       0x28 ./Core/Src/system_stm32f1xx.o
 .debug_aranges
                0x0000000000000128       0x28 ./Core/Startup/startup_stm32f103c8tx.o
 .debug_aranges
                0x0000000000000150       0xe0 ./Drivers/STM32F1xx_HAL_Driver/Src/stm32f1xx_hal.o
 .debug_aranges
                0x0000000000000230      0x100 ./Drivers/STM32F1xx_HAL_Driver/Src/stm32f1xx_hal_cortex.o
 .debug_aranges
                0x0000000000000330       0x58 ./Drivers/STM32F1xx_HAL_Driver/Src/stm32f1xx_hal_gpio.o
 .debug_aranges
                0x0000000000000388       0x90 ./Drivers/STM32F1xx_HAL_Driver/Src/stm32f1xx_hal_rcc.o
 .debug_aranges
                0x0000000000000418      0x3d0 ./Drivers/STM32F1xx_HAL_Driver/Src/stm32f1xx_hal_tim.o
 .debug_aranges
                0x00000000000007e8      0x168 ./Drivers/STM32F1xx_HAL_Driver/Src/stm32f1xx_hal_tim_ex.o
 .debug_aranges
                0x0000000000000950       0x40 ./Third_Party/FreeRTOS/list.o
 .debug_aranges
                0x0000000000000990      0x130 ./Third_Party/FreeRTOS/queue.o
 .debug_aranges
                0x0000000000000ac0      0x208 ./Third_Party/FreeRTOS/tasks.o
 .debug_aranges
                0x0000000000000cc8       0xe8 ./Third_Party/FreeRTOS/timers.o
 .debug_aranges
                0x0000000000000db0       0x78 ./Third_Party/FreeRTOS/portable/GCC/ARM_CM3/port.o
 .debug_aranges
                0x0000000000000e28       0x60 ./Third_Party/FreeRTOS/portable/MemMang/heap_4.o

.debug_ranges   0x0000000000000000      0xd70
 .debug_ranges  0x0000000000000000       0x48 ./Core/Src/main.o
 .debug_ranges  0x0000000000000048       0x10 ./Core/Src/stm32f1xx_hal_msp.o
 .debug_ranges  0x0000000000000058       0x20 ./Core/Src/stm32f1xx_hal_timebase_tim.o
 .debug_ranges  0x0000000000000078       0x48 ./Core/Src/stm32f1xx_it.o
 .debug_ranges  0x00000000000000c0       0x18 ./Core/Src/system_stm32f1xx.o
 .debug_ranges  0x00000000000000d8       0x20 ./Core/Startup/startup_stm32f103c8tx.o
 .debug_ranges  0x00000000000000f8       0xd0 ./Drivers/STM32F1xx_HAL_Driver/Src/stm32f1xx_hal.o
 .debug_ranges  0x00000000000001c8       0xf0 ./Drivers/STM32F1xx_HAL_Driver/Src/stm32f1xx_hal_cortex.o
 .debug_ranges  0x00000000000002b8       0x48 ./Drivers/STM32F1xx_HAL_Driver/Src/stm32f1xx_hal_gpio.o
 .debug_ranges  0x0000000000000300       0x80 ./Drivers/STM32F1xx_HAL_Driver/Src/stm32f1xx_hal_rcc.o
 .debug_ranges  0x0000000000000380      0x3c0 ./Drivers/STM32F1xx_HAL_Driver/Src/stm32f1xx_hal_tim.o
 .debug_ranges  0x0000000000000740      0x158 ./Drivers/STM32F1xx_HAL_Driver/Src/stm32f1xx_hal_tim_ex.o
 .debug_ranges  0x0000000000000898       0x30 ./Third_Party/FreeRTOS/list.o
 .debug_ranges  0x00000000000008c8      0x120 ./Third_Party/FreeRTOS/queue.o
 .debug_ranges  0x00000000000009e8      0x1f8 ./Third_Party/FreeRTOS/tasks.o
 .debug_ranges  0x0000000000000be0       0xd8 ./Third_Party/FreeRTOS/timers.o
 .debug_ranges  0x0000000000000cb8       0x68 ./Third_Party/FreeRTOS/portable/GCC/ARM_CM3/port.o
 .debug_ranges  0x0000000000000d20       0x50 ./Third_Party/FreeRTOS/portable/MemMang/heap_4.o

.debug_macro    0x0000000000000000    0x17f9d
 .debug_macro   0x0000000000000000      0x210 ./Core/Src/main.o
 .debug_macro   0x0000000000000210      0xa9c ./Core/Src/main.o
 .debug_macro   0x0000000000000cac      0x215 ./Core/Src/main.o
 .debug_macro   0x0000000000000ec1       0x2e ./Core/Src/main.o
 .debug_macro   0x0000000000000eef       0x22 ./Core/Src/main.o
 .debug_macro   0x0000000000000f11       0x22 ./Core/Src/main.o
 .debug_macro   0x0000000000000f33       0x8e ./Core/Src/main.o
 .debug_macro   0x0000000000000fc1       0x51 ./Core/Src/main.o
 .debug_macro   0x0000000000001012      0x103 ./Core/Src/main.o
 .debug_macro   0x0000000000001115       0x6a ./Core/Src/main.o
 .debug_macro   0x000000000000117f      0x1df ./Core/Src/main.o
 .debug_macro   0x000000000000135e       0x1c ./Core/Src/main.o
 .debug_macro   0x000000000000137a       0x22 ./Core/Src/main.o
 .debug_macro   0x000000000000139c       0xbd ./Core/Src/main.o
 .debug_macro   0x0000000000001459      0xd23 ./Core/Src/main.o
 .debug_macro   0x000000000000217c     0xe09e ./Core/Src/main.o
 .debug_macro   0x000000000001021a       0x6d ./Core/Src/main.o
 .debug_macro   0x0000000000010287     0x348d ./Core/Src/main.o
 .debug_macro   0x0000000000013714      0x174 ./Core/Src/main.o
 .debug_macro   0x0000000000013888       0x5c ./Core/Src/main.o
 .debug_macro   0x00000000000138e4      0x5bc ./Core/Src/main.o
 .debug_macro   0x0000000000013ea0      0x289 ./Core/Src/main.o
 .debug_macro   0x0000000000014129      0x1cb ./Core/Src/main.o
 .debug_macro   0x00000000000142f4      0x114 ./Core/Src/main.o
 .debug_macro   0x0000000000014408      0x1b2 ./Core/Src/main.o
 .debug_macro   0x00000000000145ba       0x27 ./Core/Src/main.o
 .debug_macro   0x00000000000145e1      0x136 ./Core/Src/main.o
 .debug_macro   0x0000000000014717      0x1bc ./Core/Src/main.o
 .debug_macro   0x00000000000148d3       0x34 ./Core/Src/main.o
 .debug_macro   0x0000000000014907       0x3c ./Core/Src/main.o
 .debug_macro   0x0000000000014943       0x57 ./Core/Src/main.o
 .debug_macro   0x000000000001499a       0x87 ./Core/Src/main.o
 .debug_macro   0x0000000000014a21      0x240 ./Core/Src/main.o
 .debug_macro   0x0000000000014c61      0x140 ./Core/Src/main.o
 .debug_macro   0x0000000000014da1      0x8ed ./Core/Src/main.o
 .debug_macro   0x000000000001568e       0x83 ./Core/Src/main.o
 .debug_macro   0x0000000000015711      0x100 ./Core/Src/main.o
 .debug_macro   0x0000000000015811      0x15a ./Core/Src/main.o
 .debug_macro   0x000000000001596b       0xea ./Core/Src/main.o
 .debug_macro   0x0000000000015a55       0x28 ./Core/Src/main.o
 .debug_macro   0x0000000000015a7d       0x1f ./Core/Src/main.o
 .debug_macro   0x0000000000015a9c       0x12 ./Core/Src/main.o
 .debug_macro   0x0000000000015aae      0x526 ./Core/Src/main.o
 .debug_macro   0x0000000000015fd4       0xc3 ./Core/Src/main.o
 .debug_macro   0x0000000000016097      0x120 ./Core/Src/main.o
 .debug_macro   0x00000000000161b7      0x1a3 ./Core/Src/stm32f1xx_hal_msp.o
 .debug_macro   0x000000000001635a      0x199 ./Core/Src/stm32f1xx_hal_timebase_tim.o
 .debug_macro   0x00000000000164f3      0x1ad ./Core/Src/stm32f1xx_it.o
 .debug_macro   0x00000000000166a0      0x199 ./Core/Src/system_stm32f1xx.o
 .debug_macro   0x0000000000016839      0x1bd ./Drivers/STM32F1xx_HAL_Driver/Src/stm32f1xx_hal.o
 .debug_macro   0x00000000000169f6      0x199 ./Drivers/STM32F1xx_HAL_Driver/Src/stm32f1xx_hal_cortex.o
 .debug_macro   0x0000000000016b8f      0x204 ./Drivers/STM32F1xx_HAL_Driver/Src/stm32f1xx_hal_gpio.o
 .debug_macro   0x0000000000016d93      0x1ab ./Drivers/STM32F1xx_HAL_Driver/Src/stm32f1xx_hal_rcc.o
 .debug_macro   0x0000000000016f3e      0x19a ./Drivers/STM32F1xx_HAL_Driver/Src/stm32f1xx_hal_tim.o
 .debug_macro   0x00000000000170d8      0x199 ./Drivers/STM32F1xx_HAL_Driver/Src/stm32f1xx_hal_tim_ex.o
 .debug_macro   0x0000000000017271      0x198 ./Third_Party/FreeRTOS/list.o
 .debug_macro   0x0000000000017409      0x22f ./Third_Party/FreeRTOS/queue.o
 .debug_macro   0x0000000000017638       0x16 ./Third_Party/FreeRTOS/queue.o
 .debug_macro   0x000000000001764e       0x20 ./Third_Party/FreeRTOS/queue.o
 .debug_macro   0x000000000001766e       0x80 ./Third_Party/FreeRTOS/queue.o
 .debug_macro   0x00000000000176ee      0x27e ./Third_Party/FreeRTOS/tasks.o
 .debug_macro   0x000000000001796c       0x17 ./Third_Party/FreeRTOS/tasks.o
 .debug_macro   0x0000000000017983      0x1e7 ./Third_Party/FreeRTOS/timers.o
 .debug_macro   0x0000000000017b6a       0x97 ./Third_Party/FreeRTOS/timers.o
 .debug_macro   0x0000000000017c01      0x183 ./Third_Party/FreeRTOS/portable/GCC/ARM_CM3/port.o
 .debug_macro   0x0000000000017d84      0x219 ./Third_Party/FreeRTOS/portable/MemMang/heap_4.o

.debug_line     0x0000000000000000     0xfead
 .debug_line    0x0000000000000000      0x987 ./Core/Src/main.o
 .debug_line    0x0000000000000987      0x6e6 ./Core/Src/stm32f1xx_hal_msp.o
 .debug_line    0x000000000000106d      0x761 ./Core/Src/stm32f1xx_hal_timebase_tim.o
 .debug_line    0x00000000000017ce      0x79c ./Core/Src/stm32f1xx_it.o
 .debug_line    0x0000000000001f6a      0x763 ./Core/Src/system_stm32f1xx.o
 .debug_line    0x00000000000026cd       0x86 ./Core/Startup/startup_stm32f103c8tx.o
 .debug_line    0x0000000000002753      0x990 ./Drivers/STM32F1xx_HAL_Driver/Src/stm32f1xx_hal.o
 .debug_line    0x00000000000030e3      0xb78 ./Drivers/STM32F1xx_HAL_Driver/Src/stm32f1xx_hal_cortex.o
 .debug_line    0x0000000000003c5b      0xa29 ./Drivers/STM32F1xx_HAL_Driver/Src/stm32f1xx_hal_gpio.o
 .debug_line    0x0000000000004684      0xd99 ./Drivers/STM32F1xx_HAL_Driver/Src/stm32f1xx_hal_rcc.o
 .debug_line    0x000000000000541d     0x347c ./Drivers/STM32F1xx_HAL_Driver/Src/stm32f1xx_hal_tim.o
 .debug_line    0x0000000000008899     0x18ef ./Drivers/STM32F1xx_HAL_Driver/Src/stm32f1xx_hal_tim_ex.o
 .debug_line    0x000000000000a188      0x7cc ./Third_Party/FreeRTOS/list.o
 .debug_line    0x000000000000a954     0x16d8 ./Third_Party/FreeRTOS/queue.o
 .debug_line    0x000000000000c02c     0x1efd ./Third_Party/FreeRTOS/tasks.o
 .debug_line    0x000000000000df29      0xcec ./Third_Party/FreeRTOS/timers.o
 .debug_line    0x000000000000ec15      0x84b ./Third_Party/FreeRTOS/portable/GCC/ARM_CM3/port.o
 .debug_line    0x000000000000f460      0xa4d ./Third_Party/FreeRTOS/portable/MemMang/heap_4.o

.debug_str      0x0000000000000000    0x9056e
 .debug_str     0x0000000000000000    0x87030 ./Core/Src/main.o
                                      0x874b7 (size before relaxing)
 .debug_str     0x0000000000087030       0x5a ./Core/Src/stm32f1xx_hal_msp.o
                                      0x819ab (size before relaxing)
 .debug_str     0x000000000008708a      0x107 ./Core/Src/stm32f1xx_hal_timebase_tim.o
                                      0x8229e (size before relaxing)
 .debug_str     0x0000000000087191       0xdf ./Core/Src/stm32f1xx_it.o
                                      0x81ee0 (size before relaxing)
 .debug_str     0x0000000000087270       0x88 ./Core/Src/system_stm32f1xx.o
                                      0x819d6 (size before relaxing)
 .debug_str     0x00000000000872f8       0x34 ./Core/Startup/startup_stm32f103c8tx.o
                                         0x77 (size before relaxing)
 .debug_str     0x000000000008732c      0x340 ./Drivers/STM32F1xx_HAL_Driver/Src/stm32f1xx_hal.o
                                      0x82109 (size before relaxing)
 .debug_str     0x000000000008766c      0x2a8 ./Drivers/STM32F1xx_HAL_Driver/Src/stm32f1xx_hal_cortex.o
                                      0x82055 (size before relaxing)
 .debug_str     0x0000000000087914      0x2ca ./Drivers/STM32F1xx_HAL_Driver/Src/stm32f1xx_hal_gpio.o
                                      0x81d5c (size before relaxing)
 .debug_str     0x0000000000087bde      0x1f3 ./Drivers/STM32F1xx_HAL_Driver/Src/stm32f1xx_hal_rcc.o
                                      0x81e05 (size before relaxing)
 .debug_str     0x0000000000087dd1      0xe69 ./Drivers/STM32F1xx_HAL_Driver/Src/stm32f1xx_hal_tim.o
                                      0x82df7 (size before relaxing)
 .debug_str     0x0000000000088c3a      0x503 ./Drivers/STM32F1xx_HAL_Driver/Src/stm32f1xx_hal_tim_ex.o
                                      0x82613 (size before relaxing)
 .debug_str     0x000000000008913d     0x331c ./Third_Party/FreeRTOS/list.o
                                       0xb088 (size before relaxing)
 .debug_str     0x000000000008c459     0x143f ./Third_Party/FreeRTOS/queue.o
                                       0xd787 (size before relaxing)
 .debug_str     0x000000000008d898     0x1af6 ./Third_Party/FreeRTOS/tasks.o
                                       0xe1fc (size before relaxing)
 .debug_str     0x000000000008f38e      0x545 ./Third_Party/FreeRTOS/timers.o
                                       0xd907 (size before relaxing)
 .debug_str     0x000000000008f8d3      0x6c3 ./Third_Party/FreeRTOS/portable/GCC/ARM_CM3/port.o
                                       0x97d0 (size before relaxing)
 .debug_str     0x000000000008ff96      0x5d8 ./Third_Party/FreeRTOS/portable/MemMang/heap_4.o
                                       0xc8b2 (size before relaxing)

.debug_frame    0x0000000000000000     0x3bd0
 .debug_frame   0x0000000000000000      0x118 ./Core/Src/main.o
 .debug_frame   0x0000000000000118       0x38 ./Core/Src/stm32f1xx_hal_msp.o
 .debug_frame   0x0000000000000150       0x74 ./Core/Src/stm32f1xx_hal_timebase_tim.o
 .debug_frame   0x00000000000001c4       0xe0 ./Core/Src/stm32f1xx_it.o
 .debug_frame   0x00000000000002a4       0x58 ./Core/Src/system_stm32f1xx.o
 .debug_frame   0x00000000000002fc      0x334 ./Drivers/STM32F1xx_HAL_Driver/Src/stm32f1xx_hal.o
 .debug_frame   0x0000000000000630      0x428 ./Drivers/STM32F1xx_HAL_Driver/Src/stm32f1xx_hal_cortex.o
 .debug_frame   0x0000000000000a58      0x14c ./Drivers/STM32F1xx_HAL_Driver/Src/stm32f1xx_hal_gpio.o
 .debug_frame   0x0000000000000ba4      0x218 ./Drivers/STM32F1xx_HAL_Driver/Src/stm32f1xx_hal_rcc.o
 .debug_frame   0x0000000000000dbc     0x11bc ./Drivers/STM32F1xx_HAL_Driver/Src/stm32f1xx_hal_tim.o
 .debug_frame   0x0000000000001f78      0x638 ./Drivers/STM32F1xx_HAL_Driver/Src/stm32f1xx_hal_tim_ex.o
 .debug_frame   0x00000000000025b0       0xd8 ./Third_Party/FreeRTOS/list.o
 .debug_frame   0x0000000000002688      0x530 ./Third_Party/FreeRTOS/queue.o
 .debug_frame   0x0000000000002bb8      0x8f4 ./Third_Party/FreeRTOS/tasks.o
 .debug_frame   0x00000000000034ac      0x3c8 ./Third_Party/FreeRTOS/timers.o
 .debug_frame   0x0000000000003874      0x198 ./Third_Party/FreeRTOS/portable/GCC/ARM_CM3/port.o
 .debug_frame   0x0000000000003a0c      0x150 ./Third_Party/FreeRTOS/portable/MemMang/heap_4.o
 .debug_frame   0x0000000000003b5c       0x20 C:/ST/STM32CubeIDE_1.13.1/STM32CubeIDE/plugins/com.st.stm32cube.ide.mcu.externaltools.gnu-tools-for-stm32.11.3.rel1.win32_1.1.0.202305231506/tools/bin/../lib/gcc/arm-none-eabi/11.3.1/../../../../arm-none-eabi/lib/thumb/v7-m/nofp\libc_nano.a(libc_a-memset.o)
 .debug_frame   0x0000000000003b7c       0x2c C:/ST/STM32CubeIDE_1.13.1/STM32CubeIDE/plugins/com.st.stm32cube.ide.mcu.externaltools.gnu-tools-for-stm32.11.3.rel1.win32_1.1.0.202305231506/tools/bin/../lib/gcc/arm-none-eabi/11.3.1/../../../../arm-none-eabi/lib/thumb/v7-m/nofp\libc_nano.a(libc_a-init.o)
 .debug_frame   0x0000000000003ba8       0x28 C:/ST/STM32CubeIDE_1.13.1/STM32CubeIDE/plugins/com.st.stm32cube.ide.mcu.externaltools.gnu-tools-for-stm32.11.3.rel1.win32_1.1.0.202305231506/tools/bin/../lib/gcc/arm-none-eabi/11.3.1/../../../../arm-none-eabi/lib/thumb/v7-m/nofp\libc_nano.a(libc_a-memcpy-stub.o)
