Archive member included to satisfy reference by file (symbol)

C:/ST/STM32CubeIDE_1.13.1/STM32CubeIDE/plugins/com.st.stm32cube.ide.mcu.externaltools.gnu-tools-for-stm32.11.3.rel1.win32_1.1.0.202305231506/tools/bin/../lib/gcc/arm-none-eabi/11.3.1/../../../../arm-none-eabi/lib/thumb/v7-m/nofp\libc_nano.a(libc_a-exit.o)
                              C:/ST/STM32CubeIDE_1.13.1/STM32CubeIDE/plugins/com.st.stm32cube.ide.mcu.externaltools.gnu-tools-for-stm32.11.3.rel1.win32_1.1.0.202305231506/tools/bin/../lib/gcc/arm-none-eabi/11.3.1/../../../../arm-none-eabi/lib/thumb/v7-m/nofp/crt0.o (exit)
C:/ST/STM32CubeIDE_1.13.1/STM32CubeIDE/plugins/com.st.stm32cube.ide.mcu.externaltools.gnu-tools-for-stm32.11.3.rel1.win32_1.1.0.202305231506/tools/bin/../lib/gcc/arm-none-eabi/11.3.1/../../../../arm-none-eabi/lib/thumb/v7-m/nofp\libc_nano.a(libc_a-findfp.o)
                              C:/ST/STM32CubeIDE_1.13.1/STM32CubeIDE/plugins/com.st.stm32cube.ide.mcu.externaltools.gnu-tools-for-stm32.11.3.rel1.win32_1.1.0.202305231506/tools/bin/../lib/gcc/arm-none-eabi/11.3.1/../../../../arm-none-eabi/lib/thumb/v7-m/nofp\libc_nano.a(libc_a-exit.o) (__stdio_exit_handler)
C:/ST/STM32CubeIDE_1.13.1/STM32CubeIDE/plugins/com.st.stm32cube.ide.mcu.externaltools.gnu-tools-for-stm32.11.3.rel1.win32_1.1.0.202305231506/tools/bin/../lib/gcc/arm-none-eabi/11.3.1/../../../../arm-none-eabi/lib/thumb/v7-m/nofp\libc_nano.a(libc_a-fwalk.o)
                              C:/ST/STM32CubeIDE_1.13.1/STM32CubeIDE/plugins/com.st.stm32cube.ide.mcu.externaltools.gnu-tools-for-stm32.11.3.rel1.win32_1.1.0.202305231506/tools/bin/../lib/gcc/arm-none-eabi/11.3.1/../../../../arm-none-eabi/lib/thumb/v7-m/nofp\libc_nano.a(libc_a-findfp.o) (_fwalk_sglue)
C:/ST/STM32CubeIDE_1.13.1/STM32CubeIDE/plugins/com.st.stm32cube.ide.mcu.externaltools.gnu-tools-for-stm32.11.3.rel1.win32_1.1.0.202305231506/tools/bin/../lib/gcc/arm-none-eabi/11.3.1/../../../../arm-none-eabi/lib/thumb/v7-m/nofp\libc_nano.a(libc_a-stdio.o)
                              C:/ST/STM32CubeIDE_1.13.1/STM32CubeIDE/plugins/com.st.stm32cube.ide.mcu.externaltools.gnu-tools-for-stm32.11.3.rel1.win32_1.1.0.202305231506/tools/bin/../lib/gcc/arm-none-eabi/11.3.1/../../../../arm-none-eabi/lib/thumb/v7-m/nofp\libc_nano.a(libc_a-findfp.o) (__sread)
C:/ST/STM32CubeIDE_1.13.1/STM32CubeIDE/plugins/com.st.stm32cube.ide.mcu.externaltools.gnu-tools-for-stm32.11.3.rel1.win32_1.1.0.202305231506/tools/bin/../lib/gcc/arm-none-eabi/11.3.1/../../../../arm-none-eabi/lib/thumb/v7-m/nofp\libc_nano.a(libc_a-memcmp.o)
                              ./SEGGER/OS/SEGGER_SYSVIEW_FreeRTOS.o (memcmp)
C:/ST/STM32CubeIDE_1.13.1/STM32CubeIDE/plugins/com.st.stm32cube.ide.mcu.externaltools.gnu-tools-for-stm32.11.3.rel1.win32_1.1.0.202305231506/tools/bin/../lib/gcc/arm-none-eabi/11.3.1/../../../../arm-none-eabi/lib/thumb/v7-m/nofp\libc_nano.a(libc_a-memset.o)
                              C:/ST/STM32CubeIDE_1.13.1/STM32CubeIDE/plugins/com.st.stm32cube.ide.mcu.externaltools.gnu-tools-for-stm32.11.3.rel1.win32_1.1.0.202305231506/tools/bin/../lib/gcc/arm-none-eabi/11.3.1/../../../../arm-none-eabi/lib/thumb/v7-m/nofp/crt0.o (memset)
C:/ST/STM32CubeIDE_1.13.1/STM32CubeIDE/plugins/com.st.stm32cube.ide.mcu.externaltools.gnu-tools-for-stm32.11.3.rel1.win32_1.1.0.202305231506/tools/bin/../lib/gcc/arm-none-eabi/11.3.1/../../../../arm-none-eabi/lib/thumb/v7-m/nofp\libc_nano.a(libc_a-closer.o)
                              C:/ST/STM32CubeIDE_1.13.1/STM32CubeIDE/plugins/com.st.stm32cube.ide.mcu.externaltools.gnu-tools-for-stm32.11.3.rel1.win32_1.1.0.202305231506/tools/bin/../lib/gcc/arm-none-eabi/11.3.1/../../../../arm-none-eabi/lib/thumb/v7-m/nofp\libc_nano.a(libc_a-stdio.o) (_close_r)
C:/ST/STM32CubeIDE_1.13.1/STM32CubeIDE/plugins/com.st.stm32cube.ide.mcu.externaltools.gnu-tools-for-stm32.11.3.rel1.win32_1.1.0.202305231506/tools/bin/../lib/gcc/arm-none-eabi/11.3.1/../../../../arm-none-eabi/lib/thumb/v7-m/nofp\libc_nano.a(libc_a-reent.o)
                              C:/ST/STM32CubeIDE_1.13.1/STM32CubeIDE/plugins/com.st.stm32cube.ide.mcu.externaltools.gnu-tools-for-stm32.11.3.rel1.win32_1.1.0.202305231506/tools/bin/../lib/gcc/arm-none-eabi/11.3.1/../../../../arm-none-eabi/lib/thumb/v7-m/nofp\libc_nano.a(libc_a-closer.o) (errno)
C:/ST/STM32CubeIDE_1.13.1/STM32CubeIDE/plugins/com.st.stm32cube.ide.mcu.externaltools.gnu-tools-for-stm32.11.3.rel1.win32_1.1.0.202305231506/tools/bin/../lib/gcc/arm-none-eabi/11.3.1/../../../../arm-none-eabi/lib/thumb/v7-m/nofp\libc_nano.a(libc_a-impure.o)
                              C:/ST/STM32CubeIDE_1.13.1/STM32CubeIDE/plugins/com.st.stm32cube.ide.mcu.externaltools.gnu-tools-for-stm32.11.3.rel1.win32_1.1.0.202305231506/tools/bin/../lib/gcc/arm-none-eabi/11.3.1/../../../../arm-none-eabi/lib/thumb/v7-m/nofp\libc_nano.a(libc_a-reent.o) (_impure_ptr)
[...]
Memory Configuration

Name             Origin             Length             Attributes
RAM              0x0000000020000000 0x0000000000005000 xrw
FLASH            0x0000000008000000 0x0000000000010000 xr
*default*        0x0000000000000000 0xffffffffffffffff

Linker script and memory map

LOAD C:/ST/STM32CubeIDE_1.13.1/STM32CubeIDE/plugins/com.st.stm32cube.ide.mcu.externaltools.gnu-tools-for-stm32.11.3.rel1.win32_1.1.0.202305231506/tools/bin/../lib/gcc/arm-none-eabi/11.3.1/thumb/v7-m/nofp/crti.o
LOAD C:/ST/STM32CubeIDE_1.13.1/STM32CubeIDE/plugins/com.st.stm32cube.ide.mcu.externaltools.gnu-tools-for-stm32.11.3.rel1.win32_1.1.0.202305231506/tools/bin/../lib/gcc/arm-none-eabi/11.3.1/thumb/v7-m/nofp/crtbegin.o
LOAD C:/ST/STM32CubeIDE_1.13.1/STM32CubeIDE/plugins/com.st.stm32cube.ide.mcu.externaltools.gnu-tools-for-stm32.11.3.rel1.win32_1.1.0.202305231506/tools/bin/../lib/gcc/arm-none-eabi/11.3.1/../../../../arm-none-eabi/lib/thumb/v7-m/nofp/crt0.o
LOAD ./Core/Src/main.o
LOAD ./Core/Src/stm32f1xx_hal_msp.o
LOAD ./Core/Src/stm32f1xx_hal_timebase_tim.o
LOAD ./Core/Src/stm32f1xx_it.o
LOAD ./Core/Src/syscalls.o
LOAD ./Core/Src/sysmem.o
LOAD ./Core/Src/system_stm32f1xx.o
LOAD ./Core/Startup/startup_stm32f103c8tx.o
LOAD ./Drivers/STM32F1xx_HAL_Driver/Src/stm32f1xx_hal.o
LOAD ./Drivers/STM32F1xx_HAL_Driver/Src/stm32f1xx_hal_cortex.o
LOAD ./Drivers/STM32F1xx_HAL_Driver/Src/stm32f1xx_hal_dma.o
LOAD ./Drivers/STM32F1xx_HAL_Driver/Src/stm32f1xx_hal_exti.o
LOAD ./Drivers/STM32F1xx_HAL_Driver/Src/stm32f1xx_hal_flash.o
LOAD ./Drivers/STM32F1xx_HAL_Driver/Src/stm32f1xx_hal_flash_ex.o
LOAD ./Drivers/STM32F1xx_HAL_Driver/Src/stm32f1xx_hal_gpio.o
LOAD ./Drivers/STM32F1xx_HAL_Driver/Src/stm32f1xx_hal_gpio_ex.o
LOAD ./Drivers/STM32F1xx_HAL_Driver/Src/stm32f1xx_hal_pwr.o
LOAD ./Drivers/STM32F1xx_HAL_Driver/Src/stm32f1xx_hal_rcc.o
LOAD ./Drivers/STM32F1xx_HAL_Driver/Src/stm32f1xx_hal_rcc_ex.o
LOAD ./Drivers/STM32F1xx_HAL_Driver/Src/stm32f1xx_hal_tim.o
LOAD ./Drivers/STM32F1xx_HAL_Driver/Src/stm32f1xx_hal_tim_ex.o
LOAD ./Drivers/STM32F1xx_HAL_Driver/Src/stm32f1xx_hal_usart.o
LOAD ./SEGGER/Config/SEGGER_SYSVIEW_Config_FreeRTOS.o
LOAD ./SEGGER/OS/SEGGER_SYSVIEW_FreeRTOS.o
LOAD ./SEGGER/SEGGER/SEGGER_RTT.o
LOAD ./SEGGER/SEGGER/SEGGER_RTT_ASM_ARMv7M.o
LOAD ./SEGGER/SEGGER/SEGGER_RTT_printf.o
LOAD ./SEGGER/SEGGER/SEGGER_SYSVIEW.o
LOAD ./SEGGER/SEGGER/Syscalls/SEGGER_RTT_Syscalls_GCC.o
LOAD ./freeRtos/FreeRTOS/Source/croutine.o
LOAD ./freeRtos/FreeRTOS/Source/event_groups.o
LOAD ./freeRtos/FreeRTOS/Source/list.o
LOAD ./freeRtos/FreeRTOS/Source/queue.o
LOAD ./freeRtos/FreeRTOS/Source/stream_buffer.o
LOAD ./freeRtos/FreeRTOS/Source/tasks.o
LOAD ./freeRtos/FreeRTOS/Source/timers.o
LOAD ./freeRtos/FreeRTOS/Source/portable/GCC/ARM_CM3/port.o
LOAD ./freeRtos/FreeRTOS/Source/portable/MemMang/heap_4.o
START GROUP
LOAD C:/ST/STM32CubeIDE_1.13.1/STM32CubeIDE/plugins/com.st.stm32cube.ide.mcu.externaltools.gnu-tools-for-stm32.11.3.rel1.win32_1.1.0.202305231506/tools/bin/../lib/gcc/arm-none-eabi/11.3.1/../../../../arm-none-eabi/lib/thumb/v7-m/nofp\libc_nano.a
LOAD C:/ST/STM32CubeIDE_1.13.1/STM32CubeIDE/plugins/com.st.stm32cube.ide.mcu.externaltools.gnu-tools-for-stm32.11.3.rel1.win32_1.1.0.202305231506/tools/bin/../lib/gcc/arm-none-eabi/11.3.1/../../../../arm-none-eabi/lib/thumb/v7-m/nofp\libm.a
END GROUP
START GROUP
LOAD C:/ST/STM32CubeIDE_1.13.1/STM32CubeIDE/plugins/com.st.stm32cube.ide.mcu.externaltools.gnu-tools-for-stm32.11.3.rel1.win32_1.1.0.202305231506/tools/bin/../lib/gcc/arm-none-eabi/11.3.1/thumb/v7-m/nofp\libgcc.a
LOAD C:/ST/STM32CubeIDE_1.13.1/STM32CubeIDE/plugins/com.st.stm32cube.ide.mcu.externaltools.gnu-tools-for-stm32.11.3.rel1.win32_1.1.0.202305231506/tools/bin/../lib/gcc/arm-none-eabi/11.3.1/../../../../arm-none-eabi/lib/thumb/v7-m/nofp\libg_nano.a
LOAD C:/ST/STM32CubeIDE_1.13.1/STM32CubeIDE/plugins/com.st.stm32cube.ide.mcu.externaltools.gnu-tools-for-stm32.11.3.rel1.win32_1.1.0.202305231506/tools/bin/../lib/gcc/arm-none-eabi/11.3.1/../../../../arm-none-eabi/lib/thumb/v7-m/nofp\libc_nano.a
END GROUP
START GROUP
LOAD C:/ST/STM32CubeIDE_1.13.1/STM32CubeIDE/plugins/com.st.stm32cube.ide.mcu.externaltools.gnu-tools-for-stm32.11.3.rel1.win32_1.1.0.202305231506/tools/bin/../lib/gcc/arm-none-eabi/11.3.1/thumb/v7-m/nofp\libgcc.a
LOAD C:/ST/STM32CubeIDE_1.13.1/STM32CubeIDE/plugins/com.st.stm32cube.ide.mcu.externaltools.gnu-tools-for-stm32.11.3.rel1.win32_1.1.0.202305231506/tools/bin/../lib/gcc/arm-none-eabi/11.3.1/../../../../arm-none-eabi/lib/thumb/v7-m/nofp\libc_nano.a
LOAD C:/ST/STM32CubeIDE_1.13.1/STM32CubeIDE/plugins/com.st.stm32cube.ide.mcu.externaltools.gnu-tools-for-stm32.11.3.rel1.win32_1.1.0.202305231506/tools/bin/../lib/gcc/arm-none-eabi/11.3.1/../../../../arm-none-eabi/lib/thumb/v7-m/nofp\libnosys.a
END GROUP
START GROUP
LOAD C:/ST/STM32CubeIDE_1.13.1/STM32CubeIDE/plugins/com.st.stm32cube.ide.mcu.externaltools.gnu-tools-for-stm32.11.3.rel1.win32_1.1.0.202305231506/tools/bin/../lib/gcc/arm-none-eabi/11.3.1/thumb/v7-m/nofp\libgcc.a
LOAD C:/ST/STM32CubeIDE_1.13.1/STM32CubeIDE/plugins/com.st.stm32cube.ide.mcu.externaltools.gnu-tools-for-stm32.11.3.rel1.win32_1.1.0.202305231506/tools/bin/../lib/gcc/arm-none-eabi/11.3.1/../../../../arm-none-eabi/lib/thumb/v7-m/nofp\libc_nano.a
LOAD C:/ST/STM32CubeIDE_1.13.1/STM32CubeIDE/plugins/com.st.stm32cube.ide.mcu.externaltools.gnu-tools-for-stm32.11.3.rel1.win32_1.1.0.202305231506/tools/bin/../lib/gcc/arm-none-eabi/11.3.1/../../../../arm-none-eabi/lib/thumb/v7-m/nofp\libnosys.a
END GROUP
LOAD C:/ST/STM32CubeIDE_1.13.1/STM32CubeIDE/plugins/com.st.stm32cube.ide.mcu.externaltools.gnu-tools-for-stm32.11.3.rel1.win32_1.1.0.202305231506/tools/bin/../lib/gcc/arm-none-eabi/11.3.1/thumb/v7-m/nofp/crtend.o
LOAD C:/ST/STM32CubeIDE_1.13.1/STM32CubeIDE/plugins/com.st.stm32cube.ide.mcu.externaltools.gnu-tools-for-stm32.11.3.rel1.win32_1.1.0.202305231506/tools/bin/../lib/gcc/arm-none-eabi/11.3.1/thumb/v7-m/nofp/crtn.o
                0x0000000020005000                _estack = (ORIGIN (RAM) + LENGTH (RAM))
                0x0000000000000200                _Min_Heap_Size = 0x200
                0x0000000000000400                _Min_Stack_Size = 0x400

.isr_vector     0x0000000008000000      0x10c
                0x0000000008000000                . = ALIGN (0x4)
 *(.isr_vector)
 .isr_vector    0x0000000008000000      0x10c ./Core/Startup/startup_stm32f103c8tx.o
                0x0000000008000000                g_pfnVectors
                0x000000000800010c                . = ALIGN (0x4)

.text           0x0000000008000110     0x59ac
                0x0000000008000110                . = ALIGN (0x4)
 *(.text)
 .text          0x0000000008000110       0x40 C:/ST/STM32CubeIDE_1.13.1/STM32CubeIDE/plugins/com.st.stm32cube.ide.mcu.externaltools.gnu-tools-for-stm32.11.3.rel1.win32_1.1.0.202305231506/tools/bin/../lib/gcc/arm-none-eabi/11.3.1/thumb/v7-m/nofp/crtbegin.o
 .text          0x0000000008000150       0x8c ./SEGGER/SEGGER/SEGGER_RTT_ASM_ARMv7M.o
                0x0000000008000150                SEGGER_RTT_ASM_WriteSkipNoLock
 *(.text*)
 .text.Task1_handler
                0x00000000080001dc       0x34 ./Core/Src/main.o
                0x00000000080001dc                Task1_handler
 .text.Task2_handler
                0x0000000008000210       0x34 ./Core/Src/main.o
                0x0000000008000210                Task2_handler
 .text.main     0x0000000008000244       0x78 ./Core/Src/main.o
                0x0000000008000244                main
 .text.SystemClock_Config
                0x00000000080002bc       0x76 ./Core/Src/main.o
                0x00000000080002bc                SystemClock_Config
 *fill*         0x0000000008000332        0x2 
 .text.MX_USART1_Init
                0x0000000008000334       0x58 ./Core/Src/main.o
 .text.MX_GPIO_Init
                0x000000000800038c       0x2c ./Core/Src/main.o
 .text.HAL_TIM_PeriodElapsedCallback
                0x00000000080003b8       0x1e ./Core/Src/main.o
                0x00000000080003b8                HAL_TIM_PeriodElapsedCallback
 .text.Error_Handler
                0x00000000080003d6        0xa ./Core/Src/main.o
                0x00000000080003d6                Error_Handler
 .text.HAL_MspInit
                0x00000000080003e0       0x48 ./Core/Src/stm32f1xx_hal_msp.o
                0x00000000080003e0                HAL_MspInit
 .text.HAL_USART_MspInit
                0x0000000008000428       0x98 ./Core/Src/stm32f1xx_hal_msp.o
                0x0000000008000428                HAL_USART_MspInit
 .text.HAL_InitTick
                0x00000000080004c0       0xf8 ./Core/Src/stm32f1xx_hal_timebase_tim.o
                0x00000000080004c0                HAL_InitTick
 .text.NMI_Handler
                0x00000000080005b8        0x6 ./Core/Src/stm32f1xx_it.o
                0x00000000080005b8                NMI_Handler
 .text.HardFault_Handler
                0x00000000080005be        0x6 ./Core/Src/stm32f1xx_it.o
                0x00000000080005be                HardFault_Handler
 .text.MemManage_Handler
                0x00000000080005c4        0x6 ./Core/Src/stm32f1xx_it.o
                0x00000000080005c4                MemManage_Handler
 .text.BusFault_Handler
                0x00000000080005ca        0x6 ./Core/Src/stm32f1xx_it.o
                0x00000000080005ca                BusFault_Handler
 .text.UsageFault_Handler
                0x00000000080005d0        0x6 ./Core/Src/stm32f1xx_it.o
                0x00000000080005d0                UsageFault_Handler
 .text.DebugMon_Handler
                0x00000000080005d6        0xc ./Core/Src/stm32f1xx_it.o
                0x00000000080005d6                DebugMon_Handler
 *fill*         0x00000000080005e2        0x2 
 .text.TIM2_IRQHandler
                0x00000000080005e4       0x14 ./Core/Src/stm32f1xx_it.o
                0x00000000080005e4                TIM2_IRQHandler
 .text.SystemInit
                0x00000000080005f8        0xc ./Core/Src/system_stm32f1xx.o
                0x00000000080005f8                SystemInit
 .text.Reset_Handler
                0x0000000008000604       0x48 ./Core/Startup/startup_stm32f103c8tx.o
                0x0000000008000604                Reset_Handler
 .text.Default_Handler
                0x000000000800064c        0x2 ./Core/Startup/startup_stm32f103c8tx.o
                0x000000000800064c                RTC_Alarm_IRQHandler
                0x000000000800064c                EXTI2_IRQHandler
                0x000000000800064c                TIM1_CC_IRQHandler
                0x000000000800064c                PVD_IRQHandler
                0x000000000800064c                EXTI3_IRQHandler
                0x000000000800064c                EXTI0_IRQHandler
                0x000000000800064c                I2C2_EV_IRQHandler
                0x000000000800064c                ADC1_2_IRQHandler
                0x000000000800064c                SPI1_IRQHandler
                0x000000000800064c                TAMPER_IRQHandler
                0x000000000800064c                DMA1_Channel4_IRQHandler
                0x000000000800064c                USART3_IRQHandler
                0x000000000800064c                RTC_IRQHandler
                0x000000000800064c                DMA1_Channel7_IRQHandler
                0x000000000800064c                CAN1_RX1_IRQHandler
                0x000000000800064c                TIM4_IRQHandler
                0x000000000800064c                I2C1_EV_IRQHandler
                0x000000000800064c                DMA1_Channel6_IRQHandler
                0x000000000800064c                TIM3_IRQHandler
                0x000000000800064c                RCC_IRQHandler
                0x000000000800064c                TIM1_TRG_COM_IRQHandler
                0x000000000800064c                DMA1_Channel1_IRQHandler
                0x000000000800064c                Default_Handler
                0x000000000800064c                EXTI15_10_IRQHandler
                0x000000000800064c                EXTI9_5_IRQHandler
                0x000000000800064c                SPI2_IRQHandler
                0x000000000800064c                DMA1_Channel5_IRQHandler
                0x000000000800064c                EXTI4_IRQHandler
                0x000000000800064c                USB_LP_CAN1_RX0_IRQHandler
                0x000000000800064c                USB_HP_CAN1_TX_IRQHandler
                0x000000000800064c                DMA1_Channel3_IRQHandler
                0x000000000800064c                TIM1_UP_IRQHandler
                0x000000000800064c                WWDG_IRQHandler
                0x000000000800064c                TIM1_BRK_IRQHandler
                0x000000000800064c                EXTI1_IRQHandler
                0x000000000800064c                USART2_IRQHandler
                0x000000000800064c                I2C2_ER_IRQHandler
                0x000000000800064c                DMA1_Channel2_IRQHandler
                0x000000000800064c                CAN1_SCE_IRQHandler
                0x000000000800064c                FLASH_IRQHandler
                0x000000000800064c                USART1_IRQHandler
                0x000000000800064c                I2C1_ER_IRQHandler
                0x000000000800064c                USBWakeUp_IRQHandler
 *fill*         0x000000000800064e        0x2 
 .text.HAL_Init
                0x0000000008000650       0x2c ./Drivers/STM32F1xx_HAL_Driver/Src/stm32f1xx_hal.o
                0x0000000008000650                HAL_Init
 .text.HAL_IncTick
                0x000000000800067c       0x24 ./Drivers/STM32F1xx_HAL_Driver/Src/stm32f1xx_hal.o
                0x000000000800067c                HAL_IncTick
 .text.HAL_GetTick
                0x00000000080006a0       0x14 ./Drivers/STM32F1xx_HAL_Driver/Src/stm32f1xx_hal.o
                0x00000000080006a0                HAL_GetTick
 .text.__NVIC_SetPriorityGrouping
                0x00000000080006b4       0x48 ./Drivers/STM32F1xx_HAL_Driver/Src/stm32f1xx_hal_cortex.o
 .text.__NVIC_GetPriorityGrouping
                0x00000000080006fc       0x1c ./Drivers/STM32F1xx_HAL_Driver/Src/stm32f1xx_hal_cortex.o
 .text.__NVIC_EnableIRQ
                0x0000000008000718       0x38 ./Drivers/STM32F1xx_HAL_Driver/Src/stm32f1xx_hal_cortex.o
 .text.__NVIC_SetPriority
                0x0000000008000750       0x54 ./Drivers/STM32F1xx_HAL_Driver/Src/stm32f1xx_hal_cortex.o
 .text.NVIC_EncodePriority
                0x00000000080007a4       0x64 ./Drivers/STM32F1xx_HAL_Driver/Src/stm32f1xx_hal_cortex.o
 .text.HAL_NVIC_SetPriorityGrouping
                0x0000000008000808       0x16 ./Drivers/STM32F1xx_HAL_Driver/Src/stm32f1xx_hal_cortex.o
                0x0000000008000808                HAL_NVIC_SetPriorityGrouping
 .text.HAL_NVIC_SetPriority
                0x000000000800081e       0x38 ./Drivers/STM32F1xx_HAL_Driver/Src/stm32f1xx_hal_cortex.o
                0x000000000800081e                HAL_NVIC_SetPriority
 .text.HAL_NVIC_EnableIRQ
                0x0000000008000856       0x1c ./Drivers/STM32F1xx_HAL_Driver/Src/stm32f1xx_hal_cortex.o
                0x0000000008000856                HAL_NVIC_EnableIRQ
 *fill*         0x0000000008000872        0x2 
 .text.HAL_GPIO_Init
                0x0000000008000874      0x308 ./Drivers/STM32F1xx_HAL_Driver/Src/stm32f1xx_hal_gpio.o
                0x0000000008000874                HAL_GPIO_Init
 .text.HAL_RCC_OscConfig
                0x0000000008000b7c      0x504 ./Drivers/STM32F1xx_HAL_Driver/Src/stm32f1xx_hal_rcc.o
                0x0000000008000b7c                HAL_RCC_OscConfig
 .text.HAL_RCC_ClockConfig
                0x0000000008001080      0x1d4 ./Drivers/STM32F1xx_HAL_Driver/Src/stm32f1xx_hal_rcc.o
                0x0000000008001080                HAL_RCC_ClockConfig
 .text.HAL_RCC_GetSysClockFreq
                0x0000000008001254       0xa8 ./Drivers/STM32F1xx_HAL_Driver/Src/stm32f1xx_hal_rcc.o
                0x0000000008001254                HAL_RCC_GetSysClockFreq
 .text.HAL_RCC_GetHCLKFreq
                0x00000000080012fc       0x14 ./Drivers/STM32F1xx_HAL_Driver/Src/stm32f1xx_hal_rcc.o
                0x00000000080012fc                HAL_RCC_GetHCLKFreq
 .text.HAL_RCC_GetPCLK1Freq
                0x0000000008001310       0x28 ./Drivers/STM32F1xx_HAL_Driver/Src/stm32f1xx_hal_rcc.o
                0x0000000008001310                HAL_RCC_GetPCLK1Freq
 .text.HAL_RCC_GetPCLK2Freq
                0x0000000008001338       0x28 ./Drivers/STM32F1xx_HAL_Driver/Src/stm32f1xx_hal_rcc.o
                0x0000000008001338                HAL_RCC_GetPCLK2Freq
 .text.HAL_RCC_GetClockConfig
                0x0000000008001360       0x60 ./Drivers/STM32F1xx_HAL_Driver/Src/stm32f1xx_hal_rcc.o
                0x0000000008001360                HAL_RCC_GetClockConfig
 .text.RCC_Delay
                0x00000000080013c0       0x3c ./Drivers/STM32F1xx_HAL_Driver/Src/stm32f1xx_hal_rcc.o
 .text.HAL_TIM_Base_Init
                0x00000000080013fc       0x9e ./Drivers/STM32F1xx_HAL_Driver/Src/stm32f1xx_hal_tim.o
                0x00000000080013fc                HAL_TIM_Base_Init
 .text.HAL_TIM_Base_MspInit
                0x000000000800149a       0x12 ./Drivers/STM32F1xx_HAL_Driver/Src/stm32f1xx_hal_tim.o
                0x000000000800149a                HAL_TIM_Base_MspInit
 .text.HAL_TIM_Base_Start_IT
                0x00000000080014ac       0xa4 ./Drivers/STM32F1xx_HAL_Driver/Src/stm32f1xx_hal_tim.o
                0x00000000080014ac                HAL_TIM_Base_Start_IT
 .text.HAL_TIM_IRQHandler
                0x0000000008001550      0x210 ./Drivers/STM32F1xx_HAL_Driver/Src/stm32f1xx_hal_tim.o
                0x0000000008001550                HAL_TIM_IRQHandler
 .text.HAL_TIM_OC_DelayElapsedCallback
                0x0000000008001760       0x12 ./Drivers/STM32F1xx_HAL_Driver/Src/stm32f1xx_hal_tim.o
                0x0000000008001760                HAL_TIM_OC_DelayElapsedCallback
 .text.HAL_TIM_IC_CaptureCallback
                0x0000000008001772       0x12 ./Drivers/STM32F1xx_HAL_Driver/Src/stm32f1xx_hal_tim.o
                0x0000000008001772                HAL_TIM_IC_CaptureCallback
 .text.HAL_TIM_PWM_PulseFinishedCallback
                0x0000000008001784       0x12 ./Drivers/STM32F1xx_HAL_Driver/Src/stm32f1xx_hal_tim.o
                0x0000000008001784                HAL_TIM_PWM_PulseFinishedCallback
 .text.HAL_TIM_TriggerCallback
                0x0000000008001796       0x12 ./Drivers/STM32F1xx_HAL_Driver/Src/stm32f1xx_hal_tim.o
                0x0000000008001796                HAL_TIM_TriggerCallback
 .text.TIM_Base_SetConfig
                0x00000000080017a8       0xc4 ./Drivers/STM32F1xx_HAL_Driver/Src/stm32f1xx_hal_tim.o
                0x00000000080017a8                TIM_Base_SetConfig
 .text.HAL_TIMEx_CommutCallback
                0x000000000800186c       0x12 ./Drivers/STM32F1xx_HAL_Driver/Src/stm32f1xx_hal_tim_ex.o
                0x000000000800186c                HAL_TIMEx_CommutCallback
 .text.HAL_TIMEx_BreakCallback
                0x000000000800187e       0x12 ./Drivers/STM32F1xx_HAL_Driver/Src/stm32f1xx_hal_tim_ex.o
                0x000000000800187e                HAL_TIMEx_BreakCallback
 .text.HAL_USART_Init
                0x0000000008001890       0x82 ./Drivers/STM32F1xx_HAL_Driver/Src/stm32f1xx_hal_usart.o
                0x0000000008001890                HAL_USART_Init
 .text.HAL_USART_Transmit
                0x0000000008001912      0x120 ./Drivers/STM32F1xx_HAL_Driver/Src/stm32f1xx_hal_usart.o
                0x0000000008001912                HAL_USART_Transmit
 .text.USART_WaitOnFlagUntilTimeout
                0x0000000008001a32       0xac ./Drivers/STM32F1xx_HAL_Driver/Src/stm32f1xx_hal_usart.o
 *fill*         0x0000000008001ade        0x2 
 .text.USART_SetConfig
                0x0000000008001ae0      0x1f0 ./Drivers/STM32F1xx_HAL_Driver/Src/stm32f1xx_hal_usart.o
 .text._cbSendSystemDesc
                0x0000000008001cd0       0x1c ./SEGGER/Config/SEGGER_SYSVIEW_Config_FreeRTOS.o
 .text.SEGGER_SYSVIEW_Conf
                0x0000000008001cec       0x2c ./SEGGER/Config/SEGGER_SYSVIEW_Config_FreeRTOS.o
                0x0000000008001cec                SEGGER_SYSVIEW_Conf
 .text._cbSendTaskList
                0x0000000008001d18       0x90 ./SEGGER/OS/SEGGER_SYSVIEW_FreeRTOS.o
 .text._cbGetTime
                0x0000000008001da8       0x86 ./SEGGER/OS/SEGGER_SYSVIEW_FreeRTOS.o
 *fill*         0x0000000008001e2e        0x2 
 .text.SYSVIEW_AddTask
                0x0000000008001e30       0xd0 ./SEGGER/OS/SEGGER_SYSVIEW_FreeRTOS.o
                0x0000000008001e30                SYSVIEW_AddTask
 .text.SYSVIEW_SendTaskInfo
                0x0000000008001f00       0x42 ./SEGGER/OS/SEGGER_SYSVIEW_FreeRTOS.o
                0x0000000008001f00                SYSVIEW_SendTaskInfo
 *fill*         0x0000000008001f42        0x2 
 .text._DoInit  0x0000000008001f44       0xb0 ./SEGGER/SEGGER/SEGGER_RTT.o
 .text.SEGGER_RTT_ReadNoLock
                0x0000000008001ff4      0x10c ./SEGGER/SEGGER/SEGGER_RTT.o
                0x0000000008001ff4                SEGGER_RTT_ReadNoLock
 .text.SEGGER_RTT_AllocUpBuffer
                0x0000000008002100      0x104 ./SEGGER/SEGGER/SEGGER_RTT.o
                0x0000000008002100                SEGGER_RTT_AllocUpBuffer
 .text.SEGGER_RTT_ConfigDownBuffer
                0x0000000008002204       0x94 ./SEGGER/SEGGER/SEGGER_RTT.o
                0x0000000008002204                SEGGER_RTT_ConfigDownBuffer
 .text._EncodeStr
                0x0000000008002298       0x5e ./SEGGER/SEGGER/SEGGER_SYSVIEW.o
 .text._PreparePacket
                0x00000000080022f6       0x16 ./SEGGER/SEGGER/SEGGER_SYSVIEW.o
 .text._HandleIncomingPacket
                0x000000000800230c       0xdc ./SEGGER/SEGGER/SEGGER_SYSVIEW.o
 .text._TrySendOverflowPacket
                0x00000000080023e8       0xe4 ./SEGGER/SEGGER/SEGGER_SYSVIEW.o
 .text._SendPacket
                0x00000000080024cc      0x2dc ./SEGGER/SEGGER/SEGGER_SYSVIEW.o
 .text.SEGGER_SYSVIEW_Init
                0x00000000080027a8       0x88 ./SEGGER/SEGGER/SEGGER_SYSVIEW.o
                0x00000000080027a8                SEGGER_SYSVIEW_Init
 .text.SEGGER_SYSVIEW_SetRAMBase
                0x0000000008002830       0x1c ./SEGGER/SEGGER/SEGGER_SYSVIEW.o
                0x0000000008002830                SEGGER_SYSVIEW_SetRAMBase
 .text.SEGGER_SYSVIEW_RecordVoid
                0x000000000800284c       0x3c ./SEGGER/SEGGER/SEGGER_SYSVIEW.o
                0x000000000800284c                SEGGER_SYSVIEW_RecordVoid
 .text.SEGGER_SYSVIEW_RecordU32
                0x0000000008002888       0x78 ./SEGGER/SEGGER/SEGGER_SYSVIEW.o
                0x0000000008002888                SEGGER_SYSVIEW_RecordU32
 .text.SEGGER_SYSVIEW_RecordU32x2
                0x0000000008002900       0xb4 ./SEGGER/SEGGER/SEGGER_SYSVIEW.o
                0x0000000008002900                SEGGER_SYSVIEW_RecordU32x2
 .text.SEGGER_SYSVIEW_RecordU32x3
                0x00000000080029b4       0xec ./SEGGER/SEGGER/SEGGER_SYSVIEW.o
                0x00000000080029b4                SEGGER_SYSVIEW_RecordU32x3
 .text.SEGGER_SYSVIEW_RecordU32x4
                0x0000000008002aa0      0x124 ./SEGGER/SEGGER/SEGGER_SYSVIEW.o
                0x0000000008002aa0                SEGGER_SYSVIEW_RecordU32x4
 .text.SEGGER_SYSVIEW_Start
                0x0000000008002bc4      0x174 ./SEGGER/SEGGER/SEGGER_SYSVIEW.o
                0x0000000008002bc4                SEGGER_SYSVIEW_Start
 .text.SEGGER_SYSVIEW_Stop
                0x0000000008002d38       0x4c ./SEGGER/SEGGER/SEGGER_SYSVIEW.o
                0x0000000008002d38                SEGGER_SYSVIEW_Stop
 .text.SEGGER_SYSVIEW_GetSysDesc
                0x0000000008002d84      0x134 ./SEGGER/SEGGER/SEGGER_SYSVIEW.o
                0x0000000008002d84                SEGGER_SYSVIEW_GetSysDesc
 .text.SEGGER_SYSVIEW_SendTaskInfo
                0x0000000008002eb8      0x1c8 ./SEGGER/SEGGER/SEGGER_SYSVIEW.o
                0x0000000008002eb8                SEGGER_SYSVIEW_SendTaskInfo
 .text.SEGGER_SYSVIEW_SendTaskList
                0x0000000008003080       0x28 ./SEGGER/SEGGER/SEGGER_SYSVIEW.o
                0x0000000008003080                SEGGER_SYSVIEW_SendTaskList
 .text.SEGGER_SYSVIEW_SendSysDesc
                0x00000000080030a8       0x48 ./SEGGER/SEGGER/SEGGER_SYSVIEW.o
                0x00000000080030a8                SEGGER_SYSVIEW_SendSysDesc
 .text.SEGGER_SYSVIEW_RecordSystime
                0x00000000080030f0       0x64 ./SEGGER/SEGGER/SEGGER_SYSVIEW.o
                0x00000000080030f0                SEGGER_SYSVIEW_RecordSystime
 .text.SEGGER_SYSVIEW_RecordEnterISR
                0x0000000008003154       0x84 ./SEGGER/SEGGER/SEGGER_SYSVIEW.o
                0x0000000008003154                SEGGER_SYSVIEW_RecordEnterISR
 .text.SEGGER_SYSVIEW_RecordExitISR
                0x00000000080031d8       0x38 ./SEGGER/SEGGER/SEGGER_SYSVIEW.o
                0x00000000080031d8                SEGGER_SYSVIEW_RecordExitISR
 .text.SEGGER_SYSVIEW_RecordExitISRToScheduler
                0x0000000008003210       0x38 ./SEGGER/SEGGER/SEGGER_SYSVIEW.o
                0x0000000008003210                SEGGER_SYSVIEW_RecordExitISRToScheduler
 .text.SEGGER_SYSVIEW_OnIdle
                0x0000000008003248       0x38 ./SEGGER/SEGGER/SEGGER_SYSVIEW.o
                0x0000000008003248                SEGGER_SYSVIEW_OnIdle
 .text.SEGGER_SYSVIEW_OnTaskCreate
                0x0000000008003280       0x84 ./SEGGER/SEGGER/SEGGER_SYSVIEW.o
                0x0000000008003280                SEGGER_SYSVIEW_OnTaskCreate
 .text.SEGGER_SYSVIEW_OnTaskStartExec
                0x0000000008003304       0x84 ./SEGGER/SEGGER/SEGGER_SYSVIEW.o
                0x0000000008003304                SEGGER_SYSVIEW_OnTaskStartExec
 .text.SEGGER_SYSVIEW_OnTaskStartReady
                0x0000000008003388       0x84 ./SEGGER/SEGGER/SEGGER_SYSVIEW.o
                0x0000000008003388                SEGGER_SYSVIEW_OnTaskStartReady
 .text.SEGGER_SYSVIEW_ShrinkId
                0x000000000800340c       0x20 ./SEGGER/SEGGER/SEGGER_SYSVIEW.o
                0x000000000800340c                SEGGER_SYSVIEW_ShrinkId
 .text.SEGGER_SYSVIEW_SendModule
                0x000000000800342c      0x114 ./SEGGER/SEGGER/SEGGER_SYSVIEW.o
                0x000000000800342c                SEGGER_SYSVIEW_SendModule
 .text.SEGGER_SYSVIEW_SendModuleDescription
                0x0000000008003540       0x3c ./SEGGER/SEGGER/SEGGER_SYSVIEW.o
                0x0000000008003540                SEGGER_SYSVIEW_SendModuleDescription
 .text.SEGGER_SYSVIEW_SendNumModules
                0x000000000800357c       0x7c ./SEGGER/SEGGER/SEGGER_SYSVIEW.o
                0x000000000800357c                SEGGER_SYSVIEW_SendNumModules
 .text.SEGGER_SYSVIEW_Warn
                0x00000000080035f8       0xb8 ./SEGGER/SEGGER/SEGGER_SYSVIEW.o
                0x00000000080035f8                SEGGER_SYSVIEW_Warn
 .text.vListInitialise
                0x00000000080036b0       0x3e ./freeRtos/FreeRTOS/Source/list.o
                0x00000000080036b0                vListInitialise
 .text.vListInitialiseItem
                0x00000000080036ee       0x18 ./freeRtos/FreeRTOS/Source/list.o
                0x00000000080036ee                vListInitialiseItem
 .text.vListInsert
                0x0000000008003706       0x70 ./freeRtos/FreeRTOS/Source/list.o
                0x0000000008003706                vListInsert
 .text.uxListRemove
                0x0000000008003776       0x52 ./freeRtos/FreeRTOS/Source/list.o
                0x0000000008003776                uxListRemove
 .text.xQueueGenericReset
                0x00000000080037c8      0x104 ./freeRtos/FreeRTOS/Source/queue.o
                0x00000000080037c8                xQueueGenericReset
 .text.xQueueGenericCreate
                0x00000000080038cc       0x9c ./freeRtos/FreeRTOS/Source/queue.o
                0x00000000080038cc                xQueueGenericCreate
 .text.prvInitialiseNewQueue
                0x0000000008003968       0x52 ./freeRtos/FreeRTOS/Source/queue.o
 *fill*         0x00000000080039ba        0x2 
 .text.xQueueReceive
                0x00000000080039bc      0x20c ./freeRtos/FreeRTOS/Source/queue.o
                0x00000000080039bc                xQueueReceive
 .text.prvCopyDataFromQueue
                0x0000000008003bc8       0x4c ./freeRtos/FreeRTOS/Source/queue.o
 .text.prvUnlockQueue
                0x0000000008003c14       0xa4 ./freeRtos/FreeRTOS/Source/queue.o
 .text.prvIsQueueEmpty
                0x0000000008003cb8       0x2c ./freeRtos/FreeRTOS/Source/queue.o
 .text.vQueueAddToRegistry
                0x0000000008003ce4       0xac ./freeRtos/FreeRTOS/Source/queue.o
                0x0000000008003ce4                vQueueAddToRegistry
 .text.vQueueWaitForMessageRestricted
                0x0000000008003d90       0x68 ./freeRtos/FreeRTOS/Source/queue.o
                0x0000000008003d90                vQueueWaitForMessageRestricted
 .text.xTaskCreate
                0x0000000008003df8       0x8c ./freeRtos/FreeRTOS/Source/tasks.o
                0x0000000008003df8                xTaskCreate
 .text.prvInitialiseNewTask
                0x0000000008003e84      0x11c ./freeRtos/FreeRTOS/Source/tasks.o
 .text.prvAddNewTaskToReadyList
                0x0000000008003fa0      0x14c ./freeRtos/FreeRTOS/Source/tasks.o
 .text.vTaskStartScheduler
                0x00000000080040ec       0xc4 ./freeRtos/FreeRTOS/Source/tasks.o
                0x00000000080040ec                vTaskStartScheduler
 .text.vTaskSuspendAll
                0x00000000080041b0       0x1c ./freeRtos/FreeRTOS/Source/tasks.o
                0x00000000080041b0                vTaskSuspendAll
 .text.xTaskResumeAll
                0x00000000080041cc      0x1e4 ./freeRtos/FreeRTOS/Source/tasks.o
                0x00000000080041cc                xTaskResumeAll
 .text.xTaskGetTickCount
                0x00000000080043b0       0x1c ./freeRtos/FreeRTOS/Source/tasks.o
                0x00000000080043b0                xTaskGetTickCount
 .text.xTaskGetTickCountFromISR
                0x00000000080043cc       0x24 ./freeRtos/FreeRTOS/Source/tasks.o
                0x00000000080043cc                xTaskGetTickCountFromISR
 .text.xTaskIncrementTick
                0x00000000080043f0      0x1f0 ./freeRtos/FreeRTOS/Source/tasks.o
                0x00000000080043f0                xTaskIncrementTick
 .text.vTaskSwitchContext
                0x00000000080045e0       0xd4 ./freeRtos/FreeRTOS/Source/tasks.o
                0x00000000080045e0                vTaskSwitchContext
 .text.vTaskPlaceOnEventList
                0x00000000080046b4       0x48 ./freeRtos/FreeRTOS/Source/tasks.o
                0x00000000080046b4                vTaskPlaceOnEventList
 .text.vTaskPlaceOnEventListRestricted
                0x00000000080046fc       0x90 ./freeRtos/FreeRTOS/Source/tasks.o
                0x00000000080046fc                vTaskPlaceOnEventListRestricted
 .text.xTaskRemoveFromEventList
                0x000000000800478c      0x1b0 ./freeRtos/FreeRTOS/Source/tasks.o
                0x000000000800478c                xTaskRemoveFromEventList
 .text.vTaskInternalSetTimeOutState
                0x000000000800493c       0x2c ./freeRtos/FreeRTOS/Source/tasks.o
                0x000000000800493c                vTaskInternalSetTimeOutState
 .text.xTaskCheckForTimeOut
                0x0000000008004968       0xcc ./freeRtos/FreeRTOS/Source/tasks.o
                0x0000000008004968                xTaskCheckForTimeOut
 .text.vTaskMissedYield
                0x0000000008004a34       0x18 ./freeRtos/FreeRTOS/Source/tasks.o
                0x0000000008004a34                vTaskMissedYield
 .text.prvIdleTask
                0x0000000008004a4c       0x24 ./freeRtos/FreeRTOS/Source/tasks.o
 .text.prvInitialiseTaskLists
                0x0000000008004a70       0x80 ./freeRtos/FreeRTOS/Source/tasks.o
 .text.prvCheckTasksWaitingTermination
                0x0000000008004af0       0x5c ./freeRtos/FreeRTOS/Source/tasks.o
 .text.prvDeleteTCB
                0x0000000008004b4c       0x20 ./freeRtos/FreeRTOS/Source/tasks.o
 .text.prvResetNextTaskUnblockTime
                0x0000000008004b6c       0x34 ./freeRtos/FreeRTOS/Source/tasks.o
 .text.xTaskGetSchedulerState
                0x0000000008004ba0       0x3c ./freeRtos/FreeRTOS/Source/tasks.o
                0x0000000008004ba0                xTaskGetSchedulerState
 .text.prvAddCurrentTaskToDelayedList
                0x0000000008004bdc      0x100 ./freeRtos/FreeRTOS/Source/tasks.o
 .text.xTimerCreateTimerTask
                0x0000000008004cdc       0x64 ./freeRtos/FreeRTOS/Source/timers.o
                0x0000000008004cdc                xTimerCreateTimerTask
 .text.prvReloadTimer
                0x0000000008004d40       0x42 ./freeRtos/FreeRTOS/Source/timers.o
 *fill*         0x0000000008004d82        0x2 
 .text.prvProcessExpiredTimer
                0x0000000008004d84       0x60 ./freeRtos/FreeRTOS/Source/timers.o
 .text.prvTimerTask
                0x0000000008004de4       0x24 ./freeRtos/FreeRTOS/Source/timers.o
 .text.prvProcessTimerOrBlockTask
                0x0000000008004e08       0x9c ./freeRtos/FreeRTOS/Source/timers.o
 .text.prvGetNextExpireTime
                0x0000000008004ea4       0x44 ./freeRtos/FreeRTOS/Source/timers.o
 .text.prvSampleTimeNow
                0x0000000008004ee8       0x40 ./freeRtos/FreeRTOS/Source/timers.o
 .text.prvInsertTimerInActiveList
                0x0000000008004f28       0x84 ./freeRtos/FreeRTOS/Source/timers.o
 .text.prvProcessReceivedCommands
                0x0000000008004fac      0x17c ./freeRtos/FreeRTOS/Source/timers.o
 .text.prvSwitchTimerLists
                0x0000000008005128       0x4c ./freeRtos/FreeRTOS/Source/timers.o
 .text.prvCheckForValidListAndQueue
                0x0000000008005174       0x6c ./freeRtos/FreeRTOS/Source/timers.o
 .text.pxPortInitialiseStack
                0x00000000080051e0       0x58 ./freeRtos/FreeRTOS/Source/portable/GCC/ARM_CM3/port.o
                0x00000000080051e0                pxPortInitialiseStack
 .text.prvTaskExitError
                0x0000000008005238       0x58 ./freeRtos/FreeRTOS/Source/portable/GCC/ARM_CM3/port.o
 .text.SVC_Handler
                0x0000000008005290       0x28 ./freeRtos/FreeRTOS/Source/portable/GCC/ARM_CM3/port.o
                0x0000000008005290                SVC_Handler
 .text.prvPortStartFirstTask
                0x00000000080052b8       0x24 ./freeRtos/FreeRTOS/Source/portable/GCC/ARM_CM3/port.o
 .text.xPortStartScheduler
                0x00000000080052dc       0xe4 ./freeRtos/FreeRTOS/Source/portable/GCC/ARM_CM3/port.o
                0x00000000080052dc                xPortStartScheduler
 .text.vInitPrioGroupValue
                0x00000000080053c0       0xac ./freeRtos/FreeRTOS/Source/portable/GCC/ARM_CM3/port.o
                0x00000000080053c0                vInitPrioGroupValue
 .text.vPortEnterCritical
                0x000000000800546c       0x60 ./freeRtos/FreeRTOS/Source/portable/GCC/ARM_CM3/port.o
                0x000000000800546c                vPortEnterCritical
 .text.vPortExitCritical
                0x00000000080054cc       0x50 ./freeRtos/FreeRTOS/Source/portable/GCC/ARM_CM3/port.o
                0x00000000080054cc                vPortExitCritical
 *fill*         0x000000000800551c        0x4 
 .text.PendSV_Handler
                0x0000000008005520       0x48 ./freeRtos/FreeRTOS/Source/portable/GCC/ARM_CM3/port.o
                0x0000000008005520                PendSV_Handler
 .text.SysTick_Handler
                0x0000000008005568       0x54 ./freeRtos/FreeRTOS/Source/portable/GCC/ARM_CM3/port.o
                0x0000000008005568                SysTick_Handler
 .text.vPortSetupTimerInterrupt
                0x00000000080055bc       0x44 ./freeRtos/FreeRTOS/Source/portable/GCC/ARM_CM3/port.o
                0x00000000080055bc                vPortSetupTimerInterrupt
 .text.vPortValidateInterruptPriority
                0x0000000008005600       0x7c ./freeRtos/FreeRTOS/Source/portable/GCC/ARM_CM3/port.o
                0x0000000008005600                vPortValidateInterruptPriority
 .text.pvPortMalloc
                0x000000000800567c      0x174 ./freeRtos/FreeRTOS/Source/portable/MemMang/heap_4.o
                0x000000000800567c                pvPortMalloc
 .text.vPortFree
                0x00000000080057f0       0xb8 ./freeRtos/FreeRTOS/Source/portable/MemMang/heap_4.o
                0x00000000080057f0                vPortFree
 .text.prvHeapInit
                0x00000000080058a8       0xb8 ./freeRtos/FreeRTOS/Source/portable/MemMang/heap_4.o
 .text.prvInsertBlockIntoFreeList
                0x0000000008005960       0xb0 ./freeRtos/FreeRTOS/Source/portable/MemMang/heap_4.o
 .text.memcmp   0x0000000008005a10       0x20 C:/ST/STM32CubeIDE_1.13.1/STM32CubeIDE/plugins/com.st.stm32cube.ide.mcu.externaltools.gnu-tools-for-stm32.11.3.rel1.win32_1.1.0.202305231506/tools/bin/../lib/gcc/arm-none-eabi/11.3.1/../../../../arm-none-eabi/lib/thumb/v7-m/nofp\libc_nano.a(libc_a-memcmp.o)
                0x0000000008005a10                memcmp
 .text.memset   0x0000000008005a30       0x10 C:/ST/STM32CubeIDE_1.13.1/STM32CubeIDE/plugins/com.st.stm32cube.ide.mcu.externaltools.gnu-tools-for-stm32.11.3.rel1.win32_1.1.0.202305231506/tools/bin/../lib/gcc/arm-none-eabi/11.3.1/../../../../arm-none-eabi/lib/thumb/v7-m/nofp\libc_nano.a(libc_a-memset.o)
                0x0000000008005a30                memset
 .text.__libc_init_array
                0x0000000008005a40       0x48 C:/ST/STM32CubeIDE_1.13.1/STM32CubeIDE/plugins/com.st.stm32cube.ide.mcu.externaltools.gnu-tools-for-stm32.11.3.rel1.win32_1.1.0.202305231506/tools/bin/../lib/gcc/arm-none-eabi/11.3.1/../../../../arm-none-eabi/lib/thumb/v7-m/nofp\libc_nano.a(libc_a-init.o)
                0x0000000008005a40                __libc_init_array
 .text.memcpy   0x0000000008005a88       0x1c C:/ST/STM32CubeIDE_1.13.1/STM32CubeIDE/plugins/com.st.stm32cube.ide.mcu.externaltools.gnu-tools-for-stm32.11.3.rel1.win32_1.1.0.202305231506/tools/bin/../lib/gcc/arm-none-eabi/11.3.1/../../../../arm-none-eabi/lib/thumb/v7-m/nofp\libc_nano.a(libc_a-memcpy-stub.o)
                0x0000000008005a88                memcpy
 *(.glue_7)
 .glue_7        0x0000000008005aa4        0x0 linker stubs
 *(.glue_7t)
 .glue_7t       0x0000000008005aa4        0x0 linker stubs
 *(.eh_frame)
 .eh_frame      0x0000000008005aa4        0x0 C:/ST/STM32CubeIDE_1.13.1/STM32CubeIDE/plugins/com.st.stm32cube.ide.mcu.externaltools.gnu-tools-for-stm32.11.3.rel1.win32_1.1.0.202305231506/tools/bin/../lib/gcc/arm-none-eabi/11.3.1/thumb/v7-m/nofp/crtbegin.o
 *(.init)
 .init          0x0000000008005aa4        0x4 C:/ST/STM32CubeIDE_1.13.1/STM32CubeIDE/plugins/com.st.stm32cube.ide.mcu.externaltools.gnu-tools-for-stm32.11.3.rel1.win32_1.1.0.202305231506/tools/bin/../lib/gcc/arm-none-eabi/11.3.1/thumb/v7-m/nofp/crti.o
                0x0000000008005aa4                _init
 .init          0x0000000008005aa8        0x8 C:/ST/STM32CubeIDE_1.13.1/STM32CubeIDE/plugins/com.st.stm32cube.ide.mcu.externaltools.gnu-tools-for-stm32.11.3.rel1.win32_1.1.0.202305231506/tools/bin/../lib/gcc/arm-none-eabi/11.3.1/thumb/v7-m/nofp/crtn.o
 *(.fini)
 .fini          0x0000000008005ab0        0x4 C:/ST/STM32CubeIDE_1.13.1/STM32CubeIDE/plugins/com.st.stm32cube.ide.mcu.externaltools.gnu-tools-for-stm32.11.3.rel1.win32_1.1.0.202305231506/tools/bin/../lib/gcc/arm-none-eabi/11.3.1/thumb/v7-m/nofp/crti.o
                0x0000000008005ab0                _fini
 .fini          0x0000000008005ab4        0x8 C:/ST/STM32CubeIDE_1.13.1/STM32CubeIDE/plugins/com.st.stm32cube.ide.mcu.externaltools.gnu-tools-for-stm32.11.3.rel1.win32_1.1.0.202305231506/tools/bin/../lib/gcc/arm-none-eabi/11.3.1/thumb/v7-m/nofp/crtn.o
                0x0000000008005abc                . = ALIGN (0x4)
                0x0000000008005abc                _etext = .

.vfp11_veneer   0x0000000008005abc        0x0
 .vfp11_veneer  0x0000000008005abc        0x0 linker stubs

.v4_bx          0x0000000008005abc        0x0
 .v4_bx         0x0000000008005abc        0x0 linker stubs

.iplt           0x0000000008005abc        0x0
 .iplt          0x0000000008005abc        0x0 C:/ST/STM32CubeIDE_1.13.1/STM32CubeIDE/plugins/com.st.stm32cube.ide.mcu.externaltools.gnu-tools-for-stm32.11.3.rel1.win32_1.1.0.202305231506/tools/bin/../lib/gcc/arm-none-eabi/11.3.1/thumb/v7-m/nofp/crtbegin.o

.rodata         0x0000000008005abc      0x16c
                0x0000000008005abc                . = ALIGN (0x4)
 *(.rodata)
 .rodata        0x0000000008005abc       0x47 ./Core/Src/main.o
 *fill*         0x0000000008005b03        0x1 
 .rodata        0x0000000008005b04       0x41 ./SEGGER/Config/SEGGER_SYSVIEW_Config_FreeRTOS.o
 *fill*         0x0000000008005b45        0x3 
 .rodata        0x0000000008005b48       0x58 ./SEGGER/OS/SEGGER_SYSVIEW_FreeRTOS.o
 .rodata        0x0000000008005ba0        0x9 ./SEGGER/SEGGER/SEGGER_RTT.o
 *fill*         0x0000000008005ba9        0x3 
 .rodata        0x0000000008005bac       0x10 ./SEGGER/SEGGER/SEGGER_SYSVIEW.o
 .rodata        0x0000000008005bbc        0x5 ./freeRtos/FreeRTOS/Source/tasks.o
 *fill*         0x0000000008005bc1        0x3 
 .rodata        0x0000000008005bc4        0xd ./freeRtos/FreeRTOS/Source/timers.o
 *(.rodata*)
 *fill*         0x0000000008005bd1        0x3 
 .rodata.AHBPrescTable
                0x0000000008005bd4       0x10 ./Core/Src/system_stm32f1xx.o
                0x0000000008005bd4                AHBPrescTable
 .rodata.APBPrescTable
                0x0000000008005be4        0x8 ./Core/Src/system_stm32f1xx.o
                0x0000000008005be4                APBPrescTable
 .rodata.aPLLMULFactorTable.1
                0x0000000008005bec       0x10 ./Drivers/STM32F1xx_HAL_Driver/Src/stm32f1xx_hal_rcc.o
 .rodata.aPredivFactorTable.0
                0x0000000008005bfc        0x2 ./Drivers/STM32F1xx_HAL_Driver/Src/stm32f1xx_hal_rcc.o
 *fill*         0x0000000008005bfe        0x2 
 .rodata.SYSVIEW_X_OS_TraceAPI
                0x0000000008005c00        0x8 ./SEGGER/OS/SEGGER_SYSVIEW_FreeRTOS.o
                0x0000000008005c00                SYSVIEW_X_OS_TraceAPI
 .rodata._aInitStr.0
                0x0000000008005c08       0x11 ./SEGGER/SEGGER/SEGGER_RTT.o
 *fill*         0x0000000008005c19        0x3 
 .rodata._abSync
                0x0000000008005c1c        0xa ./SEGGER/SEGGER/SEGGER_SYSVIEW.o
                0x0000000008005c28                . = ALIGN (0x4)
 *fill*         0x0000000008005c26        0x2 

.rel.dyn        0x0000000008005c28        0x0
 .rel.iplt      0x0000000008005c28        0x0 C:/ST/STM32CubeIDE_1.13.1/STM32CubeIDE/plugins/com.st.stm32cube.ide.mcu.externaltools.gnu-tools-for-stm32.11.3.rel1.win32_1.1.0.202305231506/tools/bin/../lib/gcc/arm-none-eabi/11.3.1/thumb/v7-m/nofp/crtbegin.o

.ARM.extab      0x0000000008005c28        0x0
                0x0000000008005c28                . = ALIGN (0x4)
 *(.ARM.extab* .gnu.linkonce.armextab.*)
                0x0000000008005c28                . = ALIGN (0x4)

.ARM            0x0000000008005c28        0x0
                0x0000000008005c28                . = ALIGN (0x4)
                0x0000000008005c28                __exidx_start = .
 *(.ARM.exidx*)
                0x0000000008005c28                __exidx_end = .
                0x0000000008005c28                . = ALIGN (0x4)

.preinit_array  0x0000000008005c28        0x0
                0x0000000008005c28                . = ALIGN (0x4)
                0x0000000008005c28                PROVIDE (__preinit_array_start = .)
 *(.preinit_array*)
                0x0000000008005c28                PROVIDE (__preinit_array_end = .)
                0x0000000008005c28                . = ALIGN (0x4)

.init_array     0x0000000008005c28        0x4
                0x0000000008005c28                . = ALIGN (0x4)
                0x0000000008005c28                PROVIDE (__init_array_start = .)
 *(SORT_BY_NAME(.init_array.*))
 *(.init_array*)
 .init_array    0x0000000008005c28        0x4 C:/ST/STM32CubeIDE_1.13.1/STM32CubeIDE/plugins/com.st.stm32cube.ide.mcu.externaltools.gnu-tools-for-stm32.11.3.rel1.win32_1.1.0.202305231506/tools/bin/../lib/gcc/arm-none-eabi/11.3.1/thumb/v7-m/nofp/crtbegin.o
                0x0000000008005c2c                PROVIDE (__init_array_end = .)
                0x0000000008005c2c                . = ALIGN (0x4)

.fini_array     0x0000000008005c2c        0x4
                0x0000000008005c2c                . = ALIGN (0x4)
                [!provide]                        PROVIDE (__fini_array_start = .)
 *(SORT_BY_NAME(.fini_array.*))
 *(.fini_array*)
 .fini_array    0x0000000008005c2c        0x4 C:/ST/STM32CubeIDE_1.13.1/STM32CubeIDE/plugins/com.st.stm32cube.ide.mcu.externaltools.gnu-tools-for-stm32.11.3.rel1.win32_1.1.0.202305231506/tools/bin/../lib/gcc/arm-none-eabi/11.3.1/thumb/v7-m/nofp/crtbegin.o
                [!provide]                        PROVIDE (__fini_array_end = .)
                0x0000000008005c30                . = ALIGN (0x4)
                0x0000000008005c30                _sidata = LOADADDR (.data)

.data           0x0000000020000000       0x14 load address 0x0000000008005c30
                0x0000000020000000                . = ALIGN (0x4)
                0x0000000020000000                _sdata = .
 *(.data)
 *(.data*)
 .data.SystemCoreClock
                0x0000000020000000        0x4 ./Core/Src/system_stm32f1xx.o
                0x0000000020000000                SystemCoreClock
 .data.uwTickPrio
                0x0000000020000004        0x4 ./Drivers/STM32F1xx_HAL_Driver/Src/stm32f1xx_hal.o
                0x0000000020000004                uwTickPrio
 .data.uwTickFreq
                0x0000000020000008        0x1 ./Drivers/STM32F1xx_HAL_Driver/Src/stm32f1xx_hal.o
                0x0000000020000008                uwTickFreq
 *fill*         0x0000000020000009        0x3 
 .data.uxTopUsedPriority
                0x000000002000000c        0x4 ./freeRtos/FreeRTOS/Source/tasks.o
                0x000000002000000c                uxTopUsedPriority
 .data.uxCriticalNesting
                0x0000000020000010        0x4 ./freeRtos/FreeRTOS/Source/portable/GCC/ARM_CM3/port.o
 *(.RamFunc)
 *(.RamFunc*)
                0x0000000020000014                . = ALIGN (0x4)
                0x0000000020000014                _edata = .

.igot.plt       0x0000000020000014        0x0 load address 0x0000000008005c44
 .igot.plt      0x0000000020000014        0x0 C:/ST/STM32CubeIDE_1.13.1/STM32CubeIDE/plugins/com.st.stm32cube.ide.mcu.externaltools.gnu-tools-for-stm32.11.3.rel1.win32_1.1.0.202305231506/tools/bin/../lib/gcc/arm-none-eabi/11.3.1/thumb/v7-m/nofp/crtbegin.o
                0x0000000020000014                . = ALIGN (0x4)

.bss            0x0000000020000014     0x40c8 load address 0x0000000008005c44
                0x0000000020000014                _sbss = .
                0x0000000020000014                __bss_start__ = _sbss
 *(.bss)
 .bss           0x0000000020000014       0x1c C:/ST/STM32CubeIDE_1.13.1/STM32CubeIDE/plugins/com.st.stm32cube.ide.mcu.externaltools.gnu-tools-for-stm32.11.3.rel1.win32_1.1.0.202305231506/tools/bin/../lib/gcc/arm-none-eabi/11.3.1/thumb/v7-m/nofp/crtbegin.o
 *(.bss*)
 .bss.husart1   0x0000000020000030       0x44 ./Core/Src/main.o
                0x0000000020000030                husart1
 .bss.htim2     0x0000000020000074       0x48 ./Core/Src/stm32f1xx_hal_timebase_tim.o
                0x0000000020000074                htim2
 .bss.uwTick    0x00000000200000bc        0x4 ./Drivers/STM32F1xx_HAL_Driver/Src/stm32f1xx_hal.o
                0x00000000200000bc                uwTick
 .bss._aTasks   0x00000000200000c0       0xa0 ./SEGGER/OS/SEGGER_SYSVIEW_FreeRTOS.o
 .bss._NumTasks
                0x0000000020000160        0x4 ./SEGGER/OS/SEGGER_SYSVIEW_FreeRTOS.o
 .bss._SEGGER_RTT
                0x0000000020000164       0xa8 ./SEGGER/SEGGER/SEGGER_RTT.o
                0x0000000020000164                _SEGGER_RTT
 .bss._acUpBuffer
                0x000000002000020c      0x400 ./SEGGER/SEGGER/SEGGER_RTT.o
 .bss._acDownBuffer
                0x000000002000060c       0x10 ./SEGGER/SEGGER/SEGGER_RTT.o
 .bss._UpBuffer
                0x000000002000061c     0x1000 ./SEGGER/SEGGER/SEGGER_SYSVIEW.o
 .bss._DownBuffer
                0x000000002000161c        0x8 ./SEGGER/SEGGER/SEGGER_SYSVIEW.o
 .bss._SYSVIEW_Globals
                0x0000000020001624       0x28 ./SEGGER/SEGGER/SEGGER_SYSVIEW.o
 .bss._pFirstModule
                0x000000002000164c        0x4 ./SEGGER/SEGGER/SEGGER_SYSVIEW.o
 .bss._NumModules
                0x0000000020001650        0x1 ./SEGGER/SEGGER/SEGGER_SYSVIEW.o
 *fill*         0x0000000020001651        0x3 
 .bss._aPacket  0x0000000020001654       0xe3 ./SEGGER/SEGGER/SEGGER_SYSVIEW.o
 *fill*         0x0000000020001737        0x1 
 .bss.xQueueRegistry
                0x0000000020001738       0x40 ./freeRtos/FreeRTOS/Source/queue.o
                0x0000000020001738                xQueueRegistry
 .bss.pxCurrentTCB
                0x0000000020001778        0x4 ./freeRtos/FreeRTOS/Source/tasks.o
                0x0000000020001778                pxCurrentTCB
 .bss.pxReadyTasksLists
                0x000000002000177c       0x64 ./freeRtos/FreeRTOS/Source/tasks.o
 .bss.xDelayedTaskList1
                0x00000000200017e0       0x14 ./freeRtos/FreeRTOS/Source/tasks.o
 .bss.xDelayedTaskList2
                0x00000000200017f4       0x14 ./freeRtos/FreeRTOS/Source/tasks.o
 .bss.pxDelayedTaskList
                0x0000000020001808        0x4 ./freeRtos/FreeRTOS/Source/tasks.o
 .bss.pxOverflowDelayedTaskList
                0x000000002000180c        0x4 ./freeRtos/FreeRTOS/Source/tasks.o
 .bss.xPendingReadyList
                0x0000000020001810       0x14 ./freeRtos/FreeRTOS/Source/tasks.o
 .bss.xTasksWaitingTermination
                0x0000000020001824       0x14 ./freeRtos/FreeRTOS/Source/tasks.o
 .bss.uxDeletedTasksWaitingCleanUp
                0x0000000020001838        0x4 ./freeRtos/FreeRTOS/Source/tasks.o
 .bss.xSuspendedTaskList
                0x000000002000183c       0x14 ./freeRtos/FreeRTOS/Source/tasks.o
 .bss.uxCurrentNumberOfTasks
                0x0000000020001850        0x4 ./freeRtos/FreeRTOS/Source/tasks.o
 .bss.xTickCount
                0x0000000020001854        0x4 ./freeRtos/FreeRTOS/Source/tasks.o
 .bss.uxTopReadyPriority
                0x0000000020001858        0x4 ./freeRtos/FreeRTOS/Source/tasks.o
 .bss.xSchedulerRunning
                0x000000002000185c        0x4 ./freeRtos/FreeRTOS/Source/tasks.o
 .bss.xPendedTicks
                0x0000000020001860        0x4 ./freeRtos/FreeRTOS/Source/tasks.o
 .bss.xYieldPending
                0x0000000020001864        0x4 ./freeRtos/FreeRTOS/Source/tasks.o
 .bss.xNumOfOverflows
                0x0000000020001868        0x4 ./freeRtos/FreeRTOS/Source/tasks.o
 .bss.uxTaskNumber
                0x000000002000186c        0x4 ./freeRtos/FreeRTOS/Source/tasks.o
 .bss.xNextTaskUnblockTime
                0x0000000020001870        0x4 ./freeRtos/FreeRTOS/Source/tasks.o
 .bss.xIdleTaskHandle
                0x0000000020001874        0x4 ./freeRtos/FreeRTOS/Source/tasks.o
 .bss.uxSchedulerSuspended
                0x0000000020001878        0x4 ./freeRtos/FreeRTOS/Source/tasks.o
 .bss.xActiveTimerList1
                0x000000002000187c       0x14 ./freeRtos/FreeRTOS/Source/timers.o
 .bss.xActiveTimerList2
                0x0000000020001890       0x14 ./freeRtos/FreeRTOS/Source/timers.o
 .bss.pxCurrentTimerList
                0x00000000200018a4        0x4 ./freeRtos/FreeRTOS/Source/timers.o
 .bss.pxOverflowTimerList
                0x00000000200018a8        0x4 ./freeRtos/FreeRTOS/Source/timers.o
 .bss.xTimerQueue
                0x00000000200018ac        0x4 ./freeRtos/FreeRTOS/Source/timers.o
 .bss.xTimerTaskHandle
                0x00000000200018b0        0x4 ./freeRtos/FreeRTOS/Source/timers.o
 .bss.xLastTime.0
                0x00000000200018b4        0x4 ./freeRtos/FreeRTOS/Source/timers.o
 .bss.ucMaxSysCallPriority
                0x00000000200018b8        0x1 ./freeRtos/FreeRTOS/Source/portable/GCC/ARM_CM3/port.o
 *fill*         0x00000000200018b9        0x3 
 .bss.ulMaxPRIGROUPValue
                0x00000000200018bc        0x4 ./freeRtos/FreeRTOS/Source/portable/GCC/ARM_CM3/port.o
 .bss.ucHeap    0x00000000200018c0     0x2800 ./freeRtos/FreeRTOS/Source/portable/MemMang/heap_4.o
 .bss.xStart    0x00000000200040c0        0x8 ./freeRtos/FreeRTOS/Source/portable/MemMang/heap_4.o
 .bss.pxEnd     0x00000000200040c8        0x4 ./freeRtos/FreeRTOS/Source/portable/MemMang/heap_4.o
 .bss.xFreeBytesRemaining
                0x00000000200040cc        0x4 ./freeRtos/FreeRTOS/Source/portable/MemMang/heap_4.o
 .bss.xMinimumEverFreeBytesRemaining
                0x00000000200040d0        0x4 ./freeRtos/FreeRTOS/Source/portable/MemMang/heap_4.o
 .bss.xNumberOfSuccessfulAllocations
                0x00000000200040d4        0x4 ./freeRtos/FreeRTOS/Source/portable/MemMang/heap_4.o
 .bss.xNumberOfSuccessfulFrees
                0x00000000200040d8        0x4 ./freeRtos/FreeRTOS/Source/portable/MemMang/heap_4.o
 *(COMMON)
                0x00000000200040dc                . = ALIGN (0x4)
                0x00000000200040dc                _ebss = .
                0x00000000200040dc                __bss_end__ = _ebss

._user_heap_stack
                0x00000000200040dc      0x604 load address 0x0000000008005c44
                0x00000000200040e0                . = ALIGN (0x8)
 *fill*         0x00000000200040dc        0x4 
                [!provide]                        PROVIDE (end = .)
                0x00000000200040e0                PROVIDE (_end = .)
                0x00000000200042e0                . = (. + _Min_Heap_Size)
 *fill*         0x00000000200040e0      0x200 
                0x00000000200046e0                . = (. + _Min_Stack_Size)
 *fill*         0x00000000200042e0      0x400 
                0x00000000200046e0                . = ALIGN (0x8)

/DISCARD/
 libc.a(*)
 libm.a(*)
 libgcc.a(*)

.ARM.attributes
                0x0000000000000000       0x29
 *(.ARM.attributes)
 .ARM.attributes
                0x0000000000000000       0x1d C:/ST/STM32CubeIDE_1.13.1/STM32CubeIDE/plugins/com.st.stm32cube.ide.mcu.externaltools.gnu-tools-for-stm32.11.3.rel1.win32_1.1.0.202305231506/tools/bin/../lib/gcc/arm-none-eabi/11.3.1/thumb/v7-m/nofp/crti.o
 .ARM.attributes
                0x000000000000001d       0x2d C:/ST/STM32CubeIDE_1.13.1/STM32CubeIDE/plugins/com.st.stm32cube.ide.mcu.externaltools.gnu-tools-for-stm32.11.3.rel1.win32_1.1.0.202305231506/tools/bin/../lib/gcc/arm-none-eabi/11.3.1/thumb/v7-m/nofp/crtbegin.o
 .ARM.attributes
                0x000000000000004a       0x2d ./Core/Src/main.o
 .ARM.attributes
                0x0000000000000077       0x2d ./Core/Src/stm32f1xx_hal_msp.o
 .ARM.attributes
                0x00000000000000a4       0x2d ./Core/Src/stm32f1xx_hal_timebase_tim.o
 .ARM.attributes
                0x00000000000000d1       0x2d ./Core/Src/stm32f1xx_it.o
 .ARM.attributes
                0x00000000000000fe       0x2d ./Core/Src/system_stm32f1xx.o
 .ARM.attributes
                0x000000000000012b       0x21 ./Core/Startup/startup_stm32f103c8tx.o
 .ARM.attributes
                0x000000000000014c       0x2d ./Drivers/STM32F1xx_HAL_Driver/Src/stm32f1xx_hal.o
 .ARM.attributes
                0x0000000000000179       0x2d ./Drivers/STM32F1xx_HAL_Driver/Src/stm32f1xx_hal_cortex.o
 .ARM.attributes
                0x00000000000001a6       0x2d ./Drivers/STM32F1xx_HAL_Driver/Src/stm32f1xx_hal_gpio.o
 .ARM.attributes
                0x00000000000001d3       0x2d ./Drivers/STM32F1xx_HAL_Driver/Src/stm32f1xx_hal_rcc.o
 .ARM.attributes
                0x0000000000000200       0x2d ./Drivers/STM32F1xx_HAL_Driver/Src/stm32f1xx_hal_tim.o
 .ARM.attributes
                0x000000000000022d       0x2d ./Drivers/STM32F1xx_HAL_Driver/Src/stm32f1xx_hal_tim_ex.o
 .ARM.attributes
                0x000000000000025a       0x2d ./Drivers/STM32F1xx_HAL_Driver/Src/stm32f1xx_hal_usart.o
 .ARM.attributes
                0x0000000000000287       0x2d ./SEGGER/Config/SEGGER_SYSVIEW_Config_FreeRTOS.o
 .ARM.attributes
                0x00000000000002b4       0x2d ./SEGGER/OS/SEGGER_SYSVIEW_FreeRTOS.o
 .ARM.attributes
                0x00000000000002e1       0x2d ./SEGGER/SEGGER/SEGGER_RTT.o
 .ARM.attributes
                0x000000000000030e       0x1b ./SEGGER/SEGGER/SEGGER_RTT_ASM_ARMv7M.o
 .ARM.attributes
                0x0000000000000329       0x2d ./SEGGER/SEGGER/SEGGER_SYSVIEW.o
 .ARM.attributes
                0x0000000000000356       0x2d ./freeRtos/FreeRTOS/Source/list.o
 .ARM.attributes
                0x0000000000000383       0x2d ./freeRtos/FreeRTOS/Source/queue.o
 .ARM.attributes
                0x00000000000003b0       0x2d ./freeRtos/FreeRTOS/Source/tasks.o
 .ARM.attributes
                0x00000000000003dd       0x2d ./freeRtos/FreeRTOS/Source/timers.o
 .ARM.attributes
                0x000000000000040a       0x2d ./freeRtos/FreeRTOS/Source/portable/GCC/ARM_CM3/port.o
 .ARM.attributes
                0x0000000000000437       0x2d ./freeRtos/FreeRTOS/Source/portable/MemMang/heap_4.o
 .ARM.attributes
                0x0000000000000464       0x2d C:/ST/STM32CubeIDE_1.13.1/STM32CubeIDE/plugins/com.st.stm32cube.ide.mcu.externaltools.gnu-tools-for-stm32.11.3.rel1.win32_1.1.0.202305231506/tools/bin/../lib/gcc/arm-none-eabi/11.3.1/../../../../arm-none-eabi/lib/thumb/v7-m/nofp\libc_nano.a(libc_a-memcmp.o)
 .ARM.attributes
                0x0000000000000491       0x2d C:/ST/STM32CubeIDE_1.13.1/STM32CubeIDE/plugins/com.st.stm32cube.ide.mcu.externaltools.gnu-tools-for-stm32.11.3.rel1.win32_1.1.0.202305231506/tools/bin/../lib/gcc/arm-none-eabi/11.3.1/../../../../arm-none-eabi/lib/thumb/v7-m/nofp\libc_nano.a(libc_a-memset.o)
 .ARM.attributes
                0x00000000000004be       0x2d C:/ST/STM32CubeIDE_1.13.1/STM32CubeIDE/plugins/com.st.stm32cube.ide.mcu.externaltools.gnu-tools-for-stm32.11.3.rel1.win32_1.1.0.202305231506/tools/bin/../lib/gcc/arm-none-eabi/11.3.1/../../../../arm-none-eabi/lib/thumb/v7-m/nofp\libc_nano.a(libc_a-init.o)
 .ARM.attributes
                0x00000000000004eb       0x2d C:/ST/STM32CubeIDE_1.13.1/STM32CubeIDE/plugins/com.st.stm32cube.ide.mcu.externaltools.gnu-tools-for-stm32.11.3.rel1.win32_1.1.0.202305231506/tools/bin/../lib/gcc/arm-none-eabi/11.3.1/../../../../arm-none-eabi/lib/thumb/v7-m/nofp\libc_nano.a(libc_a-memcpy-stub.o)
 .ARM.attributes
                0x0000000000000518       0x1d C:/ST/STM32CubeIDE_1.13.1/STM32CubeIDE/plugins/com.st.stm32cube.ide.mcu.externaltools.gnu-tools-for-stm32.11.3.rel1.win32_1.1.0.202305231506/tools/bin/../lib/gcc/arm-none-eabi/11.3.1/thumb/v7-m/nofp/crtn.o
OUTPUT(exercise_1.elf elf32-littlearm)
LOAD linker stubs
LOAD C:/ST/STM32CubeIDE_1.13.1/STM32CubeIDE/plugins/com.st.stm32cube.ide.mcu.externaltools.gnu-tools-for-stm32.11.3.rel1.win32_1.1.0.202305231506/tools/bin/../lib/gcc/arm-none-eabi/11.3.1/../../../../arm-none-eabi/lib/thumb/v7-m/nofp\libc.a
LOAD C:/ST/STM32CubeIDE_1.13.1/STM32CubeIDE/plugins/com.st.stm32cube.ide.mcu.externaltools.gnu-tools-for-stm32.11.3.rel1.win32_1.1.0.202305231506/tools/bin/../lib/gcc/arm-none-eabi/11.3.1/../../../../arm-none-eabi/lib/thumb/v7-m/nofp\libm.a
LOAD C:/ST/STM32CubeIDE_1.13.1/STM32CubeIDE/plugins/com.st.stm32cube.ide.mcu.externaltools.gnu-tools-for-stm32.11.3.rel1.win32_1.1.0.202305231506/tools/bin/../lib/gcc/arm-none-eabi/11.3.1/thumb/v7-m/nofp\libgcc.a

.comment        0x0000000000000000       0x43
 .comment       0x0000000000000000       0x43 C:/ST/STM32CubeIDE_1.13.1/STM32CubeIDE/plugins/com.st.stm32cube.ide.mcu.externaltools.gnu-tools-for-stm32.11.3.rel1.win32_1.1.0.202305231506/tools/bin/../lib/gcc/arm-none-eabi/11.3.1/thumb/v7-m/nofp/crtbegin.o
                                         0x44 (size before relaxing)
 .comment       0x0000000000000043       0x44 ./Core/Src/main.o
 .comment       0x0000000000000043       0x44 ./Core/Src/stm32f1xx_hal_msp.o
 .comment       0x0000000000000043       0x44 ./Core/Src/stm32f1xx_hal_timebase_tim.o
 .comment       0x0000000000000043       0x44 ./Core/Src/stm32f1xx_it.o
 .comment       0x0000000000000043       0x44 ./Core/Src/system_stm32f1xx.o
 .comment       0x0000000000000043       0x44 ./Drivers/STM32F1xx_HAL_Driver/Src/stm32f1xx_hal.o
 .comment       0x0000000000000043       0x44 ./Drivers/STM32F1xx_HAL_Driver/Src/stm32f1xx_hal_cortex.o
 .comment       0x0000000000000043       0x44 ./Drivers/STM32F1xx_HAL_Driver/Src/stm32f1xx_hal_gpio.o
 .comment       0x0000000000000043       0x44 ./Drivers/STM32F1xx_HAL_Driver/Src/stm32f1xx_hal_rcc.o
 .comment       0x0000000000000043       0x44 ./Drivers/STM32F1xx_HAL_Driver/Src/stm32f1xx_hal_tim.o
 .comment       0x0000000000000043       0x44 ./Drivers/STM32F1xx_HAL_Driver/Src/stm32f1xx_hal_tim_ex.o
 .comment       0x0000000000000043       0x44 ./Drivers/STM32F1xx_HAL_Driver/Src/stm32f1xx_hal_usart.o
 .comment       0x0000000000000043       0x44 ./SEGGER/Config/SEGGER_SYSVIEW_Config_FreeRTOS.o
 .comment       0x0000000000000043       0x44 ./SEGGER/OS/SEGGER_SYSVIEW_FreeRTOS.o
 .comment       0x0000000000000043       0x44 ./SEGGER/SEGGER/SEGGER_RTT.o
 .comment       0x0000000000000043       0x44 ./SEGGER/SEGGER/SEGGER_SYSVIEW.o
 .comment       0x0000000000000043       0x44 ./freeRtos/FreeRTOS/Source/list.o
 .comment       0x0000000000000043       0x44 ./freeRtos/FreeRTOS/Source/queue.o
 .comment       0x0000000000000043       0x44 ./freeRtos/FreeRTOS/Source/tasks.o
 .comment       0x0000000000000043       0x44 ./freeRtos/FreeRTOS/Source/timers.o
 .comment       0x0000000000000043       0x44 ./freeRtos/FreeRTOS/Source/portable/GCC/ARM_CM3/port.o
 .comment       0x0000000000000043       0x44 ./freeRtos/FreeRTOS/Source/portable/MemMang/heap_4.o

.debug_info     0x0000000000000000    0x1696b
 .debug_info    0x0000000000000000      0xe62 ./Core/Src/main.o
 .debug_info    0x0000000000000e62      0x85f ./Core/Src/stm32f1xx_hal_msp.o
 .debug_info    0x00000000000016c1      0xabe ./Core/Src/stm32f1xx_hal_timebase_tim.o
 .debug_info    0x000000000000217f      0x757 ./Core/Src/stm32f1xx_it.o
 .debug_info    0x00000000000028d6      0x265 ./Core/Src/system_stm32f1xx.o
 .debug_info    0x0000000000002b3b       0x22 ./Core/Startup/startup_stm32f103c8tx.o
 .debug_info    0x0000000000002b5d      0x7f8 ./Drivers/STM32F1xx_HAL_Driver/Src/stm32f1xx_hal.o
 .debug_info    0x0000000000003355      0xbf9 ./Drivers/STM32F1xx_HAL_Driver/Src/stm32f1xx_hal_cortex.o
 .debug_info    0x0000000000003f4e      0x681 ./Drivers/STM32F1xx_HAL_Driver/Src/stm32f1xx_hal_gpio.o
 .debug_info    0x00000000000045cf      0x924 ./Drivers/STM32F1xx_HAL_Driver/Src/stm32f1xx_hal_rcc.o
 .debug_info    0x0000000000004ef3     0x2ed6 ./Drivers/STM32F1xx_HAL_Driver/Src/stm32f1xx_hal_tim.o
 .debug_info    0x0000000000007dc9     0x1763 ./Drivers/STM32F1xx_HAL_Driver/Src/stm32f1xx_hal_tim_ex.o
 .debug_info    0x000000000000952c     0x12ff ./Drivers/STM32F1xx_HAL_Driver/Src/stm32f1xx_hal_usart.o
 .debug_info    0x000000000000a82b      0x1a2 ./SEGGER/Config/SEGGER_SYSVIEW_Config_FreeRTOS.o
 .debug_info    0x000000000000a9cd      0x488 ./SEGGER/OS/SEGGER_SYSVIEW_FreeRTOS.o
 .debug_info    0x000000000000ae55     0x16e1 ./SEGGER/SEGGER/SEGGER_RTT.o
 .debug_info    0x000000000000c536       0x26 ./SEGGER/SEGGER/SEGGER_RTT_ASM_ARMv7M.o
 .debug_info    0x000000000000c55c     0x4170 ./SEGGER/SEGGER/SEGGER_SYSVIEW.o
 .debug_info    0x00000000000106cc      0x304 ./freeRtos/FreeRTOS/Source/list.o
 .debug_info    0x00000000000109d0     0x1b42 ./freeRtos/FreeRTOS/Source/queue.o
 .debug_info    0x0000000000012512     0x298c ./freeRtos/FreeRTOS/Source/tasks.o
 .debug_info    0x0000000000014e9e      0xf94 ./freeRtos/FreeRTOS/Source/timers.o
 .debug_info    0x0000000000015e32      0x592 ./freeRtos/FreeRTOS/Source/portable/GCC/ARM_CM3/port.o
 .debug_info    0x00000000000163c4      0x5a7 ./freeRtos/FreeRTOS/Source/portable/MemMang/heap_4.o

.debug_abbrev   0x0000000000000000     0x302d
 .debug_abbrev  0x0000000000000000      0x272 ./Core/Src/main.o
 .debug_abbrev  0x0000000000000272      0x19e ./Core/Src/stm32f1xx_hal_msp.o
 .debug_abbrev  0x0000000000000410      0x1e8 ./Core/Src/stm32f1xx_hal_timebase_tim.o
 .debug_abbrev  0x00000000000005f8      0x173 ./Core/Src/stm32f1xx_it.o
 .debug_abbrev  0x000000000000076b      0x13d ./Core/Src/system_stm32f1xx.o
 .debug_abbrev  0x00000000000008a8       0x12 ./Core/Startup/startup_stm32f103c8tx.o
 .debug_abbrev  0x00000000000008ba      0x1fd ./Drivers/STM32F1xx_HAL_Driver/Src/stm32f1xx_hal.o
 .debug_abbrev  0x0000000000000ab7      0x2cd ./Drivers/STM32F1xx_HAL_Driver/Src/stm32f1xx_hal_cortex.o
 .debug_abbrev  0x0000000000000d84      0x1bd ./Drivers/STM32F1xx_HAL_Driver/Src/stm32f1xx_hal_gpio.o
 .debug_abbrev  0x0000000000000f41      0x2aa ./Drivers/STM32F1xx_HAL_Driver/Src/stm32f1xx_hal_rcc.o
 .debug_abbrev  0x00000000000011eb      0x266 ./Drivers/STM32F1xx_HAL_Driver/Src/stm32f1xx_hal_tim.o
 .debug_abbrev  0x0000000000001451      0x26e ./Drivers/STM32F1xx_HAL_Driver/Src/stm32f1xx_hal_tim_ex.o
 .debug_abbrev  0x00000000000016bf      0x266 ./Drivers/STM32F1xx_HAL_Driver/Src/stm32f1xx_hal_usart.o
 .debug_abbrev  0x0000000000001925       0xf4 ./SEGGER/Config/SEGGER_SYSVIEW_Config_FreeRTOS.o
 .debug_abbrev  0x0000000000001a19      0x18b ./SEGGER/OS/SEGGER_SYSVIEW_FreeRTOS.o
 .debug_abbrev  0x0000000000001ba4      0x218 ./SEGGER/SEGGER/SEGGER_RTT.o
 .debug_abbrev  0x0000000000001dbc       0x14 ./SEGGER/SEGGER/SEGGER_RTT_ASM_ARMv7M.o
 .debug_abbrev  0x0000000000001dd0      0x30e ./SEGGER/SEGGER/SEGGER_SYSVIEW.o
 .debug_abbrev  0x00000000000020de       0xf4 ./freeRtos/FreeRTOS/Source/list.o
 .debug_abbrev  0x00000000000021d2      0x314 ./freeRtos/FreeRTOS/Source/queue.o
 .debug_abbrev  0x00000000000024e6      0x3bd ./freeRtos/FreeRTOS/Source/tasks.o
 .debug_abbrev  0x00000000000028a3      0x2c7 ./freeRtos/FreeRTOS/Source/timers.o
 .debug_abbrev  0x0000000000002b6a      0x273 ./freeRtos/FreeRTOS/Source/portable/GCC/ARM_CM3/port.o
 .debug_abbrev  0x0000000000002ddd      0x250 ./freeRtos/FreeRTOS/Source/portable/MemMang/heap_4.o

.debug_loc      0x0000000000000000     0xba5a
 .debug_loc     0x0000000000000000      0x1fe ./Core/Src/main.o
 .debug_loc     0x00000000000001fe       0xf0 ./Core/Src/stm32f1xx_hal_msp.o
 .debug_loc     0x00000000000002ee       0xda ./Core/Src/stm32f1xx_hal_timebase_tim.o
 .debug_loc     0x00000000000003c8      0x14c ./Core/Src/stm32f1xx_it.o
 .debug_loc     0x0000000000000514       0xa0 ./Core/Src/system_stm32f1xx.o
 .debug_loc     0x00000000000005b4      0x698 ./Drivers/STM32F1xx_HAL_Driver/Src/stm32f1xx_hal.o
 .debug_loc     0x0000000000000c4c      0x8f8 ./Drivers/STM32F1xx_HAL_Driver/Src/stm32f1xx_hal_cortex.o
 .debug_loc     0x0000000000001544      0x2d4 ./Drivers/STM32F1xx_HAL_Driver/Src/stm32f1xx_hal_gpio.o
 .debug_loc     0x0000000000001818      0x444 ./Drivers/STM32F1xx_HAL_Driver/Src/stm32f1xx_hal_rcc.o
 .debug_loc     0x0000000000001c5c     0x27a0 ./Drivers/STM32F1xx_HAL_Driver/Src/stm32f1xx_hal_tim.o
 .debug_loc     0x00000000000043fc      0xdc8 ./Drivers/STM32F1xx_HAL_Driver/Src/stm32f1xx_hal_tim_ex.o
 .debug_loc     0x00000000000051c4      0xea4 ./Drivers/STM32F1xx_HAL_Driver/Src/stm32f1xx_hal_usart.o
 .debug_loc     0x0000000000006068       0x58 ./SEGGER/Config/SEGGER_SYSVIEW_Config_FreeRTOS.o
 .debug_loc     0x00000000000060c0      0x1e0 ./SEGGER/OS/SEGGER_SYSVIEW_FreeRTOS.o
 .debug_loc     0x00000000000062a0      0xb58 ./SEGGER/SEGGER/SEGGER_RTT.o
 .debug_loc     0x0000000000006df8     0x1d24 ./SEGGER/SEGGER/SEGGER_SYSVIEW.o
 .debug_loc     0x0000000000008b1c      0x1cc ./freeRtos/FreeRTOS/Source/list.o
 .debug_loc     0x0000000000008ce8      0xb6c ./freeRtos/FreeRTOS/Source/queue.o
 .debug_loc     0x0000000000009854     0x13a2 ./freeRtos/FreeRTOS/Source/tasks.o
 .debug_loc     0x000000000000abf6      0x838 ./freeRtos/FreeRTOS/Source/timers.o
 .debug_loc     0x000000000000b42e      0x368 ./freeRtos/FreeRTOS/Source/portable/GCC/ARM_CM3/port.o
 .debug_loc     0x000000000000b796      0x2c4 ./freeRtos/FreeRTOS/Source/portable/MemMang/heap_4.o

.debug_aranges  0x0000000000000000     0x14b8
 .debug_aranges
                0x0000000000000000       0x58 ./Core/Src/main.o
 .debug_aranges
                0x0000000000000058       0x30 ./Core/Src/stm32f1xx_hal_msp.o
 .debug_aranges
                0x0000000000000088       0x30 ./Core/Src/stm32f1xx_hal_timebase_tim.o
 .debug_aranges
                0x00000000000000b8       0x50 ./Core/Src/stm32f1xx_it.o
 .debug_aranges
                0x0000000000000108       0x28 ./Core/Src/system_stm32f1xx.o
 .debug_aranges
                0x0000000000000130       0x28 ./Core/Startup/startup_stm32f103c8tx.o
 .debug_aranges
                0x0000000000000158       0xe0 ./Drivers/STM32F1xx_HAL_Driver/Src/stm32f1xx_hal.o
 .debug_aranges
                0x0000000000000238      0x100 ./Drivers/STM32F1xx_HAL_Driver/Src/stm32f1xx_hal_cortex.o
 .debug_aranges
                0x0000000000000338       0x58 ./Drivers/STM32F1xx_HAL_Driver/Src/stm32f1xx_hal_gpio.o
 .debug_aranges
                0x0000000000000390       0x90 ./Drivers/STM32F1xx_HAL_Driver/Src/stm32f1xx_hal_rcc.o
 .debug_aranges
                0x0000000000000420      0x3d0 ./Drivers/STM32F1xx_HAL_Driver/Src/stm32f1xx_hal_tim.o
 .debug_aranges
                0x00000000000007f0      0x168 ./Drivers/STM32F1xx_HAL_Driver/Src/stm32f1xx_hal_tim_ex.o
 .debug_aranges
                0x0000000000000958      0x178 ./Drivers/STM32F1xx_HAL_Driver/Src/stm32f1xx_hal_usart.o
 .debug_aranges
                0x0000000000000ad0       0x28 ./SEGGER/Config/SEGGER_SYSVIEW_Config_FreeRTOS.o
 .debug_aranges
                0x0000000000000af8       0x48 ./SEGGER/OS/SEGGER_SYSVIEW_FreeRTOS.o
 .debug_aranges
                0x0000000000000b40      0x138 ./SEGGER/SEGGER/SEGGER_RTT.o
 .debug_aranges
                0x0000000000000c78       0x20 ./SEGGER/SEGGER/SEGGER_RTT_ASM_ARMv7M.o
 .debug_aranges
                0x0000000000000c98      0x2e0 ./SEGGER/SEGGER/SEGGER_SYSVIEW.o
 .debug_aranges
                0x0000000000000f78       0x40 ./freeRtos/FreeRTOS/Source/list.o
 .debug_aranges
                0x0000000000000fb8      0x130 ./freeRtos/FreeRTOS/Source/queue.o
 .debug_aranges
                0x00000000000010e8      0x208 ./freeRtos/FreeRTOS/Source/tasks.o
 .debug_aranges
                0x00000000000012f0       0xe8 ./freeRtos/FreeRTOS/Source/timers.o
 .debug_aranges
                0x00000000000013d8       0x80 ./freeRtos/FreeRTOS/Source/portable/GCC/ARM_CM3/port.o
 .debug_aranges
                0x0000000000001458       0x60 ./freeRtos/FreeRTOS/Source/portable/MemMang/heap_4.o

.debug_ranges   0x0000000000000000     0x1330
 .debug_ranges  0x0000000000000000       0x48 ./Core/Src/main.o
 .debug_ranges  0x0000000000000048       0x20 ./Core/Src/stm32f1xx_hal_msp.o
 .debug_ranges  0x0000000000000068       0x20 ./Core/Src/stm32f1xx_hal_timebase_tim.o
 .debug_ranges  0x0000000000000088       0x40 ./Core/Src/stm32f1xx_it.o
 .debug_ranges  0x00000000000000c8       0x18 ./Core/Src/system_stm32f1xx.o
 .debug_ranges  0x00000000000000e0       0x20 ./Core/Startup/startup_stm32f103c8tx.o
 .debug_ranges  0x0000000000000100       0xd0 ./Drivers/STM32F1xx_HAL_Driver/Src/stm32f1xx_hal.o
 .debug_ranges  0x00000000000001d0       0xf0 ./Drivers/STM32F1xx_HAL_Driver/Src/stm32f1xx_hal_cortex.o
 .debug_ranges  0x00000000000002c0       0x48 ./Drivers/STM32F1xx_HAL_Driver/Src/stm32f1xx_hal_gpio.o
 .debug_ranges  0x0000000000000308       0x80 ./Drivers/STM32F1xx_HAL_Driver/Src/stm32f1xx_hal_rcc.o
 .debug_ranges  0x0000000000000388      0x3c0 ./Drivers/STM32F1xx_HAL_Driver/Src/stm32f1xx_hal_tim.o
 .debug_ranges  0x0000000000000748      0x158 ./Drivers/STM32F1xx_HAL_Driver/Src/stm32f1xx_hal_tim_ex.o
 .debug_ranges  0x00000000000008a0      0x168 ./Drivers/STM32F1xx_HAL_Driver/Src/stm32f1xx_hal_usart.o
 .debug_ranges  0x0000000000000a08       0x18 ./SEGGER/Config/SEGGER_SYSVIEW_Config_FreeRTOS.o
 .debug_ranges  0x0000000000000a20       0x38 ./SEGGER/OS/SEGGER_SYSVIEW_FreeRTOS.o
 .debug_ranges  0x0000000000000a58      0x128 ./SEGGER/SEGGER/SEGGER_RTT.o
 .debug_ranges  0x0000000000000b80      0x2d0 ./SEGGER/SEGGER/SEGGER_SYSVIEW.o
 .debug_ranges  0x0000000000000e50       0x30 ./freeRtos/FreeRTOS/Source/list.o
 .debug_ranges  0x0000000000000e80      0x120 ./freeRtos/FreeRTOS/Source/queue.o
 .debug_ranges  0x0000000000000fa0      0x1f8 ./freeRtos/FreeRTOS/Source/tasks.o
 .debug_ranges  0x0000000000001198       0xd8 ./freeRtos/FreeRTOS/Source/timers.o
 .debug_ranges  0x0000000000001270       0x70 ./freeRtos/FreeRTOS/Source/portable/GCC/ARM_CM3/port.o
 .debug_ranges  0x00000000000012e0       0x50 ./freeRtos/FreeRTOS/Source/portable/MemMang/heap_4.o

.debug_macro    0x0000000000000000    0x19cda
 .debug_macro   0x0000000000000000      0x281 ./Core/Src/main.o
 .debug_macro   0x0000000000000281      0xa9c ./Core/Src/main.o
 .debug_macro   0x0000000000000d1d      0x21b ./Core/Src/main.o
 .debug_macro   0x0000000000000f38       0x2e ./Core/Src/main.o
 .debug_macro   0x0000000000000f66       0x22 ./Core/Src/main.o
 .debug_macro   0x0000000000000f88       0x22 ./Core/Src/main.o
 .debug_macro   0x0000000000000faa       0x8e ./Core/Src/main.o
 .debug_macro   0x0000000000001038       0x51 ./Core/Src/main.o
 .debug_macro   0x0000000000001089      0x103 ./Core/Src/main.o
 .debug_macro   0x000000000000118c       0x6a ./Core/Src/main.o
 .debug_macro   0x00000000000011f6      0x1df ./Core/Src/main.o
 .debug_macro   0x00000000000013d5       0x1c ./Core/Src/main.o
 .debug_macro   0x00000000000013f1       0x22 ./Core/Src/main.o
 .debug_macro   0x0000000000001413       0xbd ./Core/Src/main.o
 .debug_macro   0x00000000000014d0      0xd23 ./Core/Src/main.o
 .debug_macro   0x00000000000021f3     0xe09e ./Core/Src/main.o
 .debug_macro   0x0000000000010291       0x6d ./Core/Src/main.o
 .debug_macro   0x00000000000102fe     0x348d ./Core/Src/main.o
 .debug_macro   0x000000000001378b      0x174 ./Core/Src/main.o
 .debug_macro   0x00000000000138ff       0x5c ./Core/Src/main.o
 .debug_macro   0x000000000001395b      0x5bc ./Core/Src/main.o
 .debug_macro   0x0000000000013f17      0x289 ./Core/Src/main.o
 .debug_macro   0x00000000000141a0      0x1cb ./Core/Src/main.o
 .debug_macro   0x000000000001436b      0x114 ./Core/Src/main.o
 .debug_macro   0x000000000001447f      0x1b2 ./Core/Src/main.o
 .debug_macro   0x0000000000014631       0x27 ./Core/Src/main.o
 .debug_macro   0x0000000000014658      0x136 ./Core/Src/main.o
 .debug_macro   0x000000000001478e      0x1bc ./Core/Src/main.o
 .debug_macro   0x000000000001494a       0x34 ./Core/Src/main.o
 .debug_macro   0x000000000001497e       0x3c ./Core/Src/main.o
 .debug_macro   0x00000000000149ba       0x57 ./Core/Src/main.o
 .debug_macro   0x0000000000014a11       0x87 ./Core/Src/main.o
 .debug_macro   0x0000000000014a98      0x240 ./Core/Src/main.o
 .debug_macro   0x0000000000014cd8      0x140 ./Core/Src/main.o
 .debug_macro   0x0000000000014e18      0x8ed ./Core/Src/main.o
 .debug_macro   0x0000000000015705      0x217 ./Core/Src/main.o
 .debug_macro   0x000000000001591c       0x83 ./Core/Src/main.o
 .debug_macro   0x000000000001599f      0x106 ./Core/Src/main.o
 .debug_macro   0x0000000000015aa5       0x58 ./Core/Src/main.o
 .debug_macro   0x0000000000015afd       0x46 ./Core/Src/main.o
 .debug_macro   0x0000000000015b43       0x64 ./Core/Src/main.o
 .debug_macro   0x0000000000015ba7       0x49 ./Core/Src/main.o
 .debug_macro   0x0000000000015bf0       0xd1 ./Core/Src/main.o
 .debug_macro   0x0000000000015cc1      0x220 ./Core/Src/main.o
 .debug_macro   0x0000000000015ee1      0x451 ./Core/Src/main.o
 .debug_macro   0x0000000000016332      0x15a ./Core/Src/main.o
 .debug_macro   0x000000000001648c       0xea ./Core/Src/main.o
 .debug_macro   0x0000000000016576       0x28 ./Core/Src/main.o
 .debug_macro   0x000000000001659e       0x1f ./Core/Src/main.o
 .debug_macro   0x00000000000165bd       0x12 ./Core/Src/main.o
 .debug_macro   0x00000000000165cf      0x400 ./Core/Src/main.o
 .debug_macro   0x00000000000169cf       0xc3 ./Core/Src/main.o
 .debug_macro   0x0000000000016a92      0x120 ./Core/Src/main.o
 .debug_macro   0x0000000000016bb2      0x263 ./Core/Src/stm32f1xx_hal_msp.o
 .debug_macro   0x0000000000016e15      0x1a3 ./Core/Src/stm32f1xx_hal_timebase_tim.o
 .debug_macro   0x0000000000016fb8      0x1b7 ./Core/Src/stm32f1xx_it.o
 .debug_macro   0x000000000001716f      0x1a3 ./Core/Src/system_stm32f1xx.o
 .debug_macro   0x0000000000017312      0x1c7 ./Drivers/STM32F1xx_HAL_Driver/Src/stm32f1xx_hal.o
 .debug_macro   0x00000000000174d9      0x1a3 ./Drivers/STM32F1xx_HAL_Driver/Src/stm32f1xx_hal_cortex.o
 .debug_macro   0x000000000001767c      0x20e ./Drivers/STM32F1xx_HAL_Driver/Src/stm32f1xx_hal_gpio.o
 .debug_macro   0x000000000001788a      0x1b5 ./Drivers/STM32F1xx_HAL_Driver/Src/stm32f1xx_hal_rcc.o
 .debug_macro   0x0000000000017a3f      0x1a4 ./Drivers/STM32F1xx_HAL_Driver/Src/stm32f1xx_hal_tim.o
 .debug_macro   0x0000000000017be3      0x1a3 ./Drivers/STM32F1xx_HAL_Driver/Src/stm32f1xx_hal_tim_ex.o
 .debug_macro   0x0000000000017d86      0x1b2 ./Drivers/STM32F1xx_HAL_Driver/Src/stm32f1xx_hal_usart.o
 .debug_macro   0x0000000000017f38      0x140 ./SEGGER/Config/SEGGER_SYSVIEW_Config_FreeRTOS.o
 .debug_macro   0x0000000000018078      0x106 ./SEGGER/Config/SEGGER_SYSVIEW_Config_FreeRTOS.o
 .debug_macro   0x000000000001817e      0x20c ./SEGGER/OS/SEGGER_SYSVIEW_FreeRTOS.o
 .debug_macro   0x000000000001838a       0x61 ./SEGGER/OS/SEGGER_SYSVIEW_FreeRTOS.o
 .debug_macro   0x00000000000183eb       0x10 ./SEGGER/OS/SEGGER_SYSVIEW_FreeRTOS.o
 .debug_macro   0x00000000000183fb       0x20 ./SEGGER/OS/SEGGER_SYSVIEW_FreeRTOS.o
 .debug_macro   0x000000000001841b      0x1e9 ./SEGGER/SEGGER/SEGGER_RTT.o
 .debug_macro   0x0000000000018604       0x35 ./SEGGER/SEGGER/SEGGER_RTT.o
 .debug_macro   0x0000000000018639      0x10e ./SEGGER/SEGGER/SEGGER_RTT.o
 .debug_macro   0x0000000000018747       0x8d ./SEGGER/SEGGER/SEGGER_RTT.o
 .debug_macro   0x00000000000187d4      0x138 ./SEGGER/SEGGER/SEGGER_RTT.o
 .debug_macro   0x000000000001890c       0x16 ./SEGGER/SEGGER/SEGGER_RTT.o
 .debug_macro   0x0000000000018922      0x25c ./SEGGER/SEGGER/SEGGER_SYSVIEW.o
 .debug_macro   0x0000000000018b7e      0x220 ./SEGGER/SEGGER/SEGGER_SYSVIEW.o
 .debug_macro   0x0000000000018d9e      0x1f9 ./freeRtos/FreeRTOS/Source/list.o
 .debug_macro   0x0000000000018f97      0x290 ./freeRtos/FreeRTOS/Source/queue.o
 .debug_macro   0x0000000000019227       0x80 ./freeRtos/FreeRTOS/Source/queue.o
 .debug_macro   0x00000000000192a7      0x2df ./freeRtos/FreeRTOS/Source/tasks.o
 .debug_macro   0x0000000000019586       0x17 ./freeRtos/FreeRTOS/Source/tasks.o
 .debug_macro   0x000000000001959d      0x248 ./freeRtos/FreeRTOS/Source/timers.o
 .debug_macro   0x00000000000197e5       0x97 ./freeRtos/FreeRTOS/Source/timers.o
 .debug_macro   0x000000000001987c      0x1e4 ./freeRtos/FreeRTOS/Source/portable/GCC/ARM_CM3/port.o
 .debug_macro   0x0000000000019a60      0x27a ./freeRtos/FreeRTOS/Source/portable/MemMang/heap_4.o

.debug_line     0x0000000000000000    0x1737e
 .debug_line    0x0000000000000000      0xbcd ./Core/Src/main.o
 .debug_line    0x0000000000000bcd      0xad9 ./Core/Src/stm32f1xx_hal_msp.o
 .debug_line    0x00000000000016a6      0x77a ./Core/Src/stm32f1xx_hal_timebase_tim.o
 .debug_line    0x0000000000001e20      0x79a ./Core/Src/stm32f1xx_it.o
 .debug_line    0x00000000000025ba      0x77c ./Core/Src/system_stm32f1xx.o
 .debug_line    0x0000000000002d36       0x86 ./Core/Startup/startup_stm32f103c8tx.o
 .debug_line    0x0000000000002dbc      0x9a9 ./Drivers/STM32F1xx_HAL_Driver/Src/stm32f1xx_hal.o
 .debug_line    0x0000000000003765      0xb91 ./Drivers/STM32F1xx_HAL_Driver/Src/stm32f1xx_hal_cortex.o
 .debug_line    0x00000000000042f6      0xa42 ./Drivers/STM32F1xx_HAL_Driver/Src/stm32f1xx_hal_gpio.o
 .debug_line    0x0000000000004d38      0xdb2 ./Drivers/STM32F1xx_HAL_Driver/Src/stm32f1xx_hal_rcc.o
 .debug_line    0x0000000000005aea     0x3495 ./Drivers/STM32F1xx_HAL_Driver/Src/stm32f1xx_hal_tim.o
 .debug_line    0x0000000000008f7f     0x1908 ./Drivers/STM32F1xx_HAL_Driver/Src/stm32f1xx_hal_tim_ex.o
 .debug_line    0x000000000000a887     0x18ac ./Drivers/STM32F1xx_HAL_Driver/Src/stm32f1xx_hal_usart.o
 .debug_line    0x000000000000c133      0x840 ./SEGGER/Config/SEGGER_SYSVIEW_Config_FreeRTOS.o
 .debug_line    0x000000000000c973      0xb3c ./SEGGER/OS/SEGGER_SYSVIEW_FreeRTOS.o
 .debug_line    0x000000000000d4af      0xf47 ./SEGGER/SEGGER/SEGGER_RTT.o
 .debug_line    0x000000000000e3f6       0x93 ./SEGGER/SEGGER/SEGGER_RTT_ASM_ARMv7M.o
 .debug_line    0x000000000000e489     0x2432 ./SEGGER/SEGGER/SEGGER_SYSVIEW.o
 .debug_line    0x00000000000108bb      0xa0f ./freeRtos/FreeRTOS/Source/list.o
 .debug_line    0x00000000000112ca     0x1929 ./freeRtos/FreeRTOS/Source/queue.o
 .debug_line    0x0000000000012bf3     0x20cf ./freeRtos/FreeRTOS/Source/tasks.o
 .debug_line    0x0000000000014cc2      0xf2f ./freeRtos/FreeRTOS/Source/timers.o
 .debug_line    0x0000000000015bf1      0xafd ./freeRtos/FreeRTOS/Source/portable/GCC/ARM_CM3/port.o
 .debug_line    0x00000000000166ee      0xc90 ./freeRtos/FreeRTOS/Source/portable/MemMang/heap_4.o

.debug_str      0x0000000000000000    0x985e9
 .debug_str     0x0000000000000000    0x8c4e6 ./Core/Src/main.o
                                      0x8c940 (size before relaxing)
 .debug_str     0x000000000008c4e6       0xce ./Core/Src/stm32f1xx_hal_msp.o
                                      0x8a69e (size before relaxing)
 .debug_str     0x000000000008c5b4      0x39d ./Core/Src/stm32f1xx_hal_timebase_tim.o
                                      0x838f7 (size before relaxing)
 .debug_str     0x000000000008c951       0xb5 ./Core/Src/stm32f1xx_it.o
                                      0x834d3 (size before relaxing)
 .debug_str     0x000000000008ca06       0x7e ./Core/Src/system_stm32f1xx.o
                                      0x8302f (size before relaxing)
 .debug_str     0x000000000008ca84       0x34 ./Core/Startup/startup_stm32f103c8tx.o
                                         0x82 (size before relaxing)
 .debug_str     0x000000000008cab8      0x34a ./Drivers/STM32F1xx_HAL_Driver/Src/stm32f1xx_hal.o
                                      0x83762 (size before relaxing)
 .debug_str     0x000000000008ce02      0x2b2 ./Drivers/STM32F1xx_HAL_Driver/Src/stm32f1xx_hal_cortex.o
                                      0x836ae (size before relaxing)
 .debug_str     0x000000000008d0b4      0x346 ./Drivers/STM32F1xx_HAL_Driver/Src/stm32f1xx_hal_gpio.o
                                      0x833b5 (size before relaxing)
 .debug_str     0x000000000008d3fa      0x1f3 ./Drivers/STM32F1xx_HAL_Driver/Src/stm32f1xx_hal_rcc.o
                                      0x8345e (size before relaxing)
 .debug_str     0x000000000008d5ed      0xe69 ./Drivers/STM32F1xx_HAL_Driver/Src/stm32f1xx_hal_tim.o
                                      0x84450 (size before relaxing)
 .debug_str     0x000000000008e456      0x503 ./Drivers/STM32F1xx_HAL_Driver/Src/stm32f1xx_hal_tim_ex.o
                                      0x83c6c (size before relaxing)
 .debug_str     0x000000000008e959      0x47c ./Drivers/STM32F1xx_HAL_Driver/Src/stm32f1xx_hal_usart.o
                                      0x838df (size before relaxing)
 .debug_str     0x000000000008edd5      0x1c1 ./SEGGER/Config/SEGGER_SYSVIEW_Config_FreeRTOS.o
                                       0xb402 (size before relaxing)
 .debug_str     0x000000000008ef96     0x3295 ./SEGGER/OS/SEGGER_SYSVIEW_FreeRTOS.o
                                      0x102d2 (size before relaxing)
 .debug_str     0x000000000009222b     0x112f ./SEGGER/SEGGER/SEGGER_RTT.o
                                       0x8698 (size before relaxing)
 .debug_str     0x000000000009335a       0x29 ./SEGGER/SEGGER/SEGGER_RTT_ASM_ARMv7M.o
                                         0x83 (size before relaxing)
 .debug_str     0x0000000000093383     0x1081 ./SEGGER/SEGGER/SEGGER_SYSVIEW.o
                                       0xa902 (size before relaxing)
 .debug_str     0x0000000000094404      0x176 ./freeRtos/FreeRTOS/Source/list.o
                                       0xf08d (size before relaxing)
 .debug_str     0x000000000009457a     0x13d2 ./freeRtos/FreeRTOS/Source/queue.o
                                      0x117f8 (size before relaxing)
 .debug_str     0x000000000009594c     0x1ab1 ./freeRtos/FreeRTOS/Source/tasks.o
                                      0x1232d (size before relaxing)
 .debug_str     0x00000000000973fd      0x549 ./freeRtos/FreeRTOS/Source/timers.o
                                      0x1190c (size before relaxing)
 .debug_str     0x0000000000097946      0x6c7 ./freeRtos/FreeRTOS/Source/portable/GCC/ARM_CM3/port.o
                                       0xd84c (size before relaxing)
 .debug_str     0x000000000009800d      0x5dc ./freeRtos/FreeRTOS/Source/portable/MemMang/heap_4.o
                                      0x108b7 (size before relaxing)

.debug_frame    0x0000000000000000     0x56f4
 .debug_frame   0x0000000000000000      0x114 ./Core/Src/main.o
 .debug_frame   0x0000000000000114       0x7c ./Core/Src/stm32f1xx_hal_msp.o
 .debug_frame   0x0000000000000190       0x74 ./Core/Src/stm32f1xx_hal_timebase_tim.o
 .debug_frame   0x0000000000000204       0xc4 ./Core/Src/stm32f1xx_it.o
 .debug_frame   0x00000000000002c8       0x58 ./Core/Src/system_stm32f1xx.o
 .debug_frame   0x0000000000000320      0x334 ./Drivers/STM32F1xx_HAL_Driver/Src/stm32f1xx_hal.o
 .debug_frame   0x0000000000000654      0x428 ./Drivers/STM32F1xx_HAL_Driver/Src/stm32f1xx_hal_cortex.o
 .debug_frame   0x0000000000000a7c      0x14c ./Drivers/STM32F1xx_HAL_Driver/Src/stm32f1xx_hal_gpio.o
 .debug_frame   0x0000000000000bc8      0x218 ./Drivers/STM32F1xx_HAL_Driver/Src/stm32f1xx_hal_rcc.o
 .debug_frame   0x0000000000000de0     0x11bc ./Drivers/STM32F1xx_HAL_Driver/Src/stm32f1xx_hal_tim.o
 .debug_frame   0x0000000000001f9c      0x638 ./Drivers/STM32F1xx_HAL_Driver/Src/stm32f1xx_hal_tim_ex.o
 .debug_frame   0x00000000000025d4      0x69c ./Drivers/STM32F1xx_HAL_Driver/Src/stm32f1xx_hal_usart.o
 .debug_frame   0x0000000000002c70       0x48 ./SEGGER/Config/SEGGER_SYSVIEW_Config_FreeRTOS.o
 .debug_frame   0x0000000000002cb8      0x104 ./SEGGER/OS/SEGGER_SYSVIEW_FreeRTOS.o
 .debug_frame   0x0000000000002dbc      0x52c ./SEGGER/SEGGER/SEGGER_RTT.o
 .debug_frame   0x00000000000032e8      0xd78 ./SEGGER/SEGGER/SEGGER_SYSVIEW.o
 .debug_frame   0x0000000000004060       0xd8 ./freeRtos/FreeRTOS/Source/list.o
 .debug_frame   0x0000000000004138      0x544 ./freeRtos/FreeRTOS/Source/queue.o
 .debug_frame   0x000000000000467c      0x904 ./freeRtos/FreeRTOS/Source/tasks.o
 .debug_frame   0x0000000000004f80      0x3c8 ./freeRtos/FreeRTOS/Source/timers.o
 .debug_frame   0x0000000000005348      0x1c0 ./freeRtos/FreeRTOS/Source/portable/GCC/ARM_CM3/port.o
 .debug_frame   0x0000000000005508      0x150 ./freeRtos/FreeRTOS/Source/portable/MemMang/heap_4.o
 .debug_frame   0x0000000000005658       0x28 C:/ST/STM32CubeIDE_1.13.1/STM32CubeIDE/plugins/com.st.stm32cube.ide.mcu.externaltools.gnu-tools-for-stm32.11.3.rel1.win32_1.1.0.202305231506/tools/bin/../lib/gcc/arm-none-eabi/11.3.1/../../../../arm-none-eabi/lib/thumb/v7-m/nofp\libc_nano.a(libc_a-memcmp.o)
 .debug_frame   0x0000000000005680       0x20 C:/ST/STM32CubeIDE_1.13.1/STM32CubeIDE/plugins/com.st.stm32cube.ide.mcu.externaltools.gnu-tools-for-stm32.11.3.rel1.win32_1.1.0.202305231506/tools/bin/../lib/gcc/arm-none-eabi/11.3.1/../../../../arm-none-eabi/lib/thumb/v7-m/nofp\libc_nano.a(libc_a-memset.o)
 .debug_frame   0x00000000000056a0       0x2c C:/ST/STM32CubeIDE_1.13.1/STM32CubeIDE/plugins/com.st.stm32cube.ide.mcu.externaltools.gnu-tools-for-stm32.11.3.rel1.win32_1.1.0.202305231506/tools/bin/../lib/gcc/arm-none-eabi/11.3.1/../../../../arm-none-eabi/lib/thumb/v7-m/nofp\libc_nano.a(libc_a-init.o)
 .debug_frame   0x00000000000056cc       0x28 C:/ST/STM32CubeIDE_1.13.1/STM32CubeIDE/plugins/com.st.stm32cube.ide.mcu.externaltools.gnu-tools-for-stm32.11.3.rel1.win32_1.1.0.202305231506/tools/bin/../lib/gcc/arm-none-eabi/11.3.1/../../../../arm-none-eabi/lib/thumb/v7-m/nofp\libc_nano.a(libc_a-memcpy-stub.o)
